<?xml version="1.0"?>
<link_info>
   <banner>MSP430 Linker PC v16.9.6.LTS</banner>
   <copyright>Copyright (c) 2003-2017 Texas Instruments Incorporated</copyright>
   <link_time>0x5acfa192</link_time>
   <link_errors>0x0</link_errors>
   <output_file>uart-v6.out</output_file>
   <entry_point>
      <name>_c_int00_noargs_noexit</name>
      <address>0xede6</address>
   </entry_point>
   <input_file_list>
      <input_file id="fl-2">
         <path>.\</path>
         <kind>object</kind>
         <file>functions.obj</file>
         <name>functions.obj</name>
      </input_file>
      <input_file id="fl-3">
         <path>.\</path>
         <kind>object</kind>
         <file>main.obj</file>
         <name>main.obj</name>
      </input_file>
      <input_file id="fl-8">
         <kind>object</kind>
         <file>&lt;internal&gt;</file>
         <name>&lt;internal&gt;</name>
      </input_file>
      <input_file id="fl-1e">
         <path>D:\TI\ccsv7\tools\compiler\ti-cgt-msp430_16.9.6.LTS\lib\</path>
         <kind>archive</kind>
         <file>rts430_eabi.lib</file>
         <name>addd.obj</name>
      </input_file>
      <input_file id="fl-1f">
         <path>D:\TI\ccsv7\tools\compiler\ti-cgt-msp430_16.9.6.LTS\lib\</path>
         <kind>archive</kind>
         <file>rts430_eabi.lib</file>
         <name>asr16.obj</name>
      </input_file>
      <input_file id="fl-20">
         <path>D:\TI\ccsv7\tools\compiler\ti-cgt-msp430_16.9.6.LTS\lib\</path>
         <kind>archive</kind>
         <file>rts430_eabi.lib</file>
         <name>boot.obj</name>
      </input_file>
      <input_file id="fl-21">
         <path>D:\TI\ccsv7\tools\compiler\ti-cgt-msp430_16.9.6.LTS\lib\</path>
         <kind>archive</kind>
         <file>rts430_eabi.lib</file>
         <name>boot_special.obj</name>
      </input_file>
      <input_file id="fl-22">
         <path>D:\TI\ccsv7\tools\compiler\ti-cgt-msp430_16.9.6.LTS\lib\</path>
         <kind>archive</kind>
         <file>rts430_eabi.lib</file>
         <name>copy_decompress_lzss.obj</name>
      </input_file>
      <input_file id="fl-23">
         <path>D:\TI\ccsv7\tools\compiler\ti-cgt-msp430_16.9.6.LTS\lib\</path>
         <kind>archive</kind>
         <file>rts430_eabi.lib</file>
         <name>copy_decompress_none.obj</name>
      </input_file>
      <input_file id="fl-24">
         <path>D:\TI\ccsv7\tools\compiler\ti-cgt-msp430_16.9.6.LTS\lib\</path>
         <kind>archive</kind>
         <file>rts430_eabi.lib</file>
         <name>copy_zero_init.obj</name>
      </input_file>
      <input_file id="fl-25">
         <path>D:\TI\ccsv7\tools\compiler\ti-cgt-msp430_16.9.6.LTS\lib\</path>
         <kind>archive</kind>
         <file>rts430_eabi.lib</file>
         <name>cvtdf.obj</name>
      </input_file>
      <input_file id="fl-26">
         <path>D:\TI\ccsv7\tools\compiler\ti-cgt-msp430_16.9.6.LTS\lib\</path>
         <kind>archive</kind>
         <file>rts430_eabi.lib</file>
         <name>cvtfd.obj</name>
      </input_file>
      <input_file id="fl-27">
         <path>D:\TI\ccsv7\tools\compiler\ti-cgt-msp430_16.9.6.LTS\lib\</path>
         <kind>archive</kind>
         <file>rts430_eabi.lib</file>
         <name>div32u.obj</name>
      </input_file>
      <input_file id="fl-28">
         <path>D:\TI\ccsv7\tools\compiler\ti-cgt-msp430_16.9.6.LTS\lib\</path>
         <kind>archive</kind>
         <file>rts430_eabi.lib</file>
         <name>divd.obj</name>
      </input_file>
      <input_file id="fl-29">
         <path>D:\TI\ccsv7\tools\compiler\ti-cgt-msp430_16.9.6.LTS\lib\</path>
         <kind>archive</kind>
         <file>rts430_eabi.lib</file>
         <name>e_powf.obj</name>
      </input_file>
      <input_file id="fl-2a">
         <path>D:\TI\ccsv7\tools\compiler\ti-cgt-msp430_16.9.6.LTS\lib\</path>
         <kind>archive</kind>
         <file>rts430_eabi.lib</file>
         <name>e_sqrtf.obj</name>
      </input_file>
      <input_file id="fl-2b">
         <path>D:\TI\ccsv7\tools\compiler\ti-cgt-msp430_16.9.6.LTS\lib\</path>
         <kind>archive</kind>
         <file>rts430_eabi.lib</file>
         <name>epilog.obj</name>
      </input_file>
      <input_file id="fl-2c">
         <path>D:\TI\ccsv7\tools\compiler\ti-cgt-msp430_16.9.6.LTS\lib\</path>
         <kind>archive</kind>
         <file>rts430_eabi.lib</file>
         <name>errno.obj</name>
      </input_file>
      <input_file id="fl-2d">
         <path>D:\TI\ccsv7\tools\compiler\ti-cgt-msp430_16.9.6.LTS\lib\</path>
         <kind>archive</kind>
         <file>rts430_eabi.lib</file>
         <name>exit.obj</name>
      </input_file>
      <input_file id="fl-2e">
         <path>D:\TI\ccsv7\tools\compiler\ti-cgt-msp430_16.9.6.LTS\lib\</path>
         <kind>archive</kind>
         <file>rts430_eabi.lib</file>
         <name>exit_gvars.obj</name>
      </input_file>
      <input_file id="fl-2f">
         <path>D:\TI\ccsv7\tools\compiler\ti-cgt-msp430_16.9.6.LTS\lib\</path>
         <kind>archive</kind>
         <file>rts430_eabi.lib</file>
         <name>fixdul.obj</name>
      </input_file>
      <input_file id="fl-30">
         <path>D:\TI\ccsv7\tools\compiler\ti-cgt-msp430_16.9.6.LTS\lib\</path>
         <kind>archive</kind>
         <file>rts430_eabi.lib</file>
         <name>fltid.obj</name>
      </input_file>
      <input_file id="fl-31">
         <path>D:\TI\ccsv7\tools\compiler\ti-cgt-msp430_16.9.6.LTS\lib\</path>
         <kind>archive</kind>
         <file>rts430_eabi.lib</file>
         <name>fltlid.obj</name>
      </input_file>
      <input_file id="fl-32">
         <path>D:\TI\ccsv7\tools\compiler\ti-cgt-msp430_16.9.6.LTS\lib\</path>
         <kind>archive</kind>
         <file>rts430_eabi.lib</file>
         <name>frcaddd.obj</name>
      </input_file>
      <input_file id="fl-33">
         <path>D:\TI\ccsv7\tools\compiler\ti-cgt-msp430_16.9.6.LTS\lib\</path>
         <kind>archive</kind>
         <file>rts430_eabi.lib</file>
         <name>frcdivd.obj</name>
      </input_file>
      <input_file id="fl-34">
         <path>D:\TI\ccsv7\tools\compiler\ti-cgt-msp430_16.9.6.LTS\lib\</path>
         <kind>archive</kind>
         <file>rts430_eabi.lib</file>
         <name>fs_add.obj</name>
      </input_file>
      <input_file id="fl-35">
         <path>D:\TI\ccsv7\tools\compiler\ti-cgt-msp430_16.9.6.LTS\lib\</path>
         <kind>archive</kind>
         <file>rts430_eabi.lib</file>
         <name>fs_cmp.obj</name>
      </input_file>
      <input_file id="fl-36">
         <path>D:\TI\ccsv7\tools\compiler\ti-cgt-msp430_16.9.6.LTS\lib\</path>
         <kind>archive</kind>
         <file>rts430_eabi.lib</file>
         <name>fs_div.obj</name>
      </input_file>
      <input_file id="fl-37">
         <path>D:\TI\ccsv7\tools\compiler\ti-cgt-msp430_16.9.6.LTS\lib\</path>
         <kind>archive</kind>
         <file>rts430_eabi.lib</file>
         <name>fs_ltof.obj</name>
      </input_file>
      <input_file id="fl-38">
         <path>D:\TI\ccsv7\tools\compiler\ti-cgt-msp430_16.9.6.LTS\lib\</path>
         <kind>archive</kind>
         <file>rts430_eabi.lib</file>
         <name>fs_mpy.obj</name>
      </input_file>
      <input_file id="fl-39">
         <path>D:\TI\ccsv7\tools\compiler\ti-cgt-msp430_16.9.6.LTS\lib\</path>
         <kind>archive</kind>
         <file>rts430_eabi.lib</file>
         <name>fs_neg.obj</name>
      </input_file>
      <input_file id="fl-3a">
         <path>D:\TI\ccsv7\tools\compiler\ti-cgt-msp430_16.9.6.LTS\lib\</path>
         <kind>archive</kind>
         <file>rts430_eabi.lib</file>
         <name>fs_toul.obj</name>
      </input_file>
      <input_file id="fl-3b">
         <path>D:\TI\ccsv7\tools\compiler\ti-cgt-msp430_16.9.6.LTS\lib\</path>
         <kind>archive</kind>
         <file>rts430_eabi.lib</file>
         <name>fs_ultof.obj</name>
      </input_file>
      <input_file id="fl-3c">
         <path>D:\TI\ccsv7\tools\compiler\ti-cgt-msp430_16.9.6.LTS\lib\</path>
         <kind>archive</kind>
         <file>rts430_eabi.lib</file>
         <name>int00.obj</name>
      </input_file>
      <input_file id="fl-3d">
         <path>D:\TI\ccsv7\tools\compiler\ti-cgt-msp430_16.9.6.LTS\lib\</path>
         <kind>archive</kind>
         <file>rts430_eabi.lib</file>
         <name>int02.obj</name>
      </input_file>
      <input_file id="fl-3e">
         <path>D:\TI\ccsv7\tools\compiler\ti-cgt-msp430_16.9.6.LTS\lib\</path>
         <kind>archive</kind>
         <file>rts430_eabi.lib</file>
         <name>int03.obj</name>
      </input_file>
      <input_file id="fl-3f">
         <path>D:\TI\ccsv7\tools\compiler\ti-cgt-msp430_16.9.6.LTS\lib\</path>
         <kind>archive</kind>
         <file>rts430_eabi.lib</file>
         <name>int05.obj</name>
      </input_file>
      <input_file id="fl-40">
         <path>D:\TI\ccsv7\tools\compiler\ti-cgt-msp430_16.9.6.LTS\lib\</path>
         <kind>archive</kind>
         <file>rts430_eabi.lib</file>
         <name>int06.obj</name>
      </input_file>
      <input_file id="fl-41">
         <path>D:\TI\ccsv7\tools\compiler\ti-cgt-msp430_16.9.6.LTS\lib\</path>
         <kind>archive</kind>
         <file>rts430_eabi.lib</file>
         <name>int08.obj</name>
      </input_file>
      <input_file id="fl-42">
         <path>D:\TI\ccsv7\tools\compiler\ti-cgt-msp430_16.9.6.LTS\lib\</path>
         <kind>archive</kind>
         <file>rts430_eabi.lib</file>
         <name>int09.obj</name>
      </input_file>
      <input_file id="fl-43">
         <path>D:\TI\ccsv7\tools\compiler\ti-cgt-msp430_16.9.6.LTS\lib\</path>
         <kind>archive</kind>
         <file>rts430_eabi.lib</file>
         <name>int10.obj</name>
      </input_file>
      <input_file id="fl-44">
         <path>D:\TI\ccsv7\tools\compiler\ti-cgt-msp430_16.9.6.LTS\lib\</path>
         <kind>archive</kind>
         <file>rts430_eabi.lib</file>
         <name>int11.obj</name>
      </input_file>
      <input_file id="fl-45">
         <path>D:\TI\ccsv7\tools\compiler\ti-cgt-msp430_16.9.6.LTS\lib\</path>
         <kind>archive</kind>
         <file>rts430_eabi.lib</file>
         <name>int12.obj</name>
      </input_file>
      <input_file id="fl-46">
         <path>D:\TI\ccsv7\tools\compiler\ti-cgt-msp430_16.9.6.LTS\lib\</path>
         <kind>archive</kind>
         <file>rts430_eabi.lib</file>
         <name>int13.obj</name>
      </input_file>
      <input_file id="fl-47">
         <path>D:\TI\ccsv7\tools\compiler\ti-cgt-msp430_16.9.6.LTS\lib\</path>
         <kind>archive</kind>
         <file>rts430_eabi.lib</file>
         <name>int14.obj</name>
      </input_file>
      <input_file id="fl-48">
         <path>D:\TI\ccsv7\tools\compiler\ti-cgt-msp430_16.9.6.LTS\lib\</path>
         <kind>archive</kind>
         <file>rts430_eabi.lib</file>
         <name>isr_trap.obj</name>
      </input_file>
      <input_file id="fl-49">
         <path>D:\TI\ccsv7\tools\compiler\ti-cgt-msp430_16.9.6.LTS\lib\</path>
         <kind>archive</kind>
         <file>rts430_eabi.lib</file>
         <name>lsl16.obj</name>
      </input_file>
      <input_file id="fl-4a">
         <path>D:\TI\ccsv7\tools\compiler\ti-cgt-msp430_16.9.6.LTS\lib\</path>
         <kind>archive</kind>
         <file>rts430_eabi.lib</file>
         <name>lsl32.obj</name>
      </input_file>
      <input_file id="fl-4b">
         <path>D:\TI\ccsv7\tools\compiler\ti-cgt-msp430_16.9.6.LTS\lib\</path>
         <kind>archive</kind>
         <file>rts430_eabi.lib</file>
         <name>lsr16.obj</name>
      </input_file>
      <input_file id="fl-4c">
         <path>D:\TI\ccsv7\tools\compiler\ti-cgt-msp430_16.9.6.LTS\lib\</path>
         <kind>archive</kind>
         <file>rts430_eabi.lib</file>
         <name>lsr32.obj</name>
      </input_file>
      <input_file id="fl-4d">
         <path>D:\TI\ccsv7\tools\compiler\ti-cgt-msp430_16.9.6.LTS\lib\</path>
         <kind>archive</kind>
         <file>rts430_eabi.lib</file>
         <name>lsr64.obj</name>
      </input_file>
      <input_file id="fl-4e">
         <path>D:\TI\ccsv7\tools\compiler\ti-cgt-msp430_16.9.6.LTS\lib\</path>
         <kind>archive</kind>
         <file>rts430_eabi.lib</file>
         <name>memcpy.obj</name>
      </input_file>
      <input_file id="fl-4f">
         <path>D:\TI\ccsv7\tools\compiler\ti-cgt-msp430_16.9.6.LTS\lib\</path>
         <kind>archive</kind>
         <file>rts430_eabi.lib</file>
         <name>mpu_init.obj</name>
      </input_file>
      <input_file id="fl-50">
         <path>D:\TI\ccsv7\tools\compiler\ti-cgt-msp430_16.9.6.LTS\lib\</path>
         <kind>archive</kind>
         <file>rts430_eabi.lib</file>
         <name>mpyd.obj</name>
      </input_file>
      <input_file id="fl-51">
         <path>D:\TI\ccsv7\tools\compiler\ti-cgt-msp430_16.9.6.LTS\lib\</path>
         <kind>archive</kind>
         <file>rts430_eabi.lib</file>
         <name>mult16.obj</name>
      </input_file>
      <input_file id="fl-52">
         <path>D:\TI\ccsv7\tools\compiler\ti-cgt-msp430_16.9.6.LTS\lib\</path>
         <kind>archive</kind>
         <file>rts430_eabi.lib</file>
         <name>mult32.obj</name>
      </input_file>
      <input_file id="fl-53">
         <path>D:\TI\ccsv7\tools\compiler\ti-cgt-msp430_16.9.6.LTS\lib\</path>
         <kind>archive</kind>
         <file>rts430_eabi.lib</file>
         <name>pre_init.obj</name>
      </input_file>
      <input_file id="fl-54">
         <path>D:\TI\ccsv7\tools\compiler\ti-cgt-msp430_16.9.6.LTS\lib\</path>
         <kind>archive</kind>
         <file>rts430_eabi.lib</file>
         <name>renormd.obj</name>
      </input_file>
      <input_file id="fl-55">
         <path>D:\TI\ccsv7\tools\compiler\ti-cgt-msp430_16.9.6.LTS\lib\</path>
         <kind>archive</kind>
         <file>rts430_eabi.lib</file>
         <name>s_scalbnf.obj</name>
      </input_file>
      <input_file id="fl-56">
         <path>D:\TI\ccsv7\tools\compiler\ti-cgt-msp430_16.9.6.LTS\lib\</path>
         <kind>archive</kind>
         <file>rts430_eabi.lib</file>
         <name>subd.obj</name>
      </input_file>
      <input_file id="fl-57">
         <path>D:\TI\ccsv7\tools\compiler\ti-cgt-msp430_16.9.6.LTS\lib\</path>
         <kind>archive</kind>
         <file>rts430_eabi.lib</file>
         <name>_lock.obj</name>
      </input_file>
      <input_file id="fl-58">
         <path>D:\TI\ccsv7\tools\compiler\ti-cgt-msp430_16.9.6.LTS\lib\</path>
         <kind>archive</kind>
         <file>rts430_eabi.lib</file>
         <name>args_main.obj</name>
      </input_file>
      <input_file id="fl-59">
         <path>D:\TI\ccsv7\tools\compiler\ti-cgt-msp430_16.9.6.LTS\lib\</path>
         <kind>archive</kind>
         <file>rts430_eabi.lib</file>
         <name>asr32.obj</name>
      </input_file>
      <input_file id="fl-5a">
         <path>D:\TI\ccsv7\tools\compiler\ti-cgt-msp430_16.9.6.LTS\lib\</path>
         <kind>archive</kind>
         <file>rts430_eabi.lib</file>
         <name>autoinit.obj</name>
      </input_file>
      <input_file id="fl-5b">
         <path>D:\TI\ccsv7\tools\compiler\ti-cgt-msp430_16.9.6.LTS\lib\</path>
         <kind>archive</kind>
         <file>rts430_eabi.lib</file>
         <name>cpy_tbl.obj</name>
      </input_file>
      <input_file id="fl-5c">
         <path>D:\TI\ccsv7\tools\compiler\ti-cgt-msp430_16.9.6.LTS\lib\</path>
         <kind>archive</kind>
         <file>rts430_eabi.lib</file>
         <name>frcmpyd.obj</name>
      </input_file>
      <input_file id="fl-5d">
         <path>D:\TI\ccsv7\tools\compiler\ti-cgt-msp430_16.9.6.LTS\lib\</path>
         <kind>archive</kind>
         <file>rts430_eabi.lib</file>
         <name>s_copysignf.obj</name>
      </input_file>
      <input_file id="fl-5e">
         <path>D:\TI\ccsv7\tools\compiler\ti-cgt-msp430_16.9.6.LTS\lib\</path>
         <kind>archive</kind>
         <file>rts430_eabi.lib</file>
         <name>startup.obj</name>
      </input_file>
   </input_file_list>
   <object_component_list>
      <object_component id="oc-23c">
         <name>.common:dis</name>
         <uninitialized>true</uninitialized>
         <run_address>0x264</run_address>
         <size>0xc</size>
      </object_component>
      <object_component id="oc-185">
         <name>.common:ReceivedString</name>
         <uninitialized>true</uninitialized>
         <run_address>0x200</run_address>
         <size>0x64</size>
      </object_component>
      <object_component id="oc-252">
         <name>.data</name>
         <load_address>0x270</load_address>
         <run_address>0x270</run_address>
         <size>0x8</size>
         <input_file_ref idref="fl-2"/>
      </object_component>
      <object_component id="oc-1c7">
         <name>.data:SSID</name>
         <load_address>0x28e</load_address>
         <run_address>0x28e</run_address>
         <size>0x6</size>
         <input_file_ref idref="fl-3"/>
      </object_component>
      <object_component id="oc-17c">
         <name>.data</name>
         <load_address>0x294</load_address>
         <run_address>0x294</run_address>
         <size>0x4</size>
         <input_file_ref idref="fl-3"/>
      </object_component>
      <object_component id="oc-1d6">
         <name>.data:RSSI</name>
         <load_address>0x288</load_address>
         <run_address>0x288</run_address>
         <size>0x6</size>
         <input_file_ref idref="fl-3"/>
      </object_component>
      <object_component id="oc-1d9">
         <name>.data:w2</name>
         <load_address>0x278</load_address>
         <run_address>0x278</run_address>
         <size>0x8</size>
         <input_file_ref idref="fl-3"/>
      </object_component>
      <object_component id="oc-1dc">
         <name>.data:w3</name>
         <load_address>0x280</load_address>
         <run_address>0x280</run_address>
         <size>0x8</size>
         <input_file_ref idref="fl-3"/>
      </object_component>
      <object_component id="oc-2c1">
         <name>.data</name>
         <load_address>0x298</load_address>
         <run_address>0x298</run_address>
         <size>0x2</size>
         <input_file_ref idref="fl-2c"/>
      </object_component>
      <object_component id="oc-f1">
         <name>.stack</name>
         <uninitialized>true</uninitialized>
         <run_address>0x3b0</run_address>
         <size>0x2</size>
         <input_file_ref idref="fl-20"/>
      </object_component>
      <object_component id="oc-3c9">
         <name>.stack</name>
         <uninitialized>true</uninitialized>
         <run_address>0x3b0</run_address>
         <size>0x0</size>
      </object_component>
      <object_component id="oc-247">
         <name>.text:powf</name>
         <load_address>0xc000</load_address>
         <run_address>0xc000</run_address>
         <size>0xa60</size>
         <input_file_ref idref="fl-29"/>
      </object_component>
      <object_component id="oc-2e5">
         <name>.text:__TI_frcdivd</name>
         <load_address>0xca60</load_address>
         <run_address>0xca60</run_address>
         <size>0x480</size>
         <input_file_ref idref="fl-33"/>
      </object_component>
      <object_component id="oc-261">
         <name>.text:__mspabi_addd</name>
         <load_address>0xcee0</load_address>
         <run_address>0xcee0</run_address>
         <size>0x2e8</size>
         <input_file_ref idref="fl-1e"/>
      </object_component>
      <object_component id="oc-1df">
         <name>.text:CalculatPosition</name>
         <load_address>0xd1c8</load_address>
         <run_address>0xd1c8</run_address>
         <size>0x2c2</size>
         <input_file_ref idref="fl-2"/>
      </object_component>
      <object_component id="oc-2fa">
         <name>.text:__TI_frcmpyd</name>
         <load_address>0xd48a</load_address>
         <run_address>0xd48a</run_address>
         <size>0x286</size>
         <input_file_ref idref="fl-5c"/>
      </object_component>
      <object_component id="oc-267">
         <name>.text:__mspabi_mpyd</name>
         <load_address>0xd710</load_address>
         <run_address>0xd710</run_address>
         <size>0x26e</size>
         <input_file_ref idref="fl-50"/>
      </object_component>
      <object_component id="oc-2f2">
         <name>.text:__TI_frcaddd</name>
         <load_address>0xd97e</load_address>
         <run_address>0xd97e</run_address>
         <size>0x260</size>
         <input_file_ref idref="fl-32"/>
      </object_component>
      <object_component id="oc-25b">
         <name>.text:__mspabi_divd</name>
         <load_address>0xdbde</load_address>
         <run_address>0xdbde</run_address>
         <size>0x238</size>
         <input_file_ref idref="fl-28"/>
      </object_component>
      <object_component id="oc-2a8">
         <name>.text:sqrtf</name>
         <load_address>0xde16</load_address>
         <run_address>0xde16</run_address>
         <size>0x13c</size>
         <input_file_ref idref="fl-2a"/>
      </object_component>
      <object_component id="oc-242">
         <name>.text</name>
         <load_address>0xdf52</load_address>
         <run_address>0xdf52</run_address>
         <size>0x132</size>
         <input_file_ref idref="fl-34"/>
      </object_component>
      <object_component id="oc-2c4">
         <name>.text:scalbnf</name>
         <load_address>0xe084</load_address>
         <run_address>0xe084</run_address>
         <size>0x128</size>
         <input_file_ref idref="fl-55"/>
      </object_component>
      <object_component id="oc-14e">
         <name>.text:main</name>
         <load_address>0xe1ac</load_address>
         <run_address>0xe1ac</run_address>
         <size>0xe6</size>
         <input_file_ref idref="fl-3"/>
      </object_component>
      <object_component id="oc-23d">
         <name>.text</name>
         <load_address>0xe292</load_address>
         <run_address>0xe292</run_address>
         <size>0xc4</size>
         <input_file_ref idref="fl-38"/>
      </object_component>
      <object_component id="oc-35d">
         <name>.text:__TI_renormd</name>
         <load_address>0xe356</load_address>
         <run_address>0xe356</run_address>
         <size>0xbe</size>
         <input_file_ref idref="fl-54"/>
      </object_component>
      <object_component id="oc-279">
         <name>.text:UART_SendFloat</name>
         <load_address>0xe414</load_address>
         <run_address>0xe414</run_address>
         <size>0xac</size>
         <input_file_ref idref="fl-2"/>
      </object_component>
      <object_component id="oc-321">
         <name>.text:__mspabi_fltlid</name>
         <load_address>0xe4c0</load_address>
         <run_address>0xe4c0</run_address>
         <size>0xac</size>
         <input_file_ref idref="fl-31"/>
      </object_component>
      <object_component id="oc-24d">
         <name>.text</name>
         <load_address>0xe56c</load_address>
         <run_address>0xe56c</run_address>
         <size>0x9c</size>
         <input_file_ref idref="fl-36"/>
      </object_component>
      <object_component id="oc-273">
         <name>.text:__mspabi_cvtdf</name>
         <load_address>0xe608</load_address>
         <run_address>0xe608</run_address>
         <size>0x8c</size>
         <input_file_ref idref="fl-25"/>
      </object_component>
      <object_component id="oc-30f">
         <name>.text:UART_SendInt</name>
         <load_address>0xe694</load_address>
         <run_address>0xe694</run_address>
         <size>0x80</size>
         <input_file_ref idref="fl-2"/>
      </object_component>
      <object_component id="oc-34">
         <name>.text:decompress:lzss:__TI_decompress_lzss</name>
         <load_address>0xe714</load_address>
         <run_address>0xe714</run_address>
         <size>0x7c</size>
         <input_file_ref idref="fl-22"/>
      </object_component>
      <object_component id="oc-31a">
         <name>.text:__mspabi_fixdul</name>
         <load_address>0xe790</load_address>
         <run_address>0xe790</run_address>
         <size>0x74</size>
         <input_file_ref idref="fl-2f"/>
      </object_component>
      <object_component id="oc-255">
         <name>.text:__mspabi_cvtfd</name>
         <load_address>0xe804</load_address>
         <run_address>0xe804</run_address>
         <size>0x72</size>
         <input_file_ref idref="fl-26"/>
      </object_component>
      <object_component id="oc-134">
         <name>.text:_auto_init</name>
         <load_address>0xe876</load_address>
         <run_address>0xe876</run_address>
         <size>0x6e</size>
         <input_file_ref idref="fl-5a"/>
      </object_component>
      <object_component id="oc-236">
         <name>.text:distance</name>
         <load_address>0xe8e4</load_address>
         <run_address>0xe8e4</run_address>
         <size>0x62</size>
         <input_file_ref idref="fl-2"/>
      </object_component>
      <object_component id="oc-34a">
         <name>.text:l_lsr_const</name>
         <load_address>0xe946</load_address>
         <run_address>0xe946</run_address>
         <size>0x5c</size>
         <input_file_ref idref="fl-4c"/>
      </object_component>
      <object_component id="oc-18c">
         <name>.text:copy_in</name>
         <load_address>0xe9a2</load_address>
         <run_address>0xe9a2</run_address>
         <size>0x5a</size>
         <input_file_ref idref="fl-5b"/>
      </object_component>
      <object_component id="oc-36f">
         <name>.text</name>
         <load_address>0xe9fc</load_address>
         <run_address>0xe9fc</run_address>
         <size>0x58</size>
         <input_file_ref idref="fl-27"/>
      </object_component>
      <object_component id="oc-30a">
         <name>.text</name>
         <load_address>0xea54</load_address>
         <run_address>0xea54</run_address>
         <size>0x4c</size>
         <input_file_ref idref="fl-3a"/>
      </object_component>
      <object_component id="oc-fa">
         <name>.text</name>
         <load_address>0xeaa0</load_address>
         <run_address>0xeaa0</run_address>
         <size>0x4c</size>
         <input_file_ref idref="fl-4b"/>
      </object_component>
      <object_component id="oc-2bc">
         <name>.text</name>
         <load_address>0xeaec</load_address>
         <run_address>0xeaec</run_address>
         <size>0x4a</size>
         <input_file_ref idref="fl-35"/>
      </object_component>
      <object_component id="oc-2b1">
         <name>.text</name>
         <load_address>0xeb36</load_address>
         <run_address>0xeb36</run_address>
         <size>0x4a</size>
         <input_file_ref idref="fl-37"/>
      </object_component>
      <object_component id="oc-1d0">
         <name>.text:Get_RSSI</name>
         <load_address>0xeb80</load_address>
         <run_address>0xeb80</run_address>
         <size>0x42</size>
         <input_file_ref idref="fl-2"/>
      </object_component>
      <object_component id="oc-121">
         <name>.text:USCI0RX_ISR</name>
         <load_address>0xebc2</load_address>
         <run_address>0xebc2</run_address>
         <size>0x3e</size>
         <input_file_ref idref="fl-3"/>
      </object_component>
      <object_component id="oc-2d9">
         <name>.text:l_asr_const</name>
         <load_address>0xec00</load_address>
         <run_address>0xec00</run_address>
         <size>0x3e</size>
         <input_file_ref idref="fl-59"/>
      </object_component>
      <object_component id="oc-303">
         <name>.text:l_lsl_const</name>
         <load_address>0xec3e</load_address>
         <run_address>0xec3e</run_address>
         <size>0x3e</size>
         <input_file_ref idref="fl-4a"/>
      </object_component>
      <object_component id="oc-315">
         <name>.text</name>
         <load_address>0xec7c</load_address>
         <run_address>0xec7c</run_address>
         <size>0x32</size>
         <input_file_ref idref="fl-3b"/>
      </object_component>
      <object_component id="oc-26d">
         <name>.text:__mspabi_subd</name>
         <load_address>0xecae</load_address>
         <run_address>0xecae</run_address>
         <size>0x2e</size>
         <input_file_ref idref="fl-56"/>
      </object_component>
      <object_component id="oc-299">
         <name>.text</name>
         <load_address>0xecdc</load_address>
         <run_address>0xecdc</run_address>
         <size>0x2c</size>
         <input_file_ref idref="fl-1f"/>
      </object_component>
      <object_component id="oc-f5">
         <name>.text</name>
         <load_address>0xed08</load_address>
         <run_address>0xed08</run_address>
         <size>0x2c</size>
         <input_file_ref idref="fl-49"/>
      </object_component>
      <object_component id="oc-34f">
         <name>.text</name>
         <load_address>0xed34</load_address>
         <run_address>0xed34</run_address>
         <size>0x26</size>
         <input_file_ref idref="fl-52"/>
      </object_component>
      <object_component id="oc-1ba">
         <name>.text:Config_USCI</name>
         <load_address>0xed5a</load_address>
         <run_address>0xed5a</run_address>
         <size>0x20</size>
         <input_file_ref idref="fl-2"/>
      </object_component>
      <object_component id="oc-1ae">
         <name>.text:Config_Clock</name>
         <load_address>0xed7a</load_address>
         <run_address>0xed7a</run_address>
         <size>0x1c</size>
         <input_file_ref idref="fl-2"/>
      </object_component>
      <object_component id="oc-1c1">
         <name>.text:UART_SendString</name>
         <load_address>0xed96</load_address>
         <run_address>0xed96</run_address>
         <size>0x1c</size>
         <input_file_ref idref="fl-2"/>
      </object_component>
      <object_component id="oc-1b4">
         <name>.text:Config_Pins</name>
         <load_address>0xedb2</load_address>
         <run_address>0xedb2</run_address>
         <size>0x1a</size>
         <input_file_ref idref="fl-2"/>
      </object_component>
      <object_component id="oc-1ca">
         <name>.text:SendCommand</name>
         <load_address>0xedcc</load_address>
         <run_address>0xedcc</run_address>
         <size>0x1a</size>
         <input_file_ref idref="fl-2"/>
      </object_component>
      <object_component id="oc-6b">
         <name>.text:_c_int00_noargs_noexit</name>
         <load_address>0xede6</load_address>
         <run_address>0xede6</run_address>
         <size>0x1a</size>
         <input_file_ref idref="fl-21"/>
      </object_component>
      <object_component id="oc-4d">
         <name>.text:decompress:ZI:__TI_zero_init</name>
         <load_address>0xee00</load_address>
         <run_address>0xee00</run_address>
         <size>0x14</size>
         <input_file_ref idref="fl-24"/>
      </object_component>
      <object_component id="oc-1f0">
         <name>.text</name>
         <load_address>0xee14</load_address>
         <run_address>0xee14</run_address>
         <size>0x14</size>
         <input_file_ref idref="fl-51"/>
      </object_component>
      <object_component id="oc-337">
         <name>.text:copysignf</name>
         <load_address>0xee28</load_address>
         <run_address>0xee28</run_address>
         <size>0x12</size>
         <input_file_ref idref="fl-5d"/>
      </object_component>
      <object_component id="oc-3a">
         <name>.text:decompress:none:__TI_decompress_none</name>
         <load_address>0xee3a</load_address>
         <run_address>0xee3a</run_address>
         <size>0x12</size>
         <input_file_ref idref="fl-23"/>
      </object_component>
      <object_component id="oc-358">
         <name>.text:l_lsr</name>
         <load_address>0xee4c</load_address>
         <run_address>0xee4c</run_address>
         <size>0x12</size>
         <input_file_ref idref="fl-4c"/>
      </object_component>
      <object_component id="oc-10f">
         <name>.text:memcpy</name>
         <load_address>0xee5e</load_address>
         <run_address>0xee5e</run_address>
         <size>0x12</size>
         <input_file_ref idref="fl-4e"/>
      </object_component>
      <object_component id="oc-29e">
         <name>.text:l_asr</name>
         <load_address>0xee70</load_address>
         <run_address>0xee70</run_address>
         <size>0x10</size>
         <input_file_ref idref="fl-59"/>
      </object_component>
      <object_component id="oc-2a3">
         <name>.text:l_lsl</name>
         <load_address>0xee80</load_address>
         <run_address>0xee80</run_address>
         <size>0x10</size>
         <input_file_ref idref="fl-4a"/>
      </object_component>
      <object_component id="oc-ff">
         <name>.text</name>
         <load_address>0xee90</load_address>
         <run_address>0xee90</run_address>
         <size>0x10</size>
         <input_file_ref idref="fl-2b"/>
      </object_component>
      <object_component id="oc-17f">
         <name>.text:UART_GetChar</name>
         <load_address>0xeea0</load_address>
         <run_address>0xeea0</run_address>
         <size>0xc</size>
         <input_file_ref idref="fl-2"/>
      </object_component>
      <object_component id="oc-222">
         <name>.text:UART_SendChar</name>
         <load_address>0xeeac</load_address>
         <run_address>0xeeac</run_address>
         <size>0xc</size>
         <input_file_ref idref="fl-2"/>
      </object_component>
      <object_component id="oc-290">
         <name>.text:__mspabi_fltid</name>
         <load_address>0xeeb8</load_address>
         <run_address>0xeeb8</run_address>
         <size>0xc</size>
         <input_file_ref idref="fl-30"/>
      </object_component>
      <object_component id="oc-2ca">
         <name>.text</name>
         <load_address>0xeec4</load_address>
         <run_address>0xeec4</run_address>
         <size>0xa</size>
         <input_file_ref idref="fl-39"/>
      </object_component>
      <object_component id="oc-11c">
         <name>.text:_isr:__TI_ISR_TRAP</name>
         <load_address>0xeece</load_address>
         <run_address>0xeece</run_address>
         <size>0x8</size>
         <input_file_ref idref="fl-48"/>
      </object_component>
      <object_component id="oc-156">
         <name>.text:abort</name>
         <load_address>0xeed6</load_address>
         <run_address>0xeed6</run_address>
         <size>0x6</size>
         <input_file_ref idref="fl-2d"/>
      </object_component>
      <object_component id="oc-12e">
         <name>.text:_system_pre_init</name>
         <load_address>0xeedc</load_address>
         <run_address>0xeedc</run_address>
         <size>0x4</size>
         <input_file_ref idref="fl-53"/>
      </object_component>
      <object_component id="oc-192">
         <name>.text:_system_post_cinit</name>
         <load_address>0xeee0</load_address>
         <run_address>0xeee0</run_address>
         <size>0x2</size>
         <input_file_ref idref="fl-5e"/>
      </object_component>
      <object_component id="oc-3c8">
         <name>.cinit..data.load</name>
         <load_address>0xef32</load_address>
         <run_address>0xef32</run_address>
         <size>0x20</size>
      </object_component>
      <object_component id="oc-3c5">
         <name>__TI_handler_table</name>
         <load_address>0xef52</load_address>
         <run_address>0xef52</run_address>
         <size>0x6</size>
      </object_component>
      <object_component id="oc-3c7">
         <name>.cinit..bss.load</name>
         <load_address>0xef58</load_address>
         <run_address>0xef58</run_address>
         <size>0x4</size>
      </object_component>
      <object_component id="oc-3c6">
         <name>__TI_cinit_table</name>
         <load_address>0xef5c</load_address>
         <run_address>0xef5c</run_address>
         <size>0x8</size>
      </object_component>
      <object_component id="oc-1c0">
         <name>.const:.string</name>
         <load_address>0xeee2</load_address>
         <run_address>0xeee2</run_address>
         <size>0x28</size>
         <input_file_ref idref="fl-3"/>
      </object_component>
      <object_component id="oc-22d">
         <name>.const:.string</name>
         <load_address>0xef0a</load_address>
         <run_address>0xef0a</run_address>
         <size>0x10</size>
         <input_file_ref idref="fl-2"/>
      </object_component>
      <object_component id="oc-2ae">
         <name>.const:bp</name>
         <load_address>0xef1a</load_address>
         <run_address>0xef1a</run_address>
         <size>0x8</size>
         <input_file_ref idref="fl-29"/>
      </object_component>
      <object_component id="oc-2b6">
         <name>.const:dp_h</name>
         <load_address>0xef22</load_address>
         <run_address>0xef22</run_address>
         <size>0x8</size>
         <input_file_ref idref="fl-29"/>
      </object_component>
      <object_component id="oc-2b9">
         <name>.const:dp_l</name>
         <load_address>0xef2a</load_address>
         <run_address>0xef2a</run_address>
         <size>0x8</size>
         <input_file_ref idref="fl-29"/>
      </object_component>
      <object_component id="oc-38f">
         <name>.binit</name>
         <load_address>0xc000</load_address>
         <run_address>0xc000</run_address>
         <size>0x0</size>
      </object_component>
      <object_component id="oc-40">
         <name>.int00</name>
         <load_address>0xffe0</load_address>
         <run_address>0xffe0</run_address>
         <size>0x2</size>
         <input_file_ref idref="fl-3c"/>
      </object_component>
      <object_component id="oc-41">
         <name>.int02</name>
         <load_address>0xffe4</load_address>
         <run_address>0xffe4</run_address>
         <size>0x2</size>
         <input_file_ref idref="fl-3d"/>
      </object_component>
      <object_component id="oc-42">
         <name>.int03</name>
         <load_address>0xffe6</load_address>
         <run_address>0xffe6</run_address>
         <size>0x2</size>
         <input_file_ref idref="fl-3e"/>
      </object_component>
      <object_component id="oc-43">
         <name>.int05</name>
         <load_address>0xffea</load_address>
         <run_address>0xffea</run_address>
         <size>0x2</size>
         <input_file_ref idref="fl-3f"/>
      </object_component>
      <object_component id="oc-44">
         <name>.int06</name>
         <load_address>0xffec</load_address>
         <run_address>0xffec</run_address>
         <size>0x2</size>
         <input_file_ref idref="fl-40"/>
      </object_component>
      <object_component id="oc-45">
         <name>.int07</name>
         <load_address>0xffee</load_address>
         <run_address>0xffee</run_address>
         <size>0x2</size>
         <input_file_ref idref="fl-3"/>
      </object_component>
      <object_component id="oc-46">
         <name>.int08</name>
         <load_address>0xfff0</load_address>
         <run_address>0xfff0</run_address>
         <size>0x2</size>
         <input_file_ref idref="fl-41"/>
      </object_component>
      <object_component id="oc-47">
         <name>.int09</name>
         <load_address>0xfff2</load_address>
         <run_address>0xfff2</run_address>
         <size>0x2</size>
         <input_file_ref idref="fl-42"/>
      </object_component>
      <object_component id="oc-48">
         <name>.int10</name>
         <load_address>0xfff4</load_address>
         <run_address>0xfff4</run_address>
         <size>0x2</size>
         <input_file_ref idref="fl-43"/>
      </object_component>
      <object_component id="oc-49">
         <name>.int11</name>
         <load_address>0xfff6</load_address>
         <run_address>0xfff6</run_address>
         <size>0x2</size>
         <input_file_ref idref="fl-44"/>
      </object_component>
      <object_component id="oc-4a">
         <name>.int12</name>
         <load_address>0xfff8</load_address>
         <run_address>0xfff8</run_address>
         <size>0x2</size>
         <input_file_ref idref="fl-45"/>
      </object_component>
      <object_component id="oc-4b">
         <name>.int13</name>
         <load_address>0xfffa</load_address>
         <run_address>0xfffa</run_address>
         <size>0x2</size>
         <input_file_ref idref="fl-46"/>
      </object_component>
      <object_component id="oc-4c">
         <name>.int14</name>
         <load_address>0xfffc</load_address>
         <run_address>0xfffc</run_address>
         <size>0x2</size>
         <input_file_ref idref="fl-47"/>
      </object_component>
      <object_component id="oc-f4">
         <name>.reset</name>
         <load_address>0xfffe</load_address>
         <run_address>0xfffe</run_address>
         <size>0x2</size>
         <input_file_ref idref="fl-20"/>
      </object_component>
      <object_component id="oc-229">
         <name>.debug_info</name>
         <load_address>0x0</load_address>
         <run_address>0x0</run_address>
         <size>0x3ed</size>
         <input_file_ref idref="fl-2"/>
      </object_component>
      <object_component id="oc-253">
         <name>.debug_info</name>
         <load_address>0x3ed</load_address>
         <run_address>0x3ed</run_address>
         <size>0xd4</size>
         <input_file_ref idref="fl-2"/>
      </object_component>
      <object_component id="oc-1af">
         <name>.debug_info</name>
         <load_address>0x4c1</load_address>
         <run_address>0x4c1</run_address>
         <size>0x10b</size>
         <input_file_ref idref="fl-2"/>
      </object_component>
      <object_component id="oc-1b5">
         <name>.debug_info</name>
         <load_address>0x5cc</load_address>
         <run_address>0x5cc</run_address>
         <size>0x109</size>
         <input_file_ref idref="fl-2"/>
      </object_component>
      <object_component id="oc-1bb">
         <name>.debug_info</name>
         <load_address>0x6d5</load_address>
         <run_address>0x6d5</run_address>
         <size>0x109</size>
         <input_file_ref idref="fl-2"/>
      </object_component>
      <object_component id="oc-223">
         <name>.debug_info</name>
         <load_address>0x7de</load_address>
         <run_address>0x7de</run_address>
         <size>0x12f</size>
         <input_file_ref idref="fl-2"/>
      </object_component>
      <object_component id="oc-1c2">
         <name>.debug_info</name>
         <load_address>0x90d</load_address>
         <run_address>0x90d</run_address>
         <size>0x146</size>
         <input_file_ref idref="fl-2"/>
      </object_component>
      <object_component id="oc-310">
         <name>.debug_info</name>
         <load_address>0xa53</load_address>
         <run_address>0xa53</run_address>
         <size>0x19f</size>
         <input_file_ref idref="fl-2"/>
      </object_component>
      <object_component id="oc-27a">
         <name>.debug_info</name>
         <load_address>0xbf2</load_address>
         <run_address>0xbf2</run_address>
         <size>0x269</size>
         <input_file_ref idref="fl-2"/>
      </object_component>
      <object_component id="oc-180">
         <name>.debug_info</name>
         <load_address>0xe5b</load_address>
         <run_address>0xe5b</run_address>
         <size>0x10f</size>
         <input_file_ref idref="fl-2"/>
      </object_component>
      <object_component id="oc-1d1">
         <name>.debug_info</name>
         <load_address>0xf6a</load_address>
         <run_address>0xf6a</run_address>
         <size>0x181</size>
         <input_file_ref idref="fl-2"/>
      </object_component>
      <object_component id="oc-1cb">
         <name>.debug_info</name>
         <load_address>0x10eb</load_address>
         <run_address>0x10eb</run_address>
         <size>0x16d</size>
         <input_file_ref idref="fl-2"/>
      </object_component>
      <object_component id="oc-237">
         <name>.debug_info</name>
         <load_address>0x1258</load_address>
         <run_address>0x1258</run_address>
         <size>0x1bb</size>
         <input_file_ref idref="fl-2"/>
      </object_component>
      <object_component id="oc-1e0">
         <name>.debug_info</name>
         <load_address>0x1413</load_address>
         <run_address>0x1413</run_address>
         <size>0x4f1</size>
         <input_file_ref idref="fl-2"/>
      </object_component>
      <object_component id="oc-10a">
         <name>.debug_info</name>
         <load_address>0x1904</load_address>
         <run_address>0x1904</run_address>
         <size>0x84</size>
         <input_file_ref idref="fl-2"/>
      </object_component>
      <object_component id="oc-186">
         <name>.debug_info</name>
         <load_address>0x1988</load_address>
         <run_address>0x1988</run_address>
         <size>0x336</size>
         <input_file_ref idref="fl-3"/>
      </object_component>
      <object_component id="oc-1c8">
         <name>.debug_info</name>
         <load_address>0x1cbe</load_address>
         <run_address>0x1cbe</run_address>
         <size>0xc2</size>
         <input_file_ref idref="fl-3"/>
      </object_component>
      <object_component id="oc-17d">
         <name>.debug_info</name>
         <load_address>0x1d80</load_address>
         <run_address>0x1d80</run_address>
         <size>0xdf</size>
         <input_file_ref idref="fl-3"/>
      </object_component>
      <object_component id="oc-1d7">
         <name>.debug_info</name>
         <load_address>0x1e5f</load_address>
         <run_address>0x1e5f</run_address>
         <size>0xc2</size>
         <input_file_ref idref="fl-3"/>
      </object_component>
      <object_component id="oc-1da">
         <name>.debug_info</name>
         <load_address>0x1f21</load_address>
         <run_address>0x1f21</run_address>
         <size>0xbe</size>
         <input_file_ref idref="fl-3"/>
      </object_component>
      <object_component id="oc-1dd">
         <name>.debug_info</name>
         <load_address>0x1fdf</load_address>
         <run_address>0x1fdf</run_address>
         <size>0xbe</size>
         <input_file_ref idref="fl-3"/>
      </object_component>
      <object_component id="oc-14f">
         <name>.debug_info</name>
         <load_address>0x209d</load_address>
         <run_address>0x209d</run_address>
         <size>0x1b1</size>
         <input_file_ref idref="fl-3"/>
      </object_component>
      <object_component id="oc-124">
         <name>.debug_info</name>
         <load_address>0x224e</load_address>
         <run_address>0x224e</run_address>
         <size>0x10e</size>
         <input_file_ref idref="fl-3"/>
      </object_component>
      <object_component id="oc-2f9">
         <name>.debug_info</name>
         <load_address>0x235c</load_address>
         <run_address>0x235c</run_address>
         <size>0x206</size>
         <input_file_ref idref="fl-1e"/>
      </object_component>
      <object_component id="oc-262">
         <name>.debug_info</name>
         <load_address>0x2562</load_address>
         <run_address>0x2562</run_address>
         <size>0x253</size>
         <input_file_ref idref="fl-1e"/>
      </object_component>
      <object_component id="oc-2ec">
         <name>.debug_info</name>
         <load_address>0x27b5</load_address>
         <run_address>0x27b5</run_address>
         <size>0x94</size>
         <input_file_ref idref="fl-1e"/>
      </object_component>
      <object_component id="oc-29b">
         <name>.debug_info</name>
         <load_address>0x2849</load_address>
         <run_address>0x2849</run_address>
         <size>0x118</size>
         <input_file_ref idref="fl-1f"/>
      </object_component>
      <object_component id="oc-f2">
         <name>.debug_info</name>
         <load_address>0x2961</load_address>
         <run_address>0x2961</run_address>
         <size>0xf5</size>
         <input_file_ref idref="fl-20"/>
      </object_component>
      <object_component id="oc-6d">
         <name>.debug_info</name>
         <load_address>0x2a56</load_address>
         <run_address>0x2a56</run_address>
         <size>0x196</size>
         <input_file_ref idref="fl-21"/>
      </object_component>
      <object_component id="oc-16c">
         <name>.debug_info</name>
         <load_address>0x2bec</load_address>
         <run_address>0x2bec</run_address>
         <size>0x16b</size>
         <input_file_ref idref="fl-22"/>
      </object_component>
      <object_component id="oc-35">
         <name>.debug_info</name>
         <load_address>0x2d57</load_address>
         <run_address>0x2d57</run_address>
         <size>0x287</size>
         <input_file_ref idref="fl-22"/>
      </object_component>
      <object_component id="oc-105">
         <name>.debug_info</name>
         <load_address>0x2fde</load_address>
         <run_address>0x2fde</run_address>
         <size>0x60</size>
         <input_file_ref idref="fl-22"/>
      </object_component>
      <object_component id="oc-167">
         <name>.debug_info</name>
         <load_address>0x303e</load_address>
         <run_address>0x303e</run_address>
         <size>0x46</size>
         <input_file_ref idref="fl-22"/>
      </object_component>
      <object_component id="oc-11b">
         <name>.debug_info</name>
         <load_address>0x3084</load_address>
         <run_address>0x3084</run_address>
         <size>0x1b2</size>
         <input_file_ref idref="fl-23"/>
      </object_component>
      <object_component id="oc-3b">
         <name>.debug_info</name>
         <load_address>0x3236</load_address>
         <run_address>0x3236</run_address>
         <size>0x1df</size>
         <input_file_ref idref="fl-23"/>
      </object_component>
      <object_component id="oc-116">
         <name>.debug_info</name>
         <load_address>0x3415</load_address>
         <run_address>0x3415</run_address>
         <size>0x46</size>
         <input_file_ref idref="fl-23"/>
      </object_component>
      <object_component id="oc-174">
         <name>.debug_info</name>
         <load_address>0x345b</load_address>
         <run_address>0x345b</run_address>
         <size>0x2c</size>
         <input_file_ref idref="fl-23"/>
      </object_component>
      <object_component id="oc-12d">
         <name>.debug_info</name>
         <load_address>0x3487</load_address>
         <run_address>0x3487</run_address>
         <size>0x16a</size>
         <input_file_ref idref="fl-24"/>
      </object_component>
      <object_component id="oc-4e">
         <name>.debug_info</name>
         <load_address>0x35f1</load_address>
         <run_address>0x35f1</run_address>
         <size>0x1b5</size>
         <input_file_ref idref="fl-24"/>
      </object_component>
      <object_component id="oc-128">
         <name>.debug_info</name>
         <load_address>0x37a6</load_address>
         <run_address>0x37a6</run_address>
         <size>0x46</size>
         <input_file_ref idref="fl-24"/>
      </object_component>
      <object_component id="oc-16f">
         <name>.debug_info</name>
         <load_address>0x37ec</load_address>
         <run_address>0x37ec</run_address>
         <size>0x2c</size>
         <input_file_ref idref="fl-24"/>
      </object_component>
      <object_component id="oc-309">
         <name>.debug_info</name>
         <load_address>0x3818</load_address>
         <run_address>0x3818</run_address>
         <size>0x1c4</size>
         <input_file_ref idref="fl-25"/>
      </object_component>
      <object_component id="oc-274">
         <name>.debug_info</name>
         <load_address>0x39dc</load_address>
         <run_address>0x39dc</run_address>
         <size>0x1cd</size>
         <input_file_ref idref="fl-25"/>
      </object_component>
      <object_component id="oc-2e0">
         <name>.debug_info</name>
         <load_address>0x3ba9</load_address>
         <run_address>0x3ba9</run_address>
         <size>0xdb</size>
         <input_file_ref idref="fl-25"/>
      </object_component>
      <object_component id="oc-2df">
         <name>.debug_info</name>
         <load_address>0x3c84</load_address>
         <run_address>0x3c84</run_address>
         <size>0x1e7</size>
         <input_file_ref idref="fl-26"/>
      </object_component>
      <object_component id="oc-256">
         <name>.debug_info</name>
         <load_address>0x3e6b</load_address>
         <run_address>0x3e6b</run_address>
         <size>0x1c4</size>
         <input_file_ref idref="fl-26"/>
      </object_component>
      <object_component id="oc-370">
         <name>.debug_info</name>
         <load_address>0x402f</load_address>
         <run_address>0x402f</run_address>
         <size>0x11b</size>
         <input_file_ref idref="fl-27"/>
      </object_component>
      <object_component id="oc-2f1">
         <name>.debug_info</name>
         <load_address>0x414a</load_address>
         <run_address>0x414a</run_address>
         <size>0x201</size>
         <input_file_ref idref="fl-28"/>
      </object_component>
      <object_component id="oc-25c">
         <name>.debug_info</name>
         <load_address>0x434b</load_address>
         <run_address>0x434b</run_address>
         <size>0x27f</size>
         <input_file_ref idref="fl-28"/>
      </object_component>
      <object_component id="oc-2d5">
         <name>.debug_info</name>
         <load_address>0x45ca</load_address>
         <run_address>0x45ca</run_address>
         <size>0x24b</size>
         <input_file_ref idref="fl-29"/>
      </object_component>
      <object_component id="oc-2af">
         <name>.debug_info</name>
         <load_address>0x4815</load_address>
         <run_address>0x4815</run_address>
         <size>0xee</size>
         <input_file_ref idref="fl-29"/>
      </object_component>
      <object_component id="oc-2b7">
         <name>.debug_info</name>
         <load_address>0x4903</load_address>
         <run_address>0x4903</run_address>
         <size>0xf2</size>
         <input_file_ref idref="fl-29"/>
      </object_component>
      <object_component id="oc-2ba">
         <name>.debug_info</name>
         <load_address>0x49f5</load_address>
         <run_address>0x49f5</run_address>
         <size>0xf2</size>
         <input_file_ref idref="fl-29"/>
      </object_component>
      <object_component id="oc-248">
         <name>.debug_info</name>
         <load_address>0x4ae7</load_address>
         <run_address>0x4ae7</run_address>
         <size>0xc9f</size>
         <input_file_ref idref="fl-29"/>
      </object_component>
      <object_component id="oc-2d0">
         <name>.debug_info</name>
         <load_address>0x5786</load_address>
         <run_address>0x5786</run_address>
         <size>0x39</size>
         <input_file_ref idref="fl-29"/>
      </object_component>
      <object_component id="oc-32c">
         <name>.debug_info</name>
         <load_address>0x57bf</load_address>
         <run_address>0x57bf</run_address>
         <size>0x1d2</size>
         <input_file_ref idref="fl-2a"/>
      </object_component>
      <object_component id="oc-2a9">
         <name>.debug_info</name>
         <load_address>0x5991</load_address>
         <run_address>0x5991</run_address>
         <size>0x202</size>
         <input_file_ref idref="fl-2a"/>
      </object_component>
      <object_component id="oc-101">
         <name>.debug_info</name>
         <load_address>0x5b93</load_address>
         <run_address>0x5b93</run_address>
         <size>0x126</size>
         <input_file_ref idref="fl-2b"/>
      </object_component>
      <object_component id="oc-2c2">
         <name>.debug_info</name>
         <load_address>0x5cb9</load_address>
         <run_address>0x5cb9</run_address>
         <size>0xf3</size>
         <input_file_ref idref="fl-2c"/>
      </object_component>
      <object_component id="oc-159">
         <name>.debug_info</name>
         <load_address>0x5dac</load_address>
         <run_address>0x5dac</run_address>
         <size>0x117</size>
         <input_file_ref idref="fl-2d"/>
      </object_component>
      <object_component id="oc-31d">
         <name>.debug_info</name>
         <load_address>0x5ec3</load_address>
         <run_address>0x5ec3</run_address>
         <size>0x1b5</size>
         <input_file_ref idref="fl-2f"/>
      </object_component>
      <object_component id="oc-292">
         <name>.debug_info</name>
         <load_address>0x6078</load_address>
         <run_address>0x6078</run_address>
         <size>0x15b</size>
         <input_file_ref idref="fl-30"/>
      </object_component>
      <object_component id="oc-378">
         <name>.debug_info</name>
         <load_address>0x61d3</load_address>
         <run_address>0x61d3</run_address>
         <size>0x1ca</size>
         <input_file_ref idref="fl-31"/>
      </object_component>
      <object_component id="oc-322">
         <name>.debug_info</name>
         <load_address>0x639d</load_address>
         <run_address>0x639d</run_address>
         <size>0x210</size>
         <input_file_ref idref="fl-31"/>
      </object_component>
      <object_component id="oc-364">
         <name>.debug_info</name>
         <load_address>0x65ad</load_address>
         <run_address>0x65ad</run_address>
         <size>0x1ff</size>
         <input_file_ref idref="fl-32"/>
      </object_component>
      <object_component id="oc-2f3">
         <name>.debug_info</name>
         <load_address>0x67ac</load_address>
         <run_address>0x67ac</run_address>
         <size>0x31e</size>
         <input_file_ref idref="fl-32"/>
      </object_component>
      <object_component id="oc-355">
         <name>.debug_info</name>
         <load_address>0x6aca</load_address>
         <run_address>0x6aca</run_address>
         <size>0x1d1</size>
         <input_file_ref idref="fl-33"/>
      </object_component>
      <object_component id="oc-2e7">
         <name>.debug_info</name>
         <load_address>0x6c9b</load_address>
         <run_address>0x6c9b</run_address>
         <size>0x5c4</size>
         <input_file_ref idref="fl-33"/>
      </object_component>
      <object_component id="oc-245">
         <name>.debug_info</name>
         <load_address>0x725f</load_address>
         <run_address>0x725f</run_address>
         <size>0x119</size>
         <input_file_ref idref="fl-34"/>
      </object_component>
      <object_component id="oc-2bd">
         <name>.debug_info</name>
         <load_address>0x7378</load_address>
         <run_address>0x7378</run_address>
         <size>0x125</size>
         <input_file_ref idref="fl-35"/>
      </object_component>
      <object_component id="oc-250">
         <name>.debug_info</name>
         <load_address>0x749d</load_address>
         <run_address>0x749d</run_address>
         <size>0x119</size>
         <input_file_ref idref="fl-36"/>
      </object_component>
      <object_component id="oc-2b2">
         <name>.debug_info</name>
         <load_address>0x75b6</load_address>
         <run_address>0x75b6</run_address>
         <size>0x124</size>
         <input_file_ref idref="fl-37"/>
      </object_component>
      <object_component id="oc-23e">
         <name>.debug_info</name>
         <load_address>0x76da</load_address>
         <run_address>0x76da</run_address>
         <size>0x119</size>
         <input_file_ref idref="fl-38"/>
      </object_component>
      <object_component id="oc-2cd">
         <name>.debug_info</name>
         <load_address>0x77f3</load_address>
         <run_address>0x77f3</run_address>
         <size>0x119</size>
         <input_file_ref idref="fl-39"/>
      </object_component>
      <object_component id="oc-30c">
         <name>.debug_info</name>
         <load_address>0x790c</load_address>
         <run_address>0x790c</run_address>
         <size>0x12a</size>
         <input_file_ref idref="fl-3a"/>
      </object_component>
      <object_component id="oc-318">
         <name>.debug_info</name>
         <load_address>0x7a36</load_address>
         <run_address>0x7a36</run_address>
         <size>0x11f</size>
         <input_file_ref idref="fl-3b"/>
      </object_component>
      <object_component id="oc-11d">
         <name>.debug_info</name>
         <load_address>0x7b55</load_address>
         <run_address>0x7b55</run_address>
         <size>0x107</size>
         <input_file_ref idref="fl-48"/>
      </object_component>
      <object_component id="oc-f7">
         <name>.debug_info</name>
         <load_address>0x7c5c</load_address>
         <run_address>0x7c5c</run_address>
         <size>0x118</size>
         <input_file_ref idref="fl-49"/>
      </object_component>
      <object_component id="oc-2a6">
         <name>.debug_info</name>
         <load_address>0x7d74</load_address>
         <run_address>0x7d74</run_address>
         <size>0x118</size>
         <input_file_ref idref="fl-4a"/>
      </object_component>
      <object_component id="oc-304">
         <name>.debug_info</name>
         <load_address>0x7e8c</load_address>
         <run_address>0x7e8c</run_address>
         <size>0x11e</size>
         <input_file_ref idref="fl-4a"/>
      </object_component>
      <object_component id="oc-fd">
         <name>.debug_info</name>
         <load_address>0x7faa</load_address>
         <run_address>0x7faa</run_address>
         <size>0x118</size>
         <input_file_ref idref="fl-4b"/>
      </object_component>
      <object_component id="oc-35b">
         <name>.debug_info</name>
         <load_address>0x80c2</load_address>
         <run_address>0x80c2</run_address>
         <size>0x118</size>
         <input_file_ref idref="fl-4c"/>
      </object_component>
      <object_component id="oc-34b">
         <name>.debug_info</name>
         <load_address>0x81da</load_address>
         <run_address>0x81da</run_address>
         <size>0x11e</size>
         <input_file_ref idref="fl-4c"/>
      </object_component>
      <object_component id="oc-16e">
         <name>.debug_info</name>
         <load_address>0x82f8</load_address>
         <run_address>0x82f8</run_address>
         <size>0x16d</size>
         <input_file_ref idref="fl-4e"/>
      </object_component>
      <object_component id="oc-112">
         <name>.debug_info</name>
         <load_address>0x8465</load_address>
         <run_address>0x8465</run_address>
         <size>0x191</size>
         <input_file_ref idref="fl-4e"/>
      </object_component>
      <object_component id="oc-301">
         <name>.debug_info</name>
         <load_address>0x85f6</load_address>
         <run_address>0x85f6</run_address>
         <size>0x201</size>
         <input_file_ref idref="fl-50"/>
      </object_component>
      <object_component id="oc-268">
         <name>.debug_info</name>
         <load_address>0x87f7</load_address>
         <run_address>0x87f7</run_address>
         <size>0x2d5</size>
         <input_file_ref idref="fl-50"/>
      </object_component>
      <object_component id="oc-1f1">
         <name>.debug_info</name>
         <load_address>0x8acc</load_address>
         <run_address>0x8acc</run_address>
         <size>0x119</size>
         <input_file_ref idref="fl-51"/>
      </object_component>
      <object_component id="oc-351">
         <name>.debug_info</name>
         <load_address>0x8be5</load_address>
         <run_address>0x8be5</run_address>
         <size>0x119</size>
         <input_file_ref idref="fl-52"/>
      </object_component>
      <object_component id="oc-130">
         <name>.debug_info</name>
         <load_address>0x8cfe</load_address>
         <run_address>0x8cfe</run_address>
         <size>0x148</size>
         <input_file_ref idref="fl-53"/>
      </object_component>
      <object_component id="oc-384">
         <name>.debug_info</name>
         <load_address>0x8e46</load_address>
         <run_address>0x8e46</run_address>
         <size>0x1d1</size>
         <input_file_ref idref="fl-54"/>
      </object_component>
      <object_component id="oc-35e">
         <name>.debug_info</name>
         <load_address>0x9017</load_address>
         <run_address>0x9017</run_address>
         <size>0x1ee</size>
         <input_file_ref idref="fl-54"/>
      </object_component>
      <object_component id="oc-33e">
         <name>.debug_info</name>
         <load_address>0x9205</load_address>
         <run_address>0x9205</run_address>
         <size>0x207</size>
         <input_file_ref idref="fl-55"/>
      </object_component>
      <object_component id="oc-2c8">
         <name>.debug_info</name>
         <load_address>0x940c</load_address>
         <run_address>0x940c</run_address>
         <size>0x253</size>
         <input_file_ref idref="fl-55"/>
      </object_component>
      <object_component id="oc-33f">
         <name>.debug_info</name>
         <load_address>0x965f</load_address>
         <run_address>0x965f</run_address>
         <size>0x2c</size>
         <input_file_ref idref="fl-55"/>
      </object_component>
      <object_component id="oc-26f">
         <name>.debug_info</name>
         <load_address>0x968b</load_address>
         <run_address>0x968b</run_address>
         <size>0x182</size>
         <input_file_ref idref="fl-56"/>
      </object_component>
      <object_component id="oc-2a1">
         <name>.debug_info</name>
         <load_address>0x980d</load_address>
         <run_address>0x980d</run_address>
         <size>0x118</size>
         <input_file_ref idref="fl-59"/>
      </object_component>
      <object_component id="oc-2dc">
         <name>.debug_info</name>
         <load_address>0x9925</load_address>
         <run_address>0x9925</run_address>
         <size>0x11e</size>
         <input_file_ref idref="fl-59"/>
      </object_component>
      <object_component id="oc-199">
         <name>.debug_info</name>
         <load_address>0x9a43</load_address>
         <run_address>0x9a43</run_address>
         <size>0x3b6</size>
         <input_file_ref idref="fl-5a"/>
      </object_component>
      <object_component id="oc-135">
         <name>.debug_info</name>
         <load_address>0x9df9</load_address>
         <run_address>0x9df9</run_address>
         <size>0x1c2</size>
         <input_file_ref idref="fl-5a"/>
      </object_component>
      <object_component id="oc-1fa">
         <name>.debug_info</name>
         <load_address>0x9fbb</load_address>
         <run_address>0x9fbb</run_address>
         <size>0x39</size>
         <input_file_ref idref="fl-5a"/>
      </object_component>
      <object_component id="oc-1ff">
         <name>.debug_info</name>
         <load_address>0x9ff4</load_address>
         <run_address>0x9ff4</run_address>
         <size>0xcd</size>
         <input_file_ref idref="fl-5a"/>
      </object_component>
      <object_component id="oc-1f6">
         <name>.debug_info</name>
         <load_address>0xa0c1</load_address>
         <run_address>0xa0c1</run_address>
         <size>0x252</size>
         <input_file_ref idref="fl-5b"/>
      </object_component>
      <object_component id="oc-18f">
         <name>.debug_info</name>
         <load_address>0xa313</load_address>
         <run_address>0xa313</run_address>
         <size>0x1b0</size>
         <input_file_ref idref="fl-5b"/>
      </object_component>
      <object_component id="oc-283">
         <name>.debug_info</name>
         <load_address>0xa4c3</load_address>
         <run_address>0xa4c3</run_address>
         <size>0x2c</size>
         <input_file_ref idref="fl-5b"/>
      </object_component>
      <object_component id="oc-368">
         <name>.debug_info</name>
         <load_address>0xa4ef</load_address>
         <run_address>0xa4ef</run_address>
         <size>0x1d1</size>
         <input_file_ref idref="fl-5c"/>
      </object_component>
      <object_component id="oc-2fb">
         <name>.debug_info</name>
         <load_address>0xa6c0</load_address>
         <run_address>0xa6c0</run_address>
         <size>0x3a0</size>
         <input_file_ref idref="fl-5c"/>
      </object_component>
      <object_component id="oc-33a">
         <name>.debug_info</name>
         <load_address>0xaa60</load_address>
         <run_address>0xaa60</run_address>
         <size>0x159</size>
         <input_file_ref idref="fl-5d"/>
      </object_component>
      <object_component id="oc-195">
         <name>.debug_info</name>
         <load_address>0xabb9</load_address>
         <run_address>0xabb9</run_address>
         <size>0x145</size>
         <input_file_ref idref="fl-5e"/>
      </object_component>
      <object_component id="oc-3ca">
         <name>.debug_info</name>
         <load_address>0xacfe</load_address>
         <run_address>0xacfe</run_address>
         <size>0x9c</size>
      </object_component>
      <object_component id="oc-28f">
         <name>.debug_line</name>
         <load_address>0x0</load_address>
         <run_address>0x0</run_address>
         <size>0xf9</size>
         <input_file_ref idref="fl-2"/>
      </object_component>
      <object_component id="oc-2d8">
         <name>.debug_line</name>
         <load_address>0xf9</load_address>
         <run_address>0xf9</run_address>
         <size>0x32</size>
         <input_file_ref idref="fl-2"/>
      </object_component>
      <object_component id="oc-1b2">
         <name>.debug_line</name>
         <load_address>0x12b</load_address>
         <run_address>0x12b</run_address>
         <size>0x4b</size>
         <input_file_ref idref="fl-2"/>
      </object_component>
      <object_component id="oc-1b8">
         <name>.debug_line</name>
         <load_address>0x176</load_address>
         <run_address>0x176</run_address>
         <size>0x49</size>
         <input_file_ref idref="fl-2"/>
      </object_component>
      <object_component id="oc-1be">
         <name>.debug_line</name>
         <load_address>0x1bf</load_address>
         <run_address>0x1bf</run_address>
         <size>0x4b</size>
         <input_file_ref idref="fl-2"/>
      </object_component>
      <object_component id="oc-226">
         <name>.debug_line</name>
         <load_address>0x20a</load_address>
         <run_address>0x20a</run_address>
         <size>0x48</size>
         <input_file_ref idref="fl-2"/>
      </object_component>
      <object_component id="oc-1c5">
         <name>.debug_line</name>
         <load_address>0x252</load_address>
         <run_address>0x252</run_address>
         <size>0x4d</size>
         <input_file_ref idref="fl-2"/>
      </object_component>
      <object_component id="oc-313">
         <name>.debug_line</name>
         <load_address>0x29f</load_address>
         <run_address>0x29f</run_address>
         <size>0x62</size>
         <input_file_ref idref="fl-2"/>
      </object_component>
      <object_component id="oc-27d">
         <name>.debug_line</name>
         <load_address>0x301</load_address>
         <run_address>0x301</run_address>
         <size>0x66</size>
         <input_file_ref idref="fl-2"/>
      </object_component>
      <object_component id="oc-183">
         <name>.debug_line</name>
         <load_address>0x367</load_address>
         <run_address>0x367</run_address>
         <size>0x4b</size>
         <input_file_ref idref="fl-2"/>
      </object_component>
      <object_component id="oc-1d4">
         <name>.debug_line</name>
         <load_address>0x3b2</load_address>
         <run_address>0x3b2</run_address>
         <size>0x5a</size>
         <input_file_ref idref="fl-2"/>
      </object_component>
      <object_component id="oc-1ce">
         <name>.debug_line</name>
         <load_address>0x40c</load_address>
         <run_address>0x40c</run_address>
         <size>0x4a</size>
         <input_file_ref idref="fl-2"/>
      </object_component>
      <object_component id="oc-23a">
         <name>.debug_line</name>
         <load_address>0x456</load_address>
         <run_address>0x456</run_address>
         <size>0x48</size>
         <input_file_ref idref="fl-2"/>
      </object_component>
      <object_component id="oc-1e3">
         <name>.debug_line</name>
         <load_address>0x49e</load_address>
         <run_address>0x49e</run_address>
         <size>0x65</size>
         <input_file_ref idref="fl-2"/>
      </object_component>
      <object_component id="oc-10d">
         <name>.debug_line</name>
         <load_address>0x503</load_address>
         <run_address>0x503</run_address>
         <size>0x20</size>
         <input_file_ref idref="fl-2"/>
      </object_component>
      <object_component id="oc-1ef">
         <name>.debug_line</name>
         <load_address>0x523</load_address>
         <run_address>0x523</run_address>
         <size>0xc0</size>
         <input_file_ref idref="fl-3"/>
      </object_component>
      <object_component id="oc-22c">
         <name>.debug_line</name>
         <load_address>0x5e3</load_address>
         <run_address>0x5e3</run_address>
         <size>0x2d</size>
         <input_file_ref idref="fl-3"/>
      </object_component>
      <object_component id="oc-1ec">
         <name>.debug_line</name>
         <load_address>0x610</load_address>
         <run_address>0x610</run_address>
         <size>0x2d</size>
         <input_file_ref idref="fl-3"/>
      </object_component>
      <object_component id="oc-231">
         <name>.debug_line</name>
         <load_address>0x63d</load_address>
         <run_address>0x63d</run_address>
         <size>0x2d</size>
         <input_file_ref idref="fl-3"/>
      </object_component>
      <object_component id="oc-233">
         <name>.debug_line</name>
         <load_address>0x66a</load_address>
         <run_address>0x66a</run_address>
         <size>0x2d</size>
         <input_file_ref idref="fl-3"/>
      </object_component>
      <object_component id="oc-235">
         <name>.debug_line</name>
         <load_address>0x697</load_address>
         <run_address>0x697</run_address>
         <size>0x2d</size>
         <input_file_ref idref="fl-3"/>
      </object_component>
      <object_component id="oc-152">
         <name>.debug_line</name>
         <load_address>0x6c4</load_address>
         <run_address>0x6c4</run_address>
         <size>0x69</size>
         <input_file_ref idref="fl-3"/>
      </object_component>
      <object_component id="oc-123">
         <name>.debug_line</name>
         <load_address>0x72d</load_address>
         <run_address>0x72d</run_address>
         <size>0x4b</size>
         <input_file_ref idref="fl-3"/>
      </object_component>
      <object_component id="oc-366">
         <name>.debug_line</name>
         <load_address>0x778</load_address>
         <run_address>0x778</run_address>
         <size>0x2d</size>
         <input_file_ref idref="fl-1e"/>
      </object_component>
      <object_component id="oc-265">
         <name>.debug_line</name>
         <load_address>0x7a5</load_address>
         <run_address>0x7a5</run_address>
         <size>0xcb</size>
         <input_file_ref idref="fl-1e"/>
      </object_component>
      <object_component id="oc-2ef">
         <name>.debug_line</name>
         <load_address>0x870</load_address>
         <run_address>0x870</run_address>
         <size>0x2e</size>
         <input_file_ref idref="fl-1e"/>
      </object_component>
      <object_component id="oc-29a">
         <name>.debug_line</name>
         <load_address>0x89e</load_address>
         <run_address>0x89e</run_address>
         <size>0x4e</size>
         <input_file_ref idref="fl-1f"/>
      </object_component>
      <object_component id="oc-163">
         <name>.debug_line</name>
         <load_address>0x8ec</load_address>
         <run_address>0x8ec</run_address>
         <size>0x2a</size>
         <input_file_ref idref="fl-20"/>
      </object_component>
      <object_component id="oc-6c">
         <name>.debug_line</name>
         <load_address>0x916</load_address>
         <run_address>0x916</run_address>
         <size>0x4c</size>
         <input_file_ref idref="fl-21"/>
      </object_component>
      <object_component id="oc-1e8">
         <name>.debug_line</name>
         <load_address>0x962</load_address>
         <run_address>0x962</run_address>
         <size>0x20</size>
         <input_file_ref idref="fl-22"/>
      </object_component>
      <object_component id="oc-39">
         <name>.debug_line</name>
         <load_address>0x982</load_address>
         <run_address>0x982</run_address>
         <size>0x92</size>
         <input_file_ref idref="fl-22"/>
      </object_component>
      <object_component id="oc-108">
         <name>.debug_line</name>
         <load_address>0xa14</load_address>
         <run_address>0xa14</run_address>
         <size>0x3a</size>
         <input_file_ref idref="fl-22"/>
      </object_component>
      <object_component id="oc-16a">
         <name>.debug_line</name>
         <load_address>0xa4e</load_address>
         <run_address>0xa4e</run_address>
         <size>0x8a</size>
         <input_file_ref idref="fl-22"/>
      </object_component>
      <object_component id="oc-17a">
         <name>.debug_line</name>
         <load_address>0xad8</load_address>
         <run_address>0xad8</run_address>
         <size>0x8a</size>
         <input_file_ref idref="fl-23"/>
      </object_component>
      <object_component id="oc-3e">
         <name>.debug_line</name>
         <load_address>0xb62</load_address>
         <run_address>0xb62</run_address>
         <size>0x50</size>
         <input_file_ref idref="fl-23"/>
      </object_component>
      <object_component id="oc-119">
         <name>.debug_line</name>
         <load_address>0xbb2</load_address>
         <run_address>0xbb2</run_address>
         <size>0x3a</size>
         <input_file_ref idref="fl-23"/>
      </object_component>
      <object_component id="oc-177">
         <name>.debug_line</name>
         <load_address>0xbec</load_address>
         <run_address>0xbec</run_address>
         <size>0x8a</size>
         <input_file_ref idref="fl-23"/>
      </object_component>
      <object_component id="oc-18a">
         <name>.debug_line</name>
         <load_address>0xc76</load_address>
         <run_address>0xc76</run_address>
         <size>0x20</size>
         <input_file_ref idref="fl-24"/>
      </object_component>
      <object_component id="oc-51">
         <name>.debug_line</name>
         <load_address>0xc96</load_address>
         <run_address>0xc96</run_address>
         <size>0x4d</size>
         <input_file_ref idref="fl-24"/>
      </object_component>
      <object_component id="oc-12b">
         <name>.debug_line</name>
         <load_address>0xce3</load_address>
         <run_address>0xce3</run_address>
         <size>0x34</size>
         <input_file_ref idref="fl-24"/>
      </object_component>
      <object_component id="oc-172">
         <name>.debug_line</name>
         <load_address>0xd17</load_address>
         <run_address>0xd17</run_address>
         <size>0x8a</size>
         <input_file_ref idref="fl-24"/>
      </object_component>
      <object_component id="oc-36d">
         <name>.debug_line</name>
         <load_address>0xda1</load_address>
         <run_address>0xda1</run_address>
         <size>0x20</size>
         <input_file_ref idref="fl-25"/>
      </object_component>
      <object_component id="oc-277">
         <name>.debug_line</name>
         <load_address>0xdc1</load_address>
         <run_address>0xdc1</run_address>
         <size>0x6c</size>
         <input_file_ref idref="fl-25"/>
      </object_component>
      <object_component id="oc-2e3">
         <name>.debug_line</name>
         <load_address>0xe2d</load_address>
         <run_address>0xe2d</run_address>
         <size>0x2e</size>
         <input_file_ref idref="fl-25"/>
      </object_component>
      <object_component id="oc-349">
         <name>.debug_line</name>
         <load_address>0xe5b</load_address>
         <run_address>0xe5b</run_address>
         <size>0x20</size>
         <input_file_ref idref="fl-26"/>
      </object_component>
      <object_component id="oc-259">
         <name>.debug_line</name>
         <load_address>0xe7b</load_address>
         <run_address>0xe7b</run_address>
         <size>0x57</size>
         <input_file_ref idref="fl-26"/>
      </object_component>
      <object_component id="oc-373">
         <name>.debug_line</name>
         <load_address>0xed2</load_address>
[...]
         <value>0xe790</value>
         <object_component_ref idref="oc-31a"/>
      </symbol>
      <symbol id="sm-326">
         <name>__mspabi_fltid</name>
         <value>0xeeb8</value>
         <object_component_ref idref="oc-290"/>
      </symbol>
      <symbol id="sm-33d">
         <name>__mspabi_fltlid</name>
         <value>0xe4c0</value>
         <object_component_ref idref="oc-321"/>
      </symbol>
      <symbol id="sm-35e">
         <name>__TI_frcaddd</name>
         <value>0xd97e</value>
         <object_component_ref idref="oc-2f2"/>
      </symbol>
      <symbol id="sm-379">
         <name>__TI_frcdivd</name>
         <value>0xca60</value>
         <object_component_ref idref="oc-2e5"/>
      </symbol>
      <symbol id="sm-394">
         <name>__mspabi_subf</name>
         <value>0xdf52</value>
         <object_component_ref idref="oc-242"/>
      </symbol>
      <symbol id="sm-395">
         <name>__mspabi_addf</name>
         <value>0xdf58</value>
         <object_component_ref idref="oc-242"/>
      </symbol>
      <symbol id="sm-3a5">
         <name>__mspabi_cmpf</name>
         <value>0xeaec</value>
         <object_component_ref idref="oc-2bc"/>
      </symbol>
      <symbol id="sm-3b7">
         <name>__mspabi_divf</name>
         <value>0xe56c</value>
         <object_component_ref idref="oc-24d"/>
      </symbol>
      <symbol id="sm-3c6">
         <name>__mspabi_fltlif</name>
         <value>0xeb36</value>
         <object_component_ref idref="oc-2b1"/>
      </symbol>
      <symbol id="sm-3dd">
         <name>__mspabi_mpyf</name>
         <value>0xe292</value>
         <object_component_ref idref="oc-23d"/>
      </symbol>
      <symbol id="sm-3e6">
         <name>__mspabi_negf</name>
         <value>0xeec4</value>
         <object_component_ref idref="oc-2ca"/>
      </symbol>
      <symbol id="sm-3f5">
         <name>__mspabi_fixful</name>
         <value>0xea54</value>
         <object_component_ref idref="oc-30a"/>
      </symbol>
      <symbol id="sm-401">
         <name>__mspabi_fltulf</name>
         <value>0xec7c</value>
         <object_component_ref idref="oc-315"/>
      </symbol>
      <symbol id="sm-404">
         <name>__TI_int00</name>
         <value>0xffe0</value>
         <object_component_ref idref="oc-40"/>
      </symbol>
      <symbol id="sm-407">
         <name>__TI_int02</name>
         <value>0xffe4</value>
         <object_component_ref idref="oc-41"/>
      </symbol>
      <symbol id="sm-40a">
         <name>__TI_int03</name>
         <value>0xffe6</value>
         <object_component_ref idref="oc-42"/>
      </symbol>
      <symbol id="sm-40d">
         <name>__TI_int05</name>
         <value>0xffea</value>
         <object_component_ref idref="oc-43"/>
      </symbol>
      <symbol id="sm-410">
         <name>__TI_int06</name>
         <value>0xffec</value>
         <object_component_ref idref="oc-44"/>
      </symbol>
      <symbol id="sm-413">
         <name>__TI_int08</name>
         <value>0xfff0</value>
         <object_component_ref idref="oc-46"/>
      </symbol>
      <symbol id="sm-416">
         <name>__TI_int09</name>
         <value>0xfff2</value>
         <object_component_ref idref="oc-47"/>
      </symbol>
      <symbol id="sm-419">
         <name>__TI_int10</name>
         <value>0xfff4</value>
         <object_component_ref idref="oc-48"/>
      </symbol>
      <symbol id="sm-41c">
         <name>__TI_int11</name>
         <value>0xfff6</value>
         <object_component_ref idref="oc-49"/>
      </symbol>
      <symbol id="sm-41f">
         <name>__TI_int12</name>
         <value>0xfff8</value>
         <object_component_ref idref="oc-4a"/>
      </symbol>
      <symbol id="sm-422">
         <name>__TI_int13</name>
         <value>0xfffa</value>
         <object_component_ref idref="oc-4b"/>
      </symbol>
      <symbol id="sm-425">
         <name>__TI_int14</name>
         <value>0xfffc</value>
         <object_component_ref idref="oc-4c"/>
      </symbol>
      <symbol id="sm-42d">
         <name>__TI_ISR_TRAP</name>
         <value>0xeece</value>
         <object_component_ref idref="oc-11c"/>
      </symbol>
      <symbol id="sm-435">
         <name>__mspabi_slli</name>
         <value>0xed08</value>
         <object_component_ref idref="oc-f5"/>
      </symbol>
      <symbol id="sm-436">
         <name>__mspabi_slli_9</name>
         <value>0xed20</value>
         <object_component_ref idref="oc-f5"/>
      </symbol>
      <symbol id="sm-437">
         <name>__mspabi_slli_8</name>
         <value>0xed22</value>
         <object_component_ref idref="oc-f5"/>
      </symbol>
      <symbol id="sm-438">
         <name>__mspabi_slli_7</name>
         <value>0xed24</value>
         <object_component_ref idref="oc-f5"/>
      </symbol>
      <symbol id="sm-439">
         <name>__mspabi_slli_6</name>
         <value>0xed26</value>
         <object_component_ref idref="oc-f5"/>
      </symbol>
      <symbol id="sm-43a">
         <name>__mspabi_slli_5</name>
         <value>0xed28</value>
         <object_component_ref idref="oc-f5"/>
      </symbol>
      <symbol id="sm-43b">
         <name>__mspabi_slli_4</name>
         <value>0xed2a</value>
         <object_component_ref idref="oc-f5"/>
      </symbol>
      <symbol id="sm-43c">
         <name>__mspabi_slli_3</name>
         <value>0xed2c</value>
         <object_component_ref idref="oc-f5"/>
      </symbol>
      <symbol id="sm-43d">
         <name>__mspabi_slli_2</name>
         <value>0xed2e</value>
         <object_component_ref idref="oc-f5"/>
      </symbol>
      <symbol id="sm-43e">
         <name>__mspabi_slli_1</name>
         <value>0xed30</value>
         <object_component_ref idref="oc-f5"/>
      </symbol>
      <symbol id="sm-43f">
         <name>__mspabi_slli_15</name>
         <value>0xed14</value>
         <object_component_ref idref="oc-f5"/>
      </symbol>
      <symbol id="sm-440">
         <name>__mspabi_slli_14</name>
         <value>0xed16</value>
         <object_component_ref idref="oc-f5"/>
      </symbol>
      <symbol id="sm-441">
         <name>__mspabi_slli_13</name>
         <value>0xed18</value>
         <object_component_ref idref="oc-f5"/>
      </symbol>
      <symbol id="sm-442">
         <name>__mspabi_slli_12</name>
         <value>0xed1a</value>
         <object_component_ref idref="oc-f5"/>
      </symbol>
      <symbol id="sm-443">
         <name>__mspabi_slli_11</name>
         <value>0xed1c</value>
         <object_component_ref idref="oc-f5"/>
      </symbol>
      <symbol id="sm-444">
         <name>__mspabi_slli_10</name>
         <value>0xed1e</value>
         <object_component_ref idref="oc-f5"/>
      </symbol>
      <symbol id="sm-454">
         <name>__mspabi_slll_9</name>
         <value>0xec56</value>
         <object_component_ref idref="oc-303"/>
      </symbol>
      <symbol id="sm-455">
         <name>__mspabi_slll_8</name>
         <value>0xec5a</value>
         <object_component_ref idref="oc-303"/>
      </symbol>
      <symbol id="sm-456">
         <name>__mspabi_slll_7</name>
         <value>0xec5e</value>
         <object_component_ref idref="oc-303"/>
      </symbol>
      <symbol id="sm-457">
         <name>__mspabi_slll_6</name>
         <value>0xec62</value>
         <object_component_ref idref="oc-303"/>
      </symbol>
      <symbol id="sm-458">
         <name>__mspabi_slll_5</name>
         <value>0xec66</value>
         <object_component_ref idref="oc-303"/>
      </symbol>
      <symbol id="sm-459">
         <name>__mspabi_slll_4</name>
         <value>0xec6a</value>
         <object_component_ref idref="oc-303"/>
      </symbol>
      <symbol id="sm-45a">
         <name>__mspabi_slll_3</name>
         <value>0xec6e</value>
         <object_component_ref idref="oc-303"/>
      </symbol>
      <symbol id="sm-45b">
         <name>__mspabi_slll_2</name>
         <value>0xec72</value>
         <object_component_ref idref="oc-303"/>
      </symbol>
      <symbol id="sm-45c">
         <name>__mspabi_slll_1</name>
         <value>0xec76</value>
         <object_component_ref idref="oc-303"/>
      </symbol>
      <symbol id="sm-45d">
         <name>__mspabi_slll</name>
         <value>0xee80</value>
         <object_component_ref idref="oc-2a3"/>
      </symbol>
      <symbol id="sm-45e">
         <name>__mspabi_slll_15</name>
         <value>0xec3e</value>
         <object_component_ref idref="oc-303"/>
      </symbol>
      <symbol id="sm-45f">
         <name>__mspabi_slll_14</name>
         <value>0xec42</value>
         <object_component_ref idref="oc-303"/>
      </symbol>
      <symbol id="sm-460">
         <name>__mspabi_slll_13</name>
         <value>0xec46</value>
         <object_component_ref idref="oc-303"/>
      </symbol>
      <symbol id="sm-461">
         <name>__mspabi_slll_12</name>
         <value>0xec4a</value>
         <object_component_ref idref="oc-303"/>
      </symbol>
      <symbol id="sm-462">
         <name>__mspabi_slll_11</name>
         <value>0xec4e</value>
         <object_component_ref idref="oc-303"/>
      </symbol>
      <symbol id="sm-463">
         <name>__mspabi_slll_10</name>
         <value>0xec52</value>
         <object_component_ref idref="oc-303"/>
      </symbol>
      <symbol id="sm-46b">
         <name>__mspabi_srli_8</name>
         <value>0xeaca</value>
         <object_component_ref idref="oc-fa"/>
      </symbol>
      <symbol id="sm-46c">
         <name>__mspabi_srli_9</name>
         <value>0xeac6</value>
         <object_component_ref idref="oc-fa"/>
      </symbol>
      <symbol id="sm-46d">
         <name>__mspabi_srli_6</name>
         <value>0xead2</value>
         <object_component_ref idref="oc-fa"/>
      </symbol>
      <symbol id="sm-46e">
         <name>__mspabi_srli_7</name>
         <value>0xeace</value>
         <object_component_ref idref="oc-fa"/>
      </symbol>
      <symbol id="sm-46f">
         <name>__mspabi_srli_4</name>
         <value>0xeada</value>
         <object_component_ref idref="oc-fa"/>
      </symbol>
      <symbol id="sm-470">
         <name>__mspabi_srli_5</name>
         <value>0xead6</value>
         <object_component_ref idref="oc-fa"/>
      </symbol>
      <symbol id="sm-471">
         <name>__mspabi_srli_2</name>
         <value>0xeae2</value>
         <object_component_ref idref="oc-fa"/>
      </symbol>
      <symbol id="sm-472">
         <name>__mspabi_srli_3</name>
         <value>0xeade</value>
         <object_component_ref idref="oc-fa"/>
      </symbol>
      <symbol id="sm-473">
         <name>__mspabi_srli_1</name>
         <value>0xeae6</value>
         <object_component_ref idref="oc-fa"/>
      </symbol>
      <symbol id="sm-474">
         <name>__mspabi_srli</name>
         <value>0xeaa0</value>
         <object_component_ref idref="oc-fa"/>
      </symbol>
      <symbol id="sm-475">
         <name>__mspabi_srli_15</name>
         <value>0xeaae</value>
         <object_component_ref idref="oc-fa"/>
      </symbol>
      <symbol id="sm-476">
         <name>__mspabi_srli_14</name>
         <value>0xeab2</value>
         <object_component_ref idref="oc-fa"/>
      </symbol>
      <symbol id="sm-477">
         <name>__mspabi_srli_13</name>
         <value>0xeab6</value>
         <object_component_ref idref="oc-fa"/>
      </symbol>
      <symbol id="sm-478">
         <name>__mspabi_srli_12</name>
         <value>0xeaba</value>
         <object_component_ref idref="oc-fa"/>
      </symbol>
      <symbol id="sm-479">
         <name>__mspabi_srli_11</name>
         <value>0xeabe</value>
         <object_component_ref idref="oc-fa"/>
      </symbol>
      <symbol id="sm-47a">
         <name>__mspabi_srli_10</name>
         <value>0xeac2</value>
         <object_component_ref idref="oc-fa"/>
      </symbol>
      <symbol id="sm-48a">
         <name>__mspabi_srll_8</name>
         <value>0xe970</value>
         <object_component_ref idref="oc-34a"/>
      </symbol>
      <symbol id="sm-48b">
         <name>__mspabi_srll_9</name>
         <value>0xe96a</value>
         <object_component_ref idref="oc-34a"/>
      </symbol>
      <symbol id="sm-48c">
         <name>__mspabi_srll_6</name>
         <value>0xe97c</value>
         <object_component_ref idref="oc-34a"/>
      </symbol>
      <symbol id="sm-48d">
         <name>__mspabi_srll_7</name>
         <value>0xe976</value>
         <object_component_ref idref="oc-34a"/>
      </symbol>
      <symbol id="sm-48e">
         <name>__mspabi_srll_4</name>
         <value>0xe988</value>
         <object_component_ref idref="oc-34a"/>
      </symbol>
      <symbol id="sm-48f">
         <name>__mspabi_srll_5</name>
         <value>0xe982</value>
         <object_component_ref idref="oc-34a"/>
      </symbol>
      <symbol id="sm-490">
         <name>__mspabi_srll_2</name>
         <value>0xe994</value>
         <object_component_ref idref="oc-34a"/>
      </symbol>
      <symbol id="sm-491">
         <name>__mspabi_srll_3</name>
         <value>0xe98e</value>
         <object_component_ref idref="oc-34a"/>
      </symbol>
      <symbol id="sm-492">
         <name>__mspabi_srll_1</name>
         <value>0xe99a</value>
         <object_component_ref idref="oc-34a"/>
      </symbol>
      <symbol id="sm-493">
         <name>__mspabi_srll_15</name>
         <value>0xe946</value>
         <object_component_ref idref="oc-34a"/>
      </symbol>
      <symbol id="sm-494">
         <name>__mspabi_srll_14</name>
         <value>0xe94c</value>
         <object_component_ref idref="oc-34a"/>
      </symbol>
      <symbol id="sm-495">
         <name>__mspabi_srll_13</name>
         <value>0xe952</value>
         <object_component_ref idref="oc-34a"/>
      </symbol>
      <symbol id="sm-496">
         <name>__mspabi_srll_12</name>
         <value>0xe958</value>
         <object_component_ref idref="oc-34a"/>
      </symbol>
      <symbol id="sm-497">
         <name>__mspabi_srll_11</name>
         <value>0xe95e</value>
         <object_component_ref idref="oc-34a"/>
      </symbol>
      <symbol id="sm-498">
         <name>__mspabi_srll_10</name>
         <value>0xe964</value>
         <object_component_ref idref="oc-34a"/>
      </symbol>
      <symbol id="sm-499">
         <name>__mspabi_srll</name>
         <value>0xee4c</value>
         <object_component_ref idref="oc-358"/>
      </symbol>
      <symbol id="sm-4a8">
         <name>memcpy</name>
         <value>0xee5e</value>
         <object_component_ref idref="oc-10f"/>
      </symbol>
      <symbol id="sm-4cb">
         <name>__mspabi_mpyd</name>
         <value>0xd710</value>
         <object_component_ref idref="oc-267"/>
      </symbol>
      <symbol id="sm-4d5">
         <name>__mspabi_mpyi_sw</name>
         <value>0xee14</value>
         <object_component_ref idref="oc-1f0"/>
      </symbol>
      <symbol id="sm-4d6">
         <name>__mspabi_mpyi</name>
         <value>0xee14</value>
         <object_component_ref idref="oc-1f0"/>
      </symbol>
      <symbol id="sm-4e0">
         <name>__mspabi_mpyl_sw</name>
         <value>0xed34</value>
         <object_component_ref idref="oc-34f"/>
      </symbol>
      <symbol id="sm-4e1">
         <name>__mspabi_mpyl</name>
         <value>0xed34</value>
         <object_component_ref idref="oc-34f"/>
      </symbol>
      <symbol id="sm-4ea">
         <name>_system_pre_init</name>
         <value>0xeedc</value>
         <object_component_ref idref="oc-12e"/>
      </symbol>
      <symbol id="sm-4fd">
         <name>__TI_renormd</name>
         <value>0xe356</value>
         <object_component_ref idref="oc-35d"/>
      </symbol>
      <symbol id="sm-518">
         <name>scalbnf</name>
         <value>0xe084</value>
         <object_component_ref idref="oc-2c4"/>
      </symbol>
      <symbol id="sm-519">
         <name>ldexpf</name>
         <value>0xe084</value>
         <object_component_ref idref="oc-2c4"/>
      </symbol>
      <symbol id="sm-522">
         <name>__mspabi_subd</name>
         <value>0xecae</value>
         <object_component_ref idref="oc-26d"/>
      </symbol>
      <symbol id="sm-534">
         <name>__mspabi_sral</name>
         <value>0xee70</value>
         <object_component_ref idref="oc-29e"/>
      </symbol>
      <symbol id="sm-535">
         <name>__mspabi_sral_15</name>
         <value>0xec00</value>
         <object_component_ref idref="oc-2d9"/>
      </symbol>
      <symbol id="sm-536">
         <name>__mspabi_sral_14</name>
         <value>0xec04</value>
         <object_component_ref idref="oc-2d9"/>
      </symbol>
      <symbol id="sm-537">
         <name>__mspabi_sral_13</name>
         <value>0xec08</value>
         <object_component_ref idref="oc-2d9"/>
      </symbol>
      <symbol id="sm-538">
         <name>__mspabi_sral_12</name>
         <value>0xec0c</value>
         <object_component_ref idref="oc-2d9"/>
      </symbol>
      <symbol id="sm-539">
         <name>__mspabi_sral_11</name>
         <value>0xec10</value>
         <object_component_ref idref="oc-2d9"/>
      </symbol>
      <symbol id="sm-53a">
         <name>__mspabi_sral_10</name>
         <value>0xec14</value>
         <object_component_ref idref="oc-2d9"/>
      </symbol>
      <symbol id="sm-53b">
         <name>__mspabi_sral_8</name>
         <value>0xec1c</value>
         <object_component_ref idref="oc-2d9"/>
      </symbol>
      <symbol id="sm-53c">
         <name>__mspabi_sral_9</name>
         <value>0xec18</value>
         <object_component_ref idref="oc-2d9"/>
      </symbol>
      <symbol id="sm-53d">
         <name>__mspabi_sral_6</name>
         <value>0xec24</value>
         <object_component_ref idref="oc-2d9"/>
      </symbol>
      <symbol id="sm-53e">
         <name>__mspabi_sral_7</name>
         <value>0xec20</value>
         <object_component_ref idref="oc-2d9"/>
      </symbol>
      <symbol id="sm-53f">
         <name>__mspabi_sral_4</name>
         <value>0xec2c</value>
         <object_component_ref idref="oc-2d9"/>
      </symbol>
      <symbol id="sm-540">
         <name>__mspabi_sral_5</name>
         <value>0xec28</value>
         <object_component_ref idref="oc-2d9"/>
      </symbol>
      <symbol id="sm-541">
         <name>__mspabi_sral_2</name>
         <value>0xec34</value>
         <object_component_ref idref="oc-2d9"/>
      </symbol>
      <symbol id="sm-542">
         <name>__mspabi_sral_3</name>
         <value>0xec30</value>
         <object_component_ref idref="oc-2d9"/>
      </symbol>
      <symbol id="sm-543">
         <name>__mspabi_sral_1</name>
         <value>0xec38</value>
         <object_component_ref idref="oc-2d9"/>
      </symbol>
      <symbol id="sm-55f">
         <name>_auto_init</name>
         <value>0xe876</value>
         <object_component_ref idref="oc-134"/>
      </symbol>
      <symbol id="sm-575">
         <name>copy_in</name>
         <value>0xe9a2</value>
         <object_component_ref idref="oc-18c"/>
      </symbol>
      <symbol id="sm-585">
         <name>__TI_frcmpyd</name>
         <value>0xd48a</value>
         <object_component_ref idref="oc-2fa"/>
      </symbol>
      <symbol id="sm-58e">
         <name>copysignf</name>
         <value>0xee28</value>
         <object_component_ref idref="oc-337"/>
      </symbol>
      <symbol id="sm-597">
         <name>_system_post_cinit</name>
         <value>0xeee0</value>
         <object_component_ref idref="oc-192"/>
      </symbol>
      <symbol id="sm-59a">
         <name>__TI_BINIT_Base</name>
         <value>0x0</value>
      </symbol>
      <symbol id="sm-59b">
         <name>__TI_BINIT_Limit</name>
         <value>0x0</value>
      </symbol>
      <symbol id="sm-59c">
         <name>__TI_INITARRAY_Base</name>
         <value>0x0</value>
      </symbol>
      <symbol id="sm-59d">
         <name>__TI_INITARRAY_Limit</name>
         <value>0x0</value>
      </symbol>
   </symbol_table>
   <title>Link successful</title>
</link_info>
