<?xml version="1.0"?>
<link_info>
   <banner>MSP430 Linker PC v16.9.6.LTS</banner>
   <copyright>Copyright (c) 2003-2017 Texas Instruments Incorporated</copyright>
   <link_time>0x5acf2600</link_time>
   <link_errors>0x0</link_errors>
   <output_file>uart-v5.out</output_file>
   <entry_point>
      <name>_c_int00_noargs_noexit</name>
      <address>0xe100</address>
   </entry_point>
   <input_file_list>
      <input_file id="fl-2">
         <path>.\</path>
         <kind>object</kind>
         <file>functions.obj</file>
         <name>functions.obj</name>
      </input_file>
      <input_file id="fl-3">
         <path>.\</path>
         <kind>object</kind>
         <file>main.obj</file>
         <name>main.obj</name>
      </input_file>
      <input_file id="fl-8">
         <kind>object</kind>
         <file>&lt;internal&gt;</file>
         <name>&lt;internal&gt;</name>
      </input_file>
      <input_file id="fl-1e">
         <path>D:\TI\ccsv7\tools\compiler\ti-cgt-msp430_16.9.6.LTS\lib\</path>
         <kind>archive</kind>
         <file>rts430_eabi.lib</file>
         <name>addd.obj</name>
      </input_file>
      <input_file id="fl-1f">
         <path>D:\TI\ccsv7\tools\compiler\ti-cgt-msp430_16.9.6.LTS\lib\</path>
         <kind>archive</kind>
         <file>rts430_eabi.lib</file>
         <name>asr16.obj</name>
      </input_file>
      <input_file id="fl-20">
         <path>D:\TI\ccsv7\tools\compiler\ti-cgt-msp430_16.9.6.LTS\lib\</path>
         <kind>archive</kind>
         <file>rts430_eabi.lib</file>
         <name>boot.obj</name>
      </input_file>
      <input_file id="fl-21">
         <path>D:\TI\ccsv7\tools\compiler\ti-cgt-msp430_16.9.6.LTS\lib\</path>
         <kind>archive</kind>
         <file>rts430_eabi.lib</file>
         <name>boot_special.obj</name>
      </input_file>
      <input_file id="fl-22">
         <path>D:\TI\ccsv7\tools\compiler\ti-cgt-msp430_16.9.6.LTS\lib\</path>
         <kind>archive</kind>
         <file>rts430_eabi.lib</file>
         <name>copy_decompress_lzss.obj</name>
      </input_file>
      <input_file id="fl-23">
         <path>D:\TI\ccsv7\tools\compiler\ti-cgt-msp430_16.9.6.LTS\lib\</path>
         <kind>archive</kind>
         <file>rts430_eabi.lib</file>
         <name>copy_decompress_none.obj</name>
      </input_file>
      <input_file id="fl-24">
         <path>D:\TI\ccsv7\tools\compiler\ti-cgt-msp430_16.9.6.LTS\lib\</path>
         <kind>archive</kind>
         <file>rts430_eabi.lib</file>
         <name>copy_zero_init.obj</name>
      </input_file>
      <input_file id="fl-25">
         <path>D:\TI\ccsv7\tools\compiler\ti-cgt-msp430_16.9.6.LTS\lib\</path>
         <kind>archive</kind>
         <file>rts430_eabi.lib</file>
         <name>cvtdf.obj</name>
      </input_file>
      <input_file id="fl-26">
         <path>D:\TI\ccsv7\tools\compiler\ti-cgt-msp430_16.9.6.LTS\lib\</path>
         <kind>archive</kind>
         <file>rts430_eabi.lib</file>
         <name>cvtfd.obj</name>
      </input_file>
      <input_file id="fl-27">
         <path>D:\TI\ccsv7\tools\compiler\ti-cgt-msp430_16.9.6.LTS\lib\</path>
         <kind>archive</kind>
         <file>rts430_eabi.lib</file>
         <name>div32u.obj</name>
      </input_file>
      <input_file id="fl-28">
         <path>D:\TI\ccsv7\tools\compiler\ti-cgt-msp430_16.9.6.LTS\lib\</path>
         <kind>archive</kind>
         <file>rts430_eabi.lib</file>
         <name>divd.obj</name>
      </input_file>
      <input_file id="fl-29">
         <path>D:\TI\ccsv7\tools\compiler\ti-cgt-msp430_16.9.6.LTS\lib\</path>
         <kind>archive</kind>
         <file>rts430_eabi.lib</file>
         <name>epilog.obj</name>
      </input_file>
      <input_file id="fl-2a">
         <path>D:\TI\ccsv7\tools\compiler\ti-cgt-msp430_16.9.6.LTS\lib\</path>
         <kind>archive</kind>
         <file>rts430_eabi.lib</file>
         <name>exit.obj</name>
      </input_file>
      <input_file id="fl-2b">
         <path>D:\TI\ccsv7\tools\compiler\ti-cgt-msp430_16.9.6.LTS\lib\</path>
         <kind>archive</kind>
         <file>rts430_eabi.lib</file>
         <name>exit_gvars.obj</name>
      </input_file>
      <input_file id="fl-2c">
         <path>D:\TI\ccsv7\tools\compiler\ti-cgt-msp430_16.9.6.LTS\lib\</path>
         <kind>archive</kind>
         <file>rts430_eabi.lib</file>
         <name>fixdul.obj</name>
      </input_file>
      <input_file id="fl-2d">
         <path>D:\TI\ccsv7\tools\compiler\ti-cgt-msp430_16.9.6.LTS\lib\</path>
         <kind>archive</kind>
         <file>rts430_eabi.lib</file>
         <name>fltid.obj</name>
      </input_file>
      <input_file id="fl-2e">
         <path>D:\TI\ccsv7\tools\compiler\ti-cgt-msp430_16.9.6.LTS\lib\</path>
         <kind>archive</kind>
         <file>rts430_eabi.lib</file>
         <name>fltlid.obj</name>
      </input_file>
      <input_file id="fl-2f">
         <path>D:\TI\ccsv7\tools\compiler\ti-cgt-msp430_16.9.6.LTS\lib\</path>
         <kind>archive</kind>
         <file>rts430_eabi.lib</file>
         <name>frcaddd.obj</name>
      </input_file>
      <input_file id="fl-30">
         <path>D:\TI\ccsv7\tools\compiler\ti-cgt-msp430_16.9.6.LTS\lib\</path>
         <kind>archive</kind>
         <file>rts430_eabi.lib</file>
         <name>frcdivd.obj</name>
      </input_file>
      <input_file id="fl-31">
         <path>D:\TI\ccsv7\tools\compiler\ti-cgt-msp430_16.9.6.LTS\lib\</path>
         <kind>archive</kind>
         <file>rts430_eabi.lib</file>
         <name>fs_add.obj</name>
      </input_file>
      <input_file id="fl-32">
         <path>D:\TI\ccsv7\tools\compiler\ti-cgt-msp430_16.9.6.LTS\lib\</path>
         <kind>archive</kind>
         <file>rts430_eabi.lib</file>
         <name>fs_cmp.obj</name>
      </input_file>
      <input_file id="fl-33">
         <path>D:\TI\ccsv7\tools\compiler\ti-cgt-msp430_16.9.6.LTS\lib\</path>
         <kind>archive</kind>
         <file>rts430_eabi.lib</file>
         <name>fs_div.obj</name>
      </input_file>
      <input_file id="fl-34">
         <path>D:\TI\ccsv7\tools\compiler\ti-cgt-msp430_16.9.6.LTS\lib\</path>
         <kind>archive</kind>
         <file>rts430_eabi.lib</file>
         <name>fs_itof.obj</name>
      </input_file>
      <input_file id="fl-35">
         <path>D:\TI\ccsv7\tools\compiler\ti-cgt-msp430_16.9.6.LTS\lib\</path>
         <kind>archive</kind>
         <file>rts430_eabi.lib</file>
         <name>fs_mpy.obj</name>
      </input_file>
      <input_file id="fl-36">
         <path>D:\TI\ccsv7\tools\compiler\ti-cgt-msp430_16.9.6.LTS\lib\</path>
         <kind>archive</kind>
         <file>rts430_eabi.lib</file>
         <name>fs_neg.obj</name>
      </input_file>
      <input_file id="fl-37">
         <path>D:\TI\ccsv7\tools\compiler\ti-cgt-msp430_16.9.6.LTS\lib\</path>
         <kind>archive</kind>
         <file>rts430_eabi.lib</file>
         <name>fs_toi.obj</name>
      </input_file>
      <input_file id="fl-38">
         <path>D:\TI\ccsv7\tools\compiler\ti-cgt-msp430_16.9.6.LTS\lib\</path>
         <kind>archive</kind>
         <file>rts430_eabi.lib</file>
         <name>fs_toul.obj</name>
      </input_file>
      <input_file id="fl-39">
         <path>D:\TI\ccsv7\tools\compiler\ti-cgt-msp430_16.9.6.LTS\lib\</path>
         <kind>archive</kind>
         <file>rts430_eabi.lib</file>
         <name>fs_ultof.obj</name>
      </input_file>
      <input_file id="fl-3a">
         <path>D:\TI\ccsv7\tools\compiler\ti-cgt-msp430_16.9.6.LTS\lib\</path>
         <kind>archive</kind>
         <file>rts430_eabi.lib</file>
         <name>int00.obj</name>
      </input_file>
      <input_file id="fl-3b">
         <path>D:\TI\ccsv7\tools\compiler\ti-cgt-msp430_16.9.6.LTS\lib\</path>
         <kind>archive</kind>
         <file>rts430_eabi.lib</file>
         <name>int02.obj</name>
      </input_file>
      <input_file id="fl-3c">
         <path>D:\TI\ccsv7\tools\compiler\ti-cgt-msp430_16.9.6.LTS\lib\</path>
         <kind>archive</kind>
         <file>rts430_eabi.lib</file>
         <name>int03.obj</name>
      </input_file>
      <input_file id="fl-3d">
         <path>D:\TI\ccsv7\tools\compiler\ti-cgt-msp430_16.9.6.LTS\lib\</path>
         <kind>archive</kind>
         <file>rts430_eabi.lib</file>
         <name>int05.obj</name>
      </input_file>
      <input_file id="fl-3e">
         <path>D:\TI\ccsv7\tools\compiler\ti-cgt-msp430_16.9.6.LTS\lib\</path>
         <kind>archive</kind>
         <file>rts430_eabi.lib</file>
         <name>int06.obj</name>
      </input_file>
      <input_file id="fl-3f">
         <path>D:\TI\ccsv7\tools\compiler\ti-cgt-msp430_16.9.6.LTS\lib\</path>
         <kind>archive</kind>
         <file>rts430_eabi.lib</file>
         <name>int08.obj</name>
      </input_file>
      <input_file id="fl-40">
         <path>D:\TI\ccsv7\tools\compiler\ti-cgt-msp430_16.9.6.LTS\lib\</path>
         <kind>archive</kind>
         <file>rts430_eabi.lib</file>
         <name>int09.obj</name>
      </input_file>
      <input_file id="fl-41">
         <path>D:\TI\ccsv7\tools\compiler\ti-cgt-msp430_16.9.6.LTS\lib\</path>
         <kind>archive</kind>
         <file>rts430_eabi.lib</file>
         <name>int10.obj</name>
      </input_file>
      <input_file id="fl-42">
         <path>D:\TI\ccsv7\tools\compiler\ti-cgt-msp430_16.9.6.LTS\lib\</path>
         <kind>archive</kind>
         <file>rts430_eabi.lib</file>
         <name>int11.obj</name>
      </input_file>
      <input_file id="fl-43">
         <path>D:\TI\ccsv7\tools\compiler\ti-cgt-msp430_16.9.6.LTS\lib\</path>
         <kind>archive</kind>
         <file>rts430_eabi.lib</file>
         <name>int12.obj</name>
      </input_file>
      <input_file id="fl-44">
         <path>D:\TI\ccsv7\tools\compiler\ti-cgt-msp430_16.9.6.LTS\lib\</path>
         <kind>archive</kind>
         <file>rts430_eabi.lib</file>
         <name>int13.obj</name>
      </input_file>
      <input_file id="fl-45">
         <path>D:\TI\ccsv7\tools\compiler\ti-cgt-msp430_16.9.6.LTS\lib\</path>
         <kind>archive</kind>
         <file>rts430_eabi.lib</file>
         <name>int14.obj</name>
      </input_file>
      <input_file id="fl-46">
         <path>D:\TI\ccsv7\tools\compiler\ti-cgt-msp430_16.9.6.LTS\lib\</path>
         <kind>archive</kind>
         <file>rts430_eabi.lib</file>
         <name>isr_trap.obj</name>
      </input_file>
      <input_file id="fl-47">
         <path>D:\TI\ccsv7\tools\compiler\ti-cgt-msp430_16.9.6.LTS\lib\</path>
         <kind>archive</kind>
         <file>rts430_eabi.lib</file>
         <name>lsl16.obj</name>
      </input_file>
      <input_file id="fl-48">
         <path>D:\TI\ccsv7\tools\compiler\ti-cgt-msp430_16.9.6.LTS\lib\</path>
         <kind>archive</kind>
         <file>rts430_eabi.lib</file>
         <name>lsl32.obj</name>
      </input_file>
      <input_file id="fl-49">
         <path>D:\TI\ccsv7\tools\compiler\ti-cgt-msp430_16.9.6.LTS\lib\</path>
         <kind>archive</kind>
         <file>rts430_eabi.lib</file>
         <name>lsr16.obj</name>
      </input_file>
      <input_file id="fl-4a">
         <path>D:\TI\ccsv7\tools\compiler\ti-cgt-msp430_16.9.6.LTS\lib\</path>
         <kind>archive</kind>
         <file>rts430_eabi.lib</file>
         <name>lsr32.obj</name>
      </input_file>
      <input_file id="fl-4b">
         <path>D:\TI\ccsv7\tools\compiler\ti-cgt-msp430_16.9.6.LTS\lib\</path>
         <kind>archive</kind>
         <file>rts430_eabi.lib</file>
         <name>lsr64.obj</name>
      </input_file>
      <input_file id="fl-4c">
         <path>D:\TI\ccsv7\tools\compiler\ti-cgt-msp430_16.9.6.LTS\lib\</path>
         <kind>archive</kind>
         <file>rts430_eabi.lib</file>
         <name>memcpy.obj</name>
      </input_file>
      <input_file id="fl-4d">
         <path>D:\TI\ccsv7\tools\compiler\ti-cgt-msp430_16.9.6.LTS\lib\</path>
         <kind>archive</kind>
         <file>rts430_eabi.lib</file>
         <name>mpu_init.obj</name>
      </input_file>
      <input_file id="fl-4e">
         <path>D:\TI\ccsv7\tools\compiler\ti-cgt-msp430_16.9.6.LTS\lib\</path>
         <kind>archive</kind>
         <file>rts430_eabi.lib</file>
         <name>mpyd.obj</name>
      </input_file>
      <input_file id="fl-4f">
         <path>D:\TI\ccsv7\tools\compiler\ti-cgt-msp430_16.9.6.LTS\lib\</path>
         <kind>archive</kind>
         <file>rts430_eabi.lib</file>
         <name>mult16.obj</name>
      </input_file>
      <input_file id="fl-50">
         <path>D:\TI\ccsv7\tools\compiler\ti-cgt-msp430_16.9.6.LTS\lib\</path>
         <kind>archive</kind>
         <file>rts430_eabi.lib</file>
         <name>mult32.obj</name>
      </input_file>
      <input_file id="fl-51">
         <path>D:\TI\ccsv7\tools\compiler\ti-cgt-msp430_16.9.6.LTS\lib\</path>
         <kind>archive</kind>
         <file>rts430_eabi.lib</file>
         <name>pre_init.obj</name>
      </input_file>
      <input_file id="fl-52">
         <path>D:\TI\ccsv7\tools\compiler\ti-cgt-msp430_16.9.6.LTS\lib\</path>
         <kind>archive</kind>
         <file>rts430_eabi.lib</file>
         <name>renormd.obj</name>
      </input_file>
      <input_file id="fl-53">
         <path>D:\TI\ccsv7\tools\compiler\ti-cgt-msp430_16.9.6.LTS\lib\</path>
         <kind>archive</kind>
         <file>rts430_eabi.lib</file>
         <name>_lock.obj</name>
      </input_file>
      <input_file id="fl-54">
         <path>D:\TI\ccsv7\tools\compiler\ti-cgt-msp430_16.9.6.LTS\lib\</path>
         <kind>archive</kind>
         <file>rts430_eabi.lib</file>
         <name>args_main.obj</name>
      </input_file>
      <input_file id="fl-55">
         <path>D:\TI\ccsv7\tools\compiler\ti-cgt-msp430_16.9.6.LTS\lib\</path>
         <kind>archive</kind>
         <file>rts430_eabi.lib</file>
         <name>asr32.obj</name>
      </input_file>
      <input_file id="fl-56">
         <path>D:\TI\ccsv7\tools\compiler\ti-cgt-msp430_16.9.6.LTS\lib\</path>
         <kind>archive</kind>
         <file>rts430_eabi.lib</file>
         <name>autoinit.obj</name>
      </input_file>
      <input_file id="fl-57">
         <path>D:\TI\ccsv7\tools\compiler\ti-cgt-msp430_16.9.6.LTS\lib\</path>
         <kind>archive</kind>
         <file>rts430_eabi.lib</file>
         <name>cpy_tbl.obj</name>
      </input_file>
      <input_file id="fl-58">
         <path>D:\TI\ccsv7\tools\compiler\ti-cgt-msp430_16.9.6.LTS\lib\</path>
         <kind>archive</kind>
         <file>rts430_eabi.lib</file>
         <name>frcmpyd.obj</name>
      </input_file>
      <input_file id="fl-59">
         <path>D:\TI\ccsv7\tools\compiler\ti-cgt-msp430_16.9.6.LTS\lib\</path>
         <kind>archive</kind>
         <file>rts430_eabi.lib</file>
         <name>startup.obj</name>
      </input_file>
   </input_file_list>
   <object_component_list>
      <object_component id="oc-23d">
         <name>.common:dis</name>
         <uninitialized>true</uninitialized>
         <run_address>0x264</run_address>
         <size>0xc</size>
      </object_component>
      <object_component id="oc-185">
         <name>.common:ReceivedString</name>
         <uninitialized>true</uninitialized>
         <run_address>0x200</run_address>
         <size>0x64</size>
      </object_component>
      <object_component id="oc-1d6">
         <name>.common:RSSI</name>
         <uninitialized>true</uninitialized>
         <run_address>0x270</run_address>
         <size>0x6</size>
      </object_component>
      <object_component id="oc-249">
         <name>.data</name>
         <load_address>0x29a</load_address>
         <run_address>0x29a</run_address>
         <size>0x8</size>
         <input_file_ref idref="fl-2"/>
      </object_component>
      <object_component id="oc-2fc">
         <name>.data:pwr</name>
         <load_address>0x276</load_address>
         <run_address>0x276</run_address>
         <size>0x24</size>
         <input_file_ref idref="fl-2"/>
      </object_component>
      <object_component id="oc-1c7">
         <name>.data:SSID</name>
         <load_address>0x2a2</load_address>
         <run_address>0x2a2</run_address>
         <size>0x6</size>
         <input_file_ref idref="fl-3"/>
      </object_component>
      <object_component id="oc-17c">
         <name>.data</name>
         <load_address>0x2a8</load_address>
         <run_address>0x2a8</run_address>
         <size>0x4</size>
         <input_file_ref idref="fl-3"/>
      </object_component>
      <object_component id="oc-1d7">
         <name>.data:w1</name>
         <load_address>0x2ac</load_address>
         <run_address>0x2ac</run_address>
         <size>0x4</size>
         <input_file_ref idref="fl-3"/>
      </object_component>
      <object_component id="oc-1da">
         <name>.data:w2</name>
         <load_address>0x2b0</load_address>
         <run_address>0x2b0</run_address>
         <size>0x4</size>
         <input_file_ref idref="fl-3"/>
      </object_component>
      <object_component id="oc-1dd">
         <name>.data:w3</name>
         <load_address>0x2b4</load_address>
         <run_address>0x2b4</run_address>
         <size>0x4</size>
         <input_file_ref idref="fl-3"/>
      </object_component>
      <object_component id="oc-f1">
         <name>.stack</name>
         <uninitialized>true</uninitialized>
         <run_address>0x3b0</run_address>
         <size>0x2</size>
         <input_file_ref idref="fl-20"/>
      </object_component>
      <object_component id="oc-3a7">
         <name>.stack</name>
         <uninitialized>true</uninitialized>
         <run_address>0x3b0</run_address>
         <size>0x0</size>
      </object_component>
      <object_component id="oc-2e8">
         <name>.text:__TI_frcdivd</name>
         <load_address>0xc000</load_address>
         <run_address>0xc000</run_address>
         <size>0x480</size>
         <input_file_ref idref="fl-30"/>
      </object_component>
      <object_component id="oc-2c2">
         <name>.text:__mspabi_addd</name>
         <load_address>0xc480</load_address>
         <run_address>0xc480</run_address>
         <size>0x2e8</size>
         <input_file_ref idref="fl-1e"/>
      </object_component>
      <object_component id="oc-2db">
         <name>.text:__TI_frcmpyd</name>
         <load_address>0xc768</load_address>
         <run_address>0xc768</run_address>
         <size>0x286</size>
         <input_file_ref idref="fl-58"/>
      </object_component>
      <object_component id="oc-26f">
         <name>.text:__mspabi_mpyd</name>
         <load_address>0xc9ee</load_address>
         <run_address>0xc9ee</run_address>
         <size>0x26e</size>
         <input_file_ref idref="fl-4e"/>
      </object_component>
      <object_component id="oc-31a">
         <name>.text:__TI_frcaddd</name>
         <load_address>0xcc5c</load_address>
         <run_address>0xcc5c</run_address>
         <size>0x260</size>
         <input_file_ref idref="fl-2f"/>
      </object_component>
      <object_component id="oc-275">
         <name>.text:__mspabi_divd</name>
         <load_address>0xcebc</load_address>
         <run_address>0xcebc</run_address>
         <size>0x238</size>
         <input_file_ref idref="fl-28"/>
      </object_component>
      <object_component id="oc-289">
         <name>.text</name>
         <load_address>0xd0f4</load_address>
         <run_address>0xd0f4</run_address>
         <size>0x132</size>
         <input_file_ref idref="fl-31"/>
      </object_component>
      <object_component id="oc-1e0">
         <name>.text:CaculatePosition</name>
         <load_address>0xd226</load_address>
         <run_address>0xd226</run_address>
         <size>0xf0</size>
         <input_file_ref idref="fl-2"/>
      </object_component>
      <object_component id="oc-24c">
         <name>.text:x_object</name>
         <load_address>0xd316</load_address>
         <run_address>0xd316</run_address>
         <size>0xd4</size>
         <input_file_ref idref="fl-2"/>
      </object_component>
      <object_component id="oc-14e">
         <name>.text:main</name>
         <load_address>0xd3ea</load_address>
         <run_address>0xd3ea</run_address>
         <size>0xc4</size>
         <input_file_ref idref="fl-3"/>
      </object_component>
      <object_component id="oc-29c">
         <name>.text</name>
         <load_address>0xd4ae</load_address>
         <run_address>0xd4ae</run_address>
         <size>0xc4</size>
         <input_file_ref idref="fl-35"/>
      </object_component>
      <object_component id="oc-351">
         <name>.text:__TI_renormd</name>
         <load_address>0xd572</load_address>
         <run_address>0xd572</run_address>
         <size>0xbe</size>
         <input_file_ref idref="fl-52"/>
      </object_component>
      <object_component id="oc-252">
         <name>.text:UART_SendFloat</name>
         <load_address>0xd630</load_address>
         <run_address>0xd630</run_address>
         <size>0xac</size>
         <input_file_ref idref="fl-2"/>
      </object_component>
      <object_component id="oc-2cf">
         <name>.text:__mspabi_fltlid</name>
         <load_address>0xd6dc</load_address>
         <run_address>0xd6dc</run_address>
         <size>0xac</size>
         <input_file_ref idref="fl-2e"/>
      </object_component>
      <object_component id="oc-281">
         <name>.text:pow</name>
         <load_address>0xd788</load_address>
         <run_address>0xd788</run_address>
         <size>0xaa</size>
         <input_file_ref idref="fl-2"/>
      </object_component>
      <object_component id="oc-297">
         <name>.text</name>
         <load_address>0xd832</load_address>
         <run_address>0xd832</run_address>
         <size>0x9c</size>
         <input_file_ref idref="fl-33"/>
      </object_component>
      <object_component id="oc-27b">
         <name>.text:__mspabi_cvtdf</name>
         <load_address>0xd8ce</load_address>
         <run_address>0xd8ce</run_address>
         <size>0x8c</size>
         <input_file_ref idref="fl-25"/>
      </object_component>
      <object_component id="oc-2b1">
         <name>.text:UART_SendInt</name>
         <load_address>0xd95a</load_address>
         <run_address>0xd95a</run_address>
         <size>0x80</size>
         <input_file_ref idref="fl-2"/>
      </object_component>
      <object_component id="oc-34">
         <name>.text:decompress:lzss:__TI_decompress_lzss</name>
         <load_address>0xd9da</load_address>
         <run_address>0xd9da</run_address>
         <size>0x7c</size>
         <input_file_ref idref="fl-22"/>
      </object_component>
      <object_component id="oc-2c8">
         <name>.text:__mspabi_fixdul</name>
         <load_address>0xda56</load_address>
         <run_address>0xda56</run_address>
         <size>0x74</size>
         <input_file_ref idref="fl-2c"/>
      </object_component>
      <object_component id="oc-2bc">
         <name>.text:__mspabi_cvtfd</name>
         <load_address>0xdaca</load_address>
         <run_address>0xdaca</run_address>
         <size>0x72</size>
         <input_file_ref idref="fl-26"/>
      </object_component>
      <object_component id="oc-134">
         <name>.text:_auto_init</name>
         <load_address>0xdb3c</load_address>
         <run_address>0xdb3c</run_address>
         <size>0x6e</size>
         <input_file_ref idref="fl-56"/>
      </object_component>
      <object_component id="oc-2f7">
         <name>.text</name>
         <load_address>0xdbaa</load_address>
         <run_address>0xdbaa</run_address>
         <size>0x68</size>
         <input_file_ref idref="fl-37"/>
      </object_component>
      <object_component id="oc-237">
         <name>.text:distance</name>
         <load_address>0xdc12</load_address>
         <run_address>0xdc12</run_address>
         <size>0x5c</size>
         <input_file_ref idref="fl-2"/>
      </object_component>
      <object_component id="oc-328">
         <name>.text:l_lsr_const</name>
         <load_address>0xdc6e</load_address>
         <run_address>0xdc6e</run_address>
         <size>0x5c</size>
         <input_file_ref idref="fl-4a"/>
      </object_component>
      <object_component id="oc-18c">
         <name>.text:copy_in</name>
         <load_address>0xdcca</load_address>
         <run_address>0xdcca</run_address>
         <size>0x5a</size>
         <input_file_ref idref="fl-57"/>
      </object_component>
      <object_component id="oc-307">
         <name>.text</name>
         <load_address>0xdd24</load_address>
         <run_address>0xdd24</run_address>
         <size>0x58</size>
         <input_file_ref idref="fl-27"/>
      </object_component>
      <object_component id="oc-2ac">
         <name>.text</name>
         <load_address>0xdd7c</load_address>
         <run_address>0xdd7c</run_address>
         <size>0x4c</size>
         <input_file_ref idref="fl-38"/>
      </object_component>
      <object_component id="oc-fa">
         <name>.text</name>
         <load_address>0xddc8</load_address>
         <run_address>0xddc8</run_address>
         <size>0x4c</size>
         <input_file_ref idref="fl-49"/>
      </object_component>
      <object_component id="oc-2a2">
         <name>.text</name>
         <load_address>0xde14</load_address>
         <run_address>0xde14</run_address>
         <size>0x4a</size>
         <input_file_ref idref="fl-32"/>
      </object_component>
      <object_component id="oc-1d0">
         <name>.text:Get_RSSI</name>
         <load_address>0xde5e</load_address>
         <run_address>0xde5e</run_address>
         <size>0x42</size>
         <input_file_ref idref="fl-2"/>
      </object_component>
      <object_component id="oc-121">
         <name>.text:USCI0RX_ISR</name>
         <load_address>0xdea0</load_address>
         <run_address>0xdea0</run_address>
         <size>0x3e</size>
         <input_file_ref idref="fl-3"/>
      </object_component>
      <object_component id="oc-30e">
         <name>.text:l_asr_const</name>
         <load_address>0xdede</load_address>
         <run_address>0xdede</run_address>
         <size>0x3e</size>
         <input_file_ref idref="fl-55"/>
      </object_component>
      <object_component id="oc-2f0">
         <name>.text:l_lsl_const</name>
         <load_address>0xdf1c</load_address>
         <run_address>0xdf1c</run_address>
         <size>0x3e</size>
         <input_file_ref idref="fl-48"/>
      </object_component>
      <object_component id="oc-23e">
         <name>.text</name>
         <load_address>0xdf5a</load_address>
         <run_address>0xdf5a</run_address>
         <size>0x36</size>
         <input_file_ref idref="fl-34"/>
      </object_component>
      <object_component id="oc-291">
         <name>.text:pow2</name>
         <load_address>0xdf90</load_address>
         <run_address>0xdf90</run_address>
         <size>0x34</size>
         <input_file_ref idref="fl-2"/>
      </object_component>
      <object_component id="oc-2b7">
         <name>.text</name>
         <load_address>0xdfc4</load_address>
         <run_address>0xdfc4</run_address>
         <size>0x32</size>
         <input_file_ref idref="fl-39"/>
      </object_component>
      <object_component id="oc-2d6">
         <name>.text</name>
         <load_address>0xdff6</load_address>
         <run_address>0xdff6</run_address>
         <size>0x2c</size>
         <input_file_ref idref="fl-1f"/>
      </object_component>
      <object_component id="oc-f5">
         <name>.text</name>
         <load_address>0xe022</load_address>
         <run_address>0xe022</run_address>
         <size>0x2c</size>
         <input_file_ref idref="fl-47"/>
      </object_component>
      <object_component id="oc-330">
         <name>.text</name>
         <load_address>0xe04e</load_address>
         <run_address>0xe04e</run_address>
         <size>0x26</size>
         <input_file_ref idref="fl-50"/>
      </object_component>
      <object_component id="oc-1ba">
         <name>.text:Config_USCI</name>
         <load_address>0xe074</load_address>
         <run_address>0xe074</run_address>
         <size>0x20</size>
         <input_file_ref idref="fl-2"/>
      </object_component>
      <object_component id="oc-1ae">
         <name>.text:Config_Clock</name>
         <load_address>0xe094</load_address>
         <run_address>0xe094</run_address>
         <size>0x1c</size>
         <input_file_ref idref="fl-2"/>
      </object_component>
      <object_component id="oc-1c1">
         <name>.text:UART_SendString</name>
         <load_address>0xe0b0</load_address>
         <run_address>0xe0b0</run_address>
         <size>0x1c</size>
         <input_file_ref idref="fl-2"/>
      </object_component>
      <object_component id="oc-1b4">
         <name>.text:Config_Pins</name>
         <load_address>0xe0cc</load_address>
         <run_address>0xe0cc</run_address>
         <size>0x1a</size>
         <input_file_ref idref="fl-2"/>
      </object_component>
      <object_component id="oc-1ca">
         <name>.text:SendCommand</name>
         <load_address>0xe0e6</load_address>
         <run_address>0xe0e6</run_address>
         <size>0x1a</size>
         <input_file_ref idref="fl-2"/>
      </object_component>
      <object_component id="oc-6b">
         <name>.text:_c_int00_noargs_noexit</name>
         <load_address>0xe100</load_address>
         <run_address>0xe100</run_address>
         <size>0x1a</size>
         <input_file_ref idref="fl-21"/>
      </object_component>
      <object_component id="oc-4d">
         <name>.text:decompress:ZI:__TI_zero_init</name>
         <load_address>0xe11a</load_address>
         <run_address>0xe11a</run_address>
         <size>0x14</size>
         <input_file_ref idref="fl-24"/>
      </object_component>
      <object_component id="oc-1f1">
         <name>.text</name>
         <load_address>0xe12e</load_address>
         <run_address>0xe12e</run_address>
         <size>0x14</size>
         <input_file_ref idref="fl-4f"/>
      </object_component>
      <object_component id="oc-3a">
         <name>.text:decompress:none:__TI_decompress_none</name>
         <load_address>0xe142</load_address>
         <run_address>0xe142</run_address>
         <size>0x12</size>
         <input_file_ref idref="fl-23"/>
      </object_component>
      <object_component id="oc-322">
         <name>.text:l_lsr</name>
         <load_address>0xe154</load_address>
         <run_address>0xe154</run_address>
         <size>0x12</size>
         <input_file_ref idref="fl-4a"/>
      </object_component>
      <object_component id="oc-10f">
         <name>.text:memcpy</name>
         <load_address>0xe166</load_address>
         <run_address>0xe166</run_address>
         <size>0x12</size>
         <input_file_ref idref="fl-4c"/>
      </object_component>
      <object_component id="oc-243">
         <name>.text:y_object</name>
         <load_address>0xe178</load_address>
         <run_address>0xe178</run_address>
         <size>0x12</size>
         <input_file_ref idref="fl-2"/>
      </object_component>
      <object_component id="oc-34c">
         <name>.text:l_asr</name>
         <load_address>0xe18a</load_address>
         <run_address>0xe18a</run_address>
         <size>0x10</size>
         <input_file_ref idref="fl-55"/>
      </object_component>
      <object_component id="oc-347">
         <name>.text:l_lsl</name>
         <load_address>0xe19a</load_address>
         <run_address>0xe19a</run_address>
         <size>0x10</size>
         <input_file_ref idref="fl-48"/>
      </object_component>
      <object_component id="oc-ff">
         <name>.text</name>
         <load_address>0xe1aa</load_address>
         <run_address>0xe1aa</run_address>
         <size>0x10</size>
         <input_file_ref idref="fl-29"/>
      </object_component>
      <object_component id="oc-17f">
         <name>.text:UART_GetChar</name>
         <load_address>0xe1ba</load_address>
         <run_address>0xe1ba</run_address>
         <size>0xc</size>
         <input_file_ref idref="fl-2"/>
      </object_component>
      <object_component id="oc-223">
         <name>.text:UART_SendChar</name>
         <load_address>0xe1c6</load_address>
         <run_address>0xe1c6</run_address>
         <size>0xc</size>
         <input_file_ref idref="fl-2"/>
      </object_component>
      <object_component id="oc-269">
         <name>.text:__mspabi_fltid</name>
         <load_address>0xe1d2</load_address>
         <run_address>0xe1d2</run_address>
         <size>0xc</size>
         <input_file_ref idref="fl-2d"/>
      </object_component>
      <object_component id="oc-2a7">
         <name>.text</name>
         <load_address>0xe1de</load_address>
         <run_address>0xe1de</run_address>
         <size>0xa</size>
         <input_file_ref idref="fl-36"/>
      </object_component>
      <object_component id="oc-11c">
         <name>.text:_isr:__TI_ISR_TRAP</name>
         <load_address>0xe1e8</load_address>
         <run_address>0xe1e8</run_address>
         <size>0x8</size>
         <input_file_ref idref="fl-46"/>
      </object_component>
      <object_component id="oc-156">
         <name>.text:abort</name>
         <load_address>0xe1f0</load_address>
         <run_address>0xe1f0</run_address>
         <size>0x6</size>
         <input_file_ref idref="fl-2a"/>
      </object_component>
      <object_component id="oc-12e">
         <name>.text:_system_pre_init</name>
         <load_address>0xe1f6</load_address>
         <run_address>0xe1f6</run_address>
         <size>0x4</size>
         <input_file_ref idref="fl-51"/>
      </object_component>
      <object_component id="oc-192">
         <name>.text:_system_post_cinit</name>
         <load_address>0xe1fa</load_address>
         <run_address>0xe1fa</run_address>
         <size>0x2</size>
         <input_file_ref idref="fl-59"/>
      </object_component>
      <object_component id="oc-3a6">
         <name>.cinit..data.load</name>
         <load_address>0xe234</load_address>
         <run_address>0xe234</run_address>
         <size>0x41</size>
      </object_component>
      <object_component id="oc-3a3">
         <name>__TI_handler_table</name>
         <load_address>0xe276</load_address>
         <run_address>0xe276</run_address>
         <size>0x6</size>
      </object_component>
      <object_component id="oc-3a5">
         <name>.cinit..bss.load</name>
         <load_address>0xe27c</load_address>
         <run_address>0xe27c</run_address>
         <size>0x4</size>
      </object_component>
      <object_component id="oc-3a4">
         <name>__TI_cinit_table</name>
         <load_address>0xe280</load_address>
         <run_address>0xe280</run_address>
         <size>0x8</size>
      </object_component>
      <object_component id="oc-1c0">
         <name>.const:.string</name>
         <load_address>0xe1fc</load_address>
         <run_address>0xe1fc</run_address>
         <size>0x28</size>
         <input_file_ref idref="fl-3"/>
      </object_component>
      <object_component id="oc-22e">
         <name>.const:.string</name>
         <load_address>0xe224</load_address>
         <run_address>0xe224</run_address>
         <size>0x10</size>
         <input_file_ref idref="fl-2"/>
      </object_component>
      <object_component id="oc-36d">
         <name>.binit</name>
         <load_address>0xc000</load_address>
         <run_address>0xc000</run_address>
         <size>0x0</size>
      </object_component>
      <object_component id="oc-40">
         <name>.int00</name>
         <load_address>0xffe0</load_address>
         <run_address>0xffe0</run_address>
         <size>0x2</size>
         <input_file_ref idref="fl-3a"/>
      </object_component>
      <object_component id="oc-41">
         <name>.int02</name>
         <load_address>0xffe4</load_address>
         <run_address>0xffe4</run_address>
         <size>0x2</size>
         <input_file_ref idref="fl-3b"/>
      </object_component>
      <object_component id="oc-42">
         <name>.int03</name>
         <load_address>0xffe6</load_address>
         <run_address>0xffe6</run_address>
         <size>0x2</size>
         <input_file_ref idref="fl-3c"/>
      </object_component>
      <object_component id="oc-43">
         <name>.int05</name>
         <load_address>0xffea</load_address>
         <run_address>0xffea</run_address>
         <size>0x2</size>
         <input_file_ref idref="fl-3d"/>
      </object_component>
      <object_component id="oc-44">
         <name>.int06</name>
         <load_address>0xffec</load_address>
         <run_address>0xffec</run_address>
         <size>0x2</size>
         <input_file_ref idref="fl-3e"/>
      </object_component>
      <object_component id="oc-45">
         <name>.int07</name>
         <load_address>0xffee</load_address>
         <run_address>0xffee</run_address>
         <size>0x2</size>
         <input_file_ref idref="fl-3"/>
      </object_component>
      <object_component id="oc-46">
         <name>.int08</name>
         <load_address>0xfff0</load_address>
         <run_address>0xfff0</run_address>
         <size>0x2</size>
         <input_file_ref idref="fl-3f"/>
      </object_component>
      <object_component id="oc-47">
         <name>.int09</name>
         <load_address>0xfff2</load_address>
         <run_address>0xfff2</run_address>
         <size>0x2</size>
         <input_file_ref idref="fl-40"/>
      </object_component>
      <object_component id="oc-48">
         <name>.int10</name>
         <load_address>0xfff4</load_address>
         <run_address>0xfff4</run_address>
         <size>0x2</size>
         <input_file_ref idref="fl-41"/>
      </object_component>
      <object_component id="oc-49">
         <name>.int11</name>
         <load_address>0xfff6</load_address>
         <run_address>0xfff6</run_address>
         <size>0x2</size>
         <input_file_ref idref="fl-42"/>
      </object_component>
      <object_component id="oc-4a">
         <name>.int12</name>
         <load_address>0xfff8</load_address>
         <run_address>0xfff8</run_address>
         <size>0x2</size>
         <input_file_ref idref="fl-43"/>
      </object_component>
      <object_component id="oc-4b">
         <name>.int13</name>
         <load_address>0xfffa</load_address>
         <run_address>0xfffa</run_address>
         <size>0x2</size>
         <input_file_ref idref="fl-44"/>
      </object_component>
      <object_component id="oc-4c">
         <name>.int14</name>
         <load_address>0xfffc</load_address>
         <run_address>0xfffc</run_address>
         <size>0x2</size>
         <input_file_ref idref="fl-45"/>
      </object_component>
      <object_component id="oc-f4">
         <name>.reset</name>
         <load_address>0xfffe</load_address>
         <run_address>0xfffe</run_address>
         <size>0x2</size>
         <input_file_ref idref="fl-20"/>
      </object_component>
      <object_component id="oc-22a">
         <name>.debug_info</name>
         <load_address>0x0</load_address>
         <run_address>0x0</run_address>
         <size>0x36d</size>
         <input_file_ref idref="fl-2"/>
      </object_component>
      <object_component id="oc-24a">
         <name>.debug_info</name>
         <load_address>0x36d</load_address>
         <run_address>0x36d</run_address>
         <size>0xd4</size>
         <input_file_ref idref="fl-2"/>
      </object_component>
      <object_component id="oc-2fd">
         <name>.debug_info</name>
         <load_address>0x441</load_address>
         <run_address>0x441</run_address>
         <size>0xc5</size>
         <input_file_ref idref="fl-2"/>
      </object_component>
      <object_component id="oc-1af">
         <name>.debug_info</name>
         <load_address>0x506</load_address>
         <run_address>0x506</run_address>
         <size>0x10b</size>
         <input_file_ref idref="fl-2"/>
      </object_component>
      <object_component id="oc-1b5">
         <name>.debug_info</name>
         <load_address>0x611</load_address>
         <run_address>0x611</run_address>
         <size>0x109</size>
         <input_file_ref idref="fl-2"/>
      </object_component>
      <object_component id="oc-1bb">
         <name>.debug_info</name>
         <load_address>0x71a</load_address>
         <run_address>0x71a</run_address>
         <size>0x109</size>
         <input_file_ref idref="fl-2"/>
      </object_component>
      <object_component id="oc-224">
         <name>.debug_info</name>
         <load_address>0x823</load_address>
         <run_address>0x823</run_address>
         <size>0x12f</size>
         <input_file_ref idref="fl-2"/>
      </object_component>
      <object_component id="oc-1c2">
         <name>.debug_info</name>
         <load_address>0x952</load_address>
         <run_address>0x952</run_address>
         <size>0x146</size>
         <input_file_ref idref="fl-2"/>
      </object_component>
      <object_component id="oc-2b2">
         <name>.debug_info</name>
         <load_address>0xa98</load_address>
         <run_address>0xa98</run_address>
         <size>0x19f</size>
         <input_file_ref idref="fl-2"/>
      </object_component>
      <object_component id="oc-253">
         <name>.debug_info</name>
         <load_address>0xc37</load_address>
         <run_address>0xc37</run_address>
         <size>0x269</size>
         <input_file_ref idref="fl-2"/>
      </object_component>
      <object_component id="oc-180">
         <name>.debug_info</name>
         <load_address>0xea0</load_address>
         <run_address>0xea0</run_address>
         <size>0x10f</size>
         <input_file_ref idref="fl-2"/>
      </object_component>
      <object_component id="oc-1d1">
         <name>.debug_info</name>
         <load_address>0xfaf</load_address>
         <run_address>0xfaf</run_address>
         <size>0x181</size>
         <input_file_ref idref="fl-2"/>
      </object_component>
      <object_component id="oc-1cb">
         <name>.debug_info</name>
         <load_address>0x1130</load_address>
         <run_address>0x1130</run_address>
         <size>0x16d</size>
         <input_file_ref idref="fl-2"/>
      </object_component>
      <object_component id="oc-282">
         <name>.debug_info</name>
         <load_address>0x129d</load_address>
         <run_address>0x129d</run_address>
         <size>0x22c</size>
         <input_file_ref idref="fl-2"/>
      </object_component>
      <object_component id="oc-292">
         <name>.debug_info</name>
         <load_address>0x14c9</load_address>
         <run_address>0x14c9</run_address>
         <size>0x19e</size>
         <input_file_ref idref="fl-2"/>
      </object_component>
      <object_component id="oc-238">
         <name>.debug_info</name>
         <load_address>0x1667</load_address>
         <run_address>0x1667</run_address>
         <size>0x1ba</size>
         <input_file_ref idref="fl-2"/>
      </object_component>
      <object_component id="oc-244">
         <name>.debug_info</name>
         <load_address>0x1821</load_address>
         <run_address>0x1821</run_address>
         <size>0x15e</size>
         <input_file_ref idref="fl-2"/>
      </object_component>
      <object_component id="oc-24d">
         <name>.debug_info</name>
         <load_address>0x197f</load_address>
         <run_address>0x197f</run_address>
         <size>0x25d</size>
         <input_file_ref idref="fl-2"/>
      </object_component>
      <object_component id="oc-1e2">
         <name>.debug_info</name>
         <load_address>0x1bdc</load_address>
         <run_address>0x1bdc</run_address>
         <size>0x269</size>
         <input_file_ref idref="fl-2"/>
      </object_component>
      <object_component id="oc-10a">
         <name>.debug_info</name>
         <load_address>0x1e45</load_address>
         <run_address>0x1e45</run_address>
         <size>0x84</size>
         <input_file_ref idref="fl-2"/>
      </object_component>
      <object_component id="oc-186">
         <name>.debug_info</name>
         <load_address>0x1ec9</load_address>
         <run_address>0x1ec9</run_address>
         <size>0x34a</size>
         <input_file_ref idref="fl-3"/>
      </object_component>
      <object_component id="oc-1c8">
         <name>.debug_info</name>
         <load_address>0x2213</load_address>
         <run_address>0x2213</run_address>
         <size>0xc2</size>
         <input_file_ref idref="fl-3"/>
      </object_component>
      <object_component id="oc-17d">
         <name>.debug_info</name>
         <load_address>0x22d5</load_address>
         <run_address>0x22d5</run_address>
         <size>0xdf</size>
         <input_file_ref idref="fl-3"/>
      </object_component>
      <object_component id="oc-1d8">
         <name>.debug_info</name>
         <load_address>0x23b4</load_address>
         <run_address>0x23b4</run_address>
         <size>0xbe</size>
         <input_file_ref idref="fl-3"/>
      </object_component>
      <object_component id="oc-1db">
         <name>.debug_info</name>
         <load_address>0x2472</load_address>
         <run_address>0x2472</run_address>
         <size>0xbe</size>
         <input_file_ref idref="fl-3"/>
      </object_component>
      <object_component id="oc-1de">
         <name>.debug_info</name>
         <load_address>0x2530</load_address>
         <run_address>0x2530</run_address>
         <size>0xbe</size>
         <input_file_ref idref="fl-3"/>
      </object_component>
      <object_component id="oc-14f">
         <name>.debug_info</name>
         <load_address>0x25ee</load_address>
         <run_address>0x25ee</run_address>
         <size>0x1b1</size>
         <input_file_ref idref="fl-3"/>
      </object_component>
      <object_component id="oc-122">
         <name>.debug_info</name>
         <load_address>0x279f</load_address>
         <run_address>0x279f</run_address>
         <size>0x10e</size>
         <input_file_ref idref="fl-3"/>
      </object_component>
      <object_component id="oc-321">
         <name>.debug_info</name>
         <load_address>0x28ad</load_address>
         <run_address>0x28ad</run_address>
         <size>0x206</size>
         <input_file_ref idref="fl-1e"/>
      </object_component>
      <object_component id="oc-2c3">
         <name>.debug_info</name>
         <load_address>0x2ab3</load_address>
         <run_address>0x2ab3</run_address>
         <size>0x253</size>
         <input_file_ref idref="fl-1e"/>
      </object_component>
      <object_component id="oc-2e2">
         <name>.debug_info</name>
         <load_address>0x2d06</load_address>
         <run_address>0x2d06</run_address>
         <size>0x94</size>
         <input_file_ref idref="fl-1e"/>
      </object_component>
      <object_component id="oc-2d8">
         <name>.debug_info</name>
         <load_address>0x2d9a</load_address>
         <run_address>0x2d9a</run_address>
         <size>0x118</size>
         <input_file_ref idref="fl-1f"/>
      </object_component>
      <object_component id="oc-f2">
         <name>.debug_info</name>
         <load_address>0x2eb2</load_address>
         <run_address>0x2eb2</run_address>
         <size>0xf5</size>
         <input_file_ref idref="fl-20"/>
      </object_component>
      <object_component id="oc-6c">
         <name>.debug_info</name>
         <load_address>0x2fa7</load_address>
         <run_address>0x2fa7</run_address>
         <size>0x196</size>
         <input_file_ref idref="fl-21"/>
      </object_component>
      <object_component id="oc-16c">
         <name>.debug_info</name>
         <load_address>0x313d</load_address>
         <run_address>0x313d</run_address>
         <size>0x16b</size>
         <input_file_ref idref="fl-22"/>
      </object_component>
      <object_component id="oc-35">
         <name>.debug_info</name>
         <load_address>0x32a8</load_address>
         <run_address>0x32a8</run_address>
         <size>0x287</size>
         <input_file_ref idref="fl-22"/>
      </object_component>
      <object_component id="oc-105">
         <name>.debug_info</name>
         <load_address>0x352f</load_address>
         <run_address>0x352f</run_address>
         <size>0x60</size>
         <input_file_ref idref="fl-22"/>
      </object_component>
      <object_component id="oc-167">
         <name>.debug_info</name>
         <load_address>0x358f</load_address>
         <run_address>0x358f</run_address>
         <size>0x46</size>
         <input_file_ref idref="fl-22"/>
      </object_component>
      <object_component id="oc-11b">
         <name>.debug_info</name>
         <load_address>0x35d5</load_address>
         <run_address>0x35d5</run_address>
         <size>0x1b2</size>
         <input_file_ref idref="fl-23"/>
      </object_component>
      <object_component id="oc-3e">
         <name>.debug_info</name>
         <load_address>0x3787</load_address>
         <run_address>0x3787</run_address>
         <size>0x1df</size>
         <input_file_ref idref="fl-23"/>
      </object_component>
      <object_component id="oc-116">
         <name>.debug_info</name>
         <load_address>0x3966</load_address>
         <run_address>0x3966</run_address>
         <size>0x46</size>
         <input_file_ref idref="fl-23"/>
      </object_component>
      <object_component id="oc-174">
         <name>.debug_info</name>
         <load_address>0x39ac</load_address>
         <run_address>0x39ac</run_address>
         <size>0x2c</size>
         <input_file_ref idref="fl-23"/>
      </object_component>
      <object_component id="oc-12d">
         <name>.debug_info</name>
         <load_address>0x39d8</load_address>
         <run_address>0x39d8</run_address>
         <size>0x16a</size>
         <input_file_ref idref="fl-24"/>
      </object_component>
      <object_component id="oc-51">
         <name>.debug_info</name>
         <load_address>0x3b42</load_address>
         <run_address>0x3b42</run_address>
         <size>0x1b5</size>
         <input_file_ref idref="fl-24"/>
      </object_component>
      <object_component id="oc-128">
         <name>.debug_info</name>
         <load_address>0x3cf7</load_address>
         <run_address>0x3cf7</run_address>
         <size>0x46</size>
         <input_file_ref idref="fl-24"/>
      </object_component>
      <object_component id="oc-16f">
         <name>.debug_info</name>
         <load_address>0x3d3d</load_address>
         <run_address>0x3d3d</run_address>
         <size>0x2c</size>
         <input_file_ref idref="fl-24"/>
      </object_component>
      <object_component id="oc-2f6">
         <name>.debug_info</name>
         <load_address>0x3d69</load_address>
         <run_address>0x3d69</run_address>
         <size>0x1c4</size>
         <input_file_ref idref="fl-25"/>
      </object_component>
      <object_component id="oc-27d">
         <name>.debug_info</name>
         <load_address>0x3f2d</load_address>
         <run_address>0x3f2d</run_address>
         <size>0x1cd</size>
         <input_file_ref idref="fl-25"/>
      </object_component>
      <object_component id="oc-315">
         <name>.debug_info</name>
         <load_address>0x40fa</load_address>
         <run_address>0x40fa</run_address>
         <size>0xdb</size>
         <input_file_ref idref="fl-25"/>
      </object_component>
      <object_component id="oc-314">
         <name>.debug_info</name>
         <load_address>0x41d5</load_address>
         <run_address>0x41d5</run_address>
         <size>0x1e7</size>
         <input_file_ref idref="fl-26"/>
      </object_component>
      <object_component id="oc-2be">
         <name>.debug_info</name>
         <load_address>0x43bc</load_address>
         <run_address>0x43bc</run_address>
         <size>0x1c4</size>
         <input_file_ref idref="fl-26"/>
      </object_component>
      <object_component id="oc-309">
         <name>.debug_info</name>
         <load_address>0x4580</load_address>
         <run_address>0x4580</run_address>
         <size>0x11b</size>
         <input_file_ref idref="fl-27"/>
      </object_component>
      <object_component id="oc-2ef">
         <name>.debug_info</name>
         <load_address>0x469b</load_address>
         <run_address>0x469b</run_address>
         <size>0x201</size>
         <input_file_ref idref="fl-28"/>
      </object_component>
      <object_component id="oc-279">
         <name>.debug_info</name>
         <load_address>0x489c</load_address>
         <run_address>0x489c</run_address>
         <size>0x27f</size>
         <input_file_ref idref="fl-28"/>
      </object_component>
      <object_component id="oc-101">
         <name>.debug_info</name>
         <load_address>0x4b1b</load_address>
         <run_address>0x4b1b</run_address>
         <size>0x126</size>
         <input_file_ref idref="fl-29"/>
      </object_component>
      <object_component id="oc-158">
         <name>.debug_info</name>
         <load_address>0x4c41</load_address>
         <run_address>0x4c41</run_address>
         <size>0x117</size>
         <input_file_ref idref="fl-2a"/>
      </object_component>
      <object_component id="oc-2cc">
         <name>.debug_info</name>
         <load_address>0x4d58</load_address>
         <run_address>0x4d58</run_address>
         <size>0x1b5</size>
         <input_file_ref idref="fl-2c"/>
      </object_component>
      <object_component id="oc-26a">
         <name>.debug_info</name>
         <load_address>0x4f0d</load_address>
         <run_address>0x4f0d</run_address>
         <size>0x15b</size>
         <input_file_ref idref="fl-2d"/>
      </object_component>
      <object_component id="oc-32e">
         <name>.debug_info</name>
         <load_address>0x5068</load_address>
         <run_address>0x5068</run_address>
         <size>0x1ca</size>
         <input_file_ref idref="fl-2e"/>
      </object_component>
      <object_component id="oc-2d0">
         <name>.debug_info</name>
         <load_address>0x5232</load_address>
         <run_address>0x5232</run_address>
         <size>0x210</size>
         <input_file_ref idref="fl-2e"/>
      </object_component>
      <object_component id="oc-358">
         <name>.debug_info</name>
         <load_address>0x5442</load_address>
         <run_address>0x5442</run_address>
         <size>0x1ff</size>
         <input_file_ref idref="fl-2f"/>
      </object_component>
      <object_component id="oc-31b">
         <name>.debug_info</name>
         <load_address>0x5641</load_address>
         <run_address>0x5641</run_address>
         <size>0x31e</size>
         <input_file_ref idref="fl-2f"/>
      </object_component>
      <object_component id="oc-33a">
         <name>.debug_info</name>
         <load_address>0x595f</load_address>
         <run_address>0x595f</run_address>
         <size>0x1d1</size>
         <input_file_ref idref="fl-30"/>
      </object_component>
      <object_component id="oc-2e9">
         <name>.debug_info</name>
         <load_address>0x5b30</load_address>
         <run_address>0x5b30</run_address>
         <size>0x5c4</size>
         <input_file_ref idref="fl-30"/>
      </object_component>
      <object_component id="oc-28c">
         <name>.debug_info</name>
         <load_address>0x60f4</load_address>
         <run_address>0x60f4</run_address>
         <size>0x119</size>
         <input_file_ref idref="fl-31"/>
      </object_component>
      <object_component id="oc-2a4">
         <name>.debug_info</name>
         <load_address>0x620d</load_address>
         <run_address>0x620d</run_address>
         <size>0x125</size>
         <input_file_ref idref="fl-32"/>
      </object_component>
      <object_component id="oc-298">
         <name>.debug_info</name>
         <load_address>0x6332</load_address>
         <run_address>0x6332</run_address>
         <size>0x119</size>
         <input_file_ref idref="fl-33"/>
      </object_component>
      <object_component id="oc-23f">
         <name>.debug_info</name>
         <load_address>0x644b</load_address>
         <run_address>0x644b</run_address>
         <size>0x122</size>
         <input_file_ref idref="fl-34"/>
      </object_component>
      <object_component id="oc-29d">
         <name>.debug_info</name>
         <load_address>0x656d</load_address>
         <run_address>0x656d</run_address>
         <size>0x119</size>
         <input_file_ref idref="fl-35"/>
      </object_component>
      <object_component id="oc-2a9">
         <name>.debug_info</name>
         <load_address>0x6686</load_address>
         <run_address>0x6686</run_address>
         <size>0x119</size>
         <input_file_ref idref="fl-36"/>
      </object_component>
      <object_component id="oc-2f8">
         <name>.debug_info</name>
         <load_address>0x679f</load_address>
         <run_address>0x679f</run_address>
         <size>0x12d</size>
         <input_file_ref idref="fl-37"/>
      </object_component>
      <object_component id="oc-2af">
         <name>.debug_info</name>
         <load_address>0x68cc</load_address>
         <run_address>0x68cc</run_address>
         <size>0x12a</size>
         <input_file_ref idref="fl-38"/>
      </object_component>
      <object_component id="oc-2ba">
         <name>.debug_info</name>
         <load_address>0x69f6</load_address>
         <run_address>0x69f6</run_address>
         <size>0x11f</size>
         <input_file_ref idref="fl-39"/>
      </object_component>
      <object_component id="oc-11f">
         <name>.debug_info</name>
         <load_address>0x6b15</load_address>
         <run_address>0x6b15</run_address>
         <size>0x107</size>
         <input_file_ref idref="fl-46"/>
      </object_component>
      <object_component id="oc-f7">
         <name>.debug_info</name>
         <load_address>0x6c1c</load_address>
         <run_address>0x6c1c</run_address>
         <size>0x118</size>
         <input_file_ref idref="fl-47"/>
      </object_component>
      <object_component id="oc-348">
         <name>.debug_info</name>
         <load_address>0x6d34</load_address>
         <run_address>0x6d34</run_address>
         <size>0x118</size>
         <input_file_ref idref="fl-48"/>
      </object_component>
      <object_component id="oc-2f1">
         <name>.debug_info</name>
         <load_address>0x6e4c</load_address>
         <run_address>0x6e4c</run_address>
         <size>0x11e</size>
         <input_file_ref idref="fl-48"/>
      </object_component>
      <object_component id="oc-fb">
         <name>.debug_info</name>
         <load_address>0x6f6a</load_address>
         <run_address>0x6f6a</run_address>
         <size>0x118</size>
         <input_file_ref idref="fl-49"/>
      </object_component>
      <object_component id="oc-323">
         <name>.debug_info</name>
         <load_address>0x7082</load_address>
         <run_address>0x7082</run_address>
         <size>0x118</size>
         <input_file_ref idref="fl-4a"/>
      </object_component>
      <object_component id="oc-329">
         <name>.debug_info</name>
         <load_address>0x719a</load_address>
         <run_address>0x719a</run_address>
         <size>0x11e</size>
         <input_file_ref idref="fl-4a"/>
      </object_component>
      <object_component id="oc-16e">
         <name>.debug_info</name>
         <load_address>0x72b8</load_address>
         <run_address>0x72b8</run_address>
         <size>0x16d</size>
         <input_file_ref idref="fl-4c"/>
      </object_component>
      <object_component id="oc-112">
         <name>.debug_info</name>
         <load_address>0x7425</load_address>
         <run_address>0x7425</run_address>
         <size>0x191</size>
         <input_file_ref idref="fl-4c"/>
      </object_component>
      <object_component id="oc-2e7">
         <name>.debug_info</name>
         <load_address>0x75b6</load_address>
         <run_address>0x75b6</run_address>
         <size>0x201</size>
         <input_file_ref idref="fl-4e"/>
      </object_component>
      <object_component id="oc-270">
         <name>.debug_info</name>
         <load_address>0x77b7</load_address>
         <run_address>0x77b7</run_address>
         <size>0x2d5</size>
         <input_file_ref idref="fl-4e"/>
      </object_component>
      <object_component id="oc-1f4">
         <name>.debug_info</name>
         <load_address>0x7a8c</load_address>
         <run_address>0x7a8c</run_address>
         <size>0x119</size>
         <input_file_ref idref="fl-4f"/>
      </object_component>
      <object_component id="oc-332">
         <name>.debug_info</name>
         <load_address>0x7ba5</load_address>
         <run_address>0x7ba5</run_address>
         <size>0x119</size>
         <input_file_ref idref="fl-50"/>
      </object_component>
      <object_component id="oc-12f">
         <name>.debug_info</name>
         <load_address>0x7cbe</load_address>
         <run_address>0x7cbe</run_address>
         <size>0x148</size>
         <input_file_ref idref="fl-51"/>
      </object_component>
      <object_component id="oc-367">
         <name>.debug_info</name>
         <load_address>0x7e06</load_address>
         <run_address>0x7e06</run_address>
         <size>0x1d1</size>
         <input_file_ref idref="fl-52"/>
      </object_component>
      <object_component id="oc-352">
         <name>.debug_info</name>
         <load_address>0x7fd7</load_address>
         <run_address>0x7fd7</run_address>
         <size>0x1ee</size>
         <input_file_ref idref="fl-52"/>
      </object_component>
      <object_component id="oc-34e">
         <name>.debug_info</name>
         <load_address>0x81c5</load_address>
         <run_address>0x81c5</run_address>
         <size>0x118</size>
         <input_file_ref idref="fl-55"/>
      </object_component>
      <object_component id="oc-310">
         <name>.debug_info</name>
         <load_address>0x82dd</load_address>
         <run_address>0x82dd</run_address>
         <size>0x11e</size>
         <input_file_ref idref="fl-55"/>
      </object_component>
      <object_component id="oc-199">
         <name>.debug_info</name>
         <load_address>0x83fb</load_address>
         <run_address>0x83fb</run_address>
         <size>0x3b6</size>
         <input_file_ref idref="fl-56"/>
      </object_component>
      <object_component id="oc-137">
         <name>.debug_info</name>
         <load_address>0x87b1</load_address>
         <run_address>0x87b1</run_address>
         <size>0x1c2</size>
         <input_file_ref idref="fl-56"/>
      </object_component>
      <object_component id="oc-1fb">
         <name>.debug_info</name>
         <load_address>0x8973</load_address>
         <run_address>0x8973</run_address>
         <size>0x39</size>
         <input_file_ref idref="fl-56"/>
      </object_component>
      <object_component id="oc-200">
         <name>.debug_info</name>
         <load_address>0x89ac</load_address>
         <run_address>0x89ac</run_address>
         <size>0xcd</size>
         <input_file_ref idref="fl-56"/>
      </object_component>
      <object_component id="oc-1f7">
         <name>.debug_info</name>
         <load_address>0x8a79</load_address>
         <run_address>0x8a79</run_address>
         <size>0x252</size>
         <input_file_ref idref="fl-57"/>
      </object_component>
      <object_component id="oc-18e">
         <name>.debug_info</name>
         <load_address>0x8ccb</load_address>
         <run_address>0x8ccb</run_address>
         <size>0x1b0</size>
         <input_file_ref idref="fl-57"/>
      </object_component>
      <object_component id="oc-25c">
         <name>.debug_info</name>
         <load_address>0x8e7b</load_address>
         <run_address>0x8e7b</run_address>
         <size>0x2c</size>
         <input_file_ref idref="fl-57"/>
      </object_component>
      <object_component id="oc-336">
         <name>.debug_info</name>
         <load_address>0x8ea7</load_address>
         <run_address>0x8ea7</run_address>
         <size>0x1d1</size>
         <input_file_ref idref="fl-58"/>
      </object_component>
      <object_component id="oc-2df">
         <name>.debug_info</name>
         <load_address>0x9078</load_address>
         <run_address>0x9078</run_address>
         <size>0x3a0</size>
         <input_file_ref idref="fl-58"/>
      </object_component>
      <object_component id="oc-193">
         <name>.debug_info</name>
         <load_address>0x9418</load_address>
         <run_address>0x9418</run_address>
         <size>0x145</size>
         <input_file_ref idref="fl-59"/>
      </object_component>
      <object_component id="oc-3a8">
         <name>.debug_info</name>
         <load_address>0x955d</load_address>
         <run_address>0x955d</run_address>
         <size>0x9c</size>
      </object_component>
      <object_component id="oc-268">
         <name>.debug_line</name>
         <load_address>0x0</load_address>
         <run_address>0x0</run_address>
         <size>0xb3</size>
         <input_file_ref idref="fl-2"/>
      </object_component>
      <object_component id="oc-290">
         <name>.debug_line</name>
         <load_address>0xb3</load_address>
         <run_address>0xb3</run_address>
         <size>0x32</size>
         <input_file_ref idref="fl-2"/>
      </object_component>
      <object_component id="oc-342">
         <name>.debug_line</name>
         <load_address>0xe5</load_address>
         <run_address>0xe5</run_address>
         <size>0x32</size>
         <input_file_ref idref="fl-2"/>
      </object_component>
      <object_component id="oc-1b3">
         <name>.debug_line</name>
         <load_address>0x117</load_address>
         <run_address>0x117</run_address>
         <size>0x4b</size>
         <input_file_ref idref="fl-2"/>
      </object_component>
      <object_component id="oc-1b9">
         <name>.debug_line</name>
         <load_address>0x162</load_address>
         <run_address>0x162</run_address>
         <size>0x49</size>
         <input_file_ref idref="fl-2"/>
      </object_component>
      <object_component id="oc-1be">
         <name>.debug_line</name>
         <load_address>0x1ab</load_address>
         <run_address>0x1ab</run_address>
         <size>0x4b</size>
         <input_file_ref idref="fl-2"/>
      </object_component>
      <object_component id="oc-227">
         <name>.debug_line</name>
         <load_address>0x1f6</load_address>
         <run_address>0x1f6</run_address>
         <size>0x48</size>
         <input_file_ref idref="fl-2"/>
      </object_component>
      <object_component id="oc-1c5">
         <name>.debug_line</name>
         <load_address>0x23e</load_address>
         <run_address>0x23e</run_address>
         <size>0x4d</size>
         <input_file_ref idref="fl-2"/>
      </object_component>
      <object_component id="oc-2b6">
         <name>.debug_line</name>
         <load_address>0x28b</load_address>
         <run_address>0x28b</run_address>
         <size>0x62</size>
         <input_file_ref idref="fl-2"/>
      </object_component>
      <object_component id="oc-257">
         <name>.debug_line</name>
         <load_address>0x2ed</load_address>
         <run_address>0x2ed</run_address>
         <size>0x66</size>
         <input_file_ref idref="fl-2"/>
      </object_component>
      <object_component id="oc-183">
         <name>.debug_line</name>
         <load_address>0x353</load_address>
         <run_address>0x353</run_address>
         <size>0x4b</size>
         <input_file_ref idref="fl-2"/>
      </object_component>
      <object_component id="oc-1d5">
         <name>.debug_line</name>
         <load_address>0x39e</load_address>
         <run_address>0x39e</run_address>
         <size>0x5a</size>
         <input_file_ref idref="fl-2"/>
      </object_component>
      <object_component id="oc-1ce">
         <name>.debug_line</name>
         <load_address>0x3f8</load_address>
         <run_address>0x3f8</run_address>
         <size>0x4a</size>
         <input_file_ref idref="fl-2"/>
      </object_component>
      <object_component id="oc-285">
         <name>.debug_line</name>
         <load_address>0x442</load_address>
         <run_address>0x442</run_address>
         <size>0x63</size>
         <input_file_ref idref="fl-2"/>
      </object_component>
      <object_component id="oc-295">
         <name>.debug_line</name>
         <load_address>0x4a5</load_address>
         <run_address>0x4a5</run_address>
         <size>0x54</size>
         <input_file_ref idref="fl-2"/>
      </object_component>
      <object_component id="oc-23b">
         <name>.debug_line</name>
         <load_address>0x4f9</load_address>
         <run_address>0x4f9</run_address>
         <size>0x48</size>
         <input_file_ref idref="fl-2"/>
      </object_component>
      <object_component id="oc-247">
         <name>.debug_line</name>
         <load_address>0x541</load_address>
         <run_address>0x541</run_address>
         <size>0x48</size>
         <input_file_ref idref="fl-2"/>
      </object_component>
      <object_component id="oc-250">
         <name>.debug_line</name>
         <load_address>0x589</load_address>
         <run_address>0x589</run_address>
         <size>0x48</size>
         <input_file_ref idref="fl-2"/>
      </object_component>
      <object_component id="oc-1e1">
         <name>.debug_line</name>
         <load_address>0x5d1</load_address>
         <run_address>0x5d1</run_address>
         <size>0x5b</size>
         <input_file_ref idref="fl-2"/>
      </object_component>
      <object_component id="oc-10d">
         <name>.debug_line</name>
         <load_address>0x62c</load_address>
         <run_address>0x62c</run_address>
         <size>0x20</size>
         <input_file_ref idref="fl-2"/>
      </object_component>
      <object_component id="oc-1f0">
         <name>.debug_line</name>
         <load_address>0x64c</load_address>
         <run_address>0x64c</run_address>
         <size>0xc0</size>
         <input_file_ref idref="fl-3"/>
      </object_component>
      <object_component id="oc-22d">
         <name>.debug_line</name>
         <load_address>0x70c</load_address>
         <run_address>0x70c</run_address>
         <size>0x2d</size>
         <input_file_ref idref="fl-3"/>
      </object_component>
      <object_component id="oc-1ed">
         <name>.debug_line</name>
         <load_address>0x739</load_address>
         <run_address>0x739</run_address>
         <size>0x2d</size>
         <input_file_ref idref="fl-3"/>
      </object_component>
      <object_component id="oc-232">
         <name>.debug_line</name>
         <load_address>0x766</load_address>
         <run_address>0x766</run_address>
         <size>0x2d</size>
         <input_file_ref idref="fl-3"/>
      </object_component>
      <object_component id="oc-234">
         <name>.debug_line</name>
         <load_address>0x793</load_address>
         <run_address>0x793</run_address>
         <size>0x2d</size>
         <input_file_ref idref="fl-3"/>
      </object_component>
      <object_component id="oc-236">
         <name>.debug_line</name>
         <load_address>0x7c0</load_address>
         <run_address>0x7c0</run_address>
         <size>0x2d</size>
         <input_file_ref idref="fl-3"/>
      </object_component>
      <object_component id="oc-152">
         <name>.debug_line</name>
         <load_address>0x7ed</load_address>
         <run_address>0x7ed</run_address>
         <size>0x67</size>
         <input_file_ref idref="fl-3"/>
      </object_component>
      <object_component id="oc-126">
         <name>.debug_line</name>
         <load_address>0x854</load_address>
         <run_address>0x854</run_address>
         <size>0x4b</size>
         <input_file_ref idref="fl-3"/>
      </object_component>
      <object_component id="oc-35a">
         <name>.debug_line</name>
         <load_address>0x89f</load_address>
         <run_address>0x89f</run_address>
         <size>0x2d</size>
         <input_file_ref idref="fl-1e"/>
      </object_component>
      <object_component id="oc-2c6">
         <name>.debug_line</name>
         <load_address>0x8cc</load_address>
         <run_address>0x8cc</run_address>
         <size>0xcb</size>
         <input_file_ref idref="fl-1e"/>
      </object_component>
      <object_component id="oc-2e5">
         <name>.debug_line</name>
         <load_address>0x997</load_address>
         <run_address>0x997</run_address>
         <size>0x2e</size>
         <input_file_ref idref="fl-1e"/>
      </object_component>
      <object_component id="oc-2da">
         <name>.debug_line</name>
         <load_address>0x9c5</load_address>
         <run_address>0x9c5</run_address>
         <size>0x4e</size>
         <input_file_ref idref="fl-1f"/>
      </object_component>
      <object_component id="oc-163">
         <name>.debug_line</name>
         <load_address>0xa13</load_address>
         <run_address>0xa13</run_address>
         <size>0x2a</size>
         <input_file_ref idref="fl-20"/>
      </object_component>
      <object_component id="oc-6f">
         <name>.debug_line</name>
         <load_address>0xa3d</load_address>
         <run_address>0xa3d</run_address>
         <size>0x4c</size>
         <input_file_ref idref="fl-21"/>
      </object_component>
      <object_component id="oc-1e9">
         <name>.debug_line</name>
         <load_address>0xa89</load_address>
         <run_address>0xa89</run_address>
         <size>0x20</size>
         <input_file_ref idref="fl-22"/>
      </object_component>
      <object_component id="oc-38">
         <name>.debug_line</name>
         <load_address>0xaa9</load_address>
         <run_address>0xaa9</run_address>
         <size>0x92</size>
         <input_file_ref idref="fl-22"/>
      </object_component>
      <object_component id="oc-108">
         <name>.debug_line</name>
         <load_address>0xb3b</load_address>
         <run_address>0xb3b</run_address>
         <size>0x3a</size>
         <input_file_ref idref="fl-22"/>
      </object_component>
      <object_component id="oc-16a">
         <name>.debug_line</name>
         <load_address>0xb75</load_address>
         <run_address>0xb75</run_address>
         <size>0x8a</size>
         <input_file_ref idref="fl-22"/>
      </object_component>
      <object_component id="oc-17a">
         <name>.debug_line</name>
         <load_address>0xbff</load_address>
         <run_address>0xbff</run_address>
         <size>0x8a</size>
         <input_file_ref idref="fl-23"/>
      </object_component>
      <object_component id="oc-3b">
         <name>.debug_line</name>
         <load_address>0xc89</load_address>
         <run_address>0xc89</run_address>
         <size>0x50</size>
         <input_file_ref idref="fl-23"/>
      </object_component>
      <object_component id="oc-119">
         <name>.debug_line</name>
         <load_address>0xcd9</load_address>
         <run_address>0xcd9</run_address>
         <size>0x3a</size>
         <input_file_ref idref="fl-23"/>
      </object_component>
      <object_component id="oc-177">
         <name>.debug_line</name>
         <load_address>0xd13</load_address>
         <run_address>0xd13</run_address>
         <size>0x8a</size>
         <input_file_ref idref="fl-23"/>
      </object_component>
      <object_component id="oc-18a">
         <name>.debug_line</name>
         <load_address>0xd9d</load_address>
         <run_address>0xd9d</run_address>
         <size>0x20</size>
         <input_file_ref idref="fl-24"/>
      </object_component>
      <object_component id="oc-4e">
         <name>.debug_line</name>
         <load_address>0xdbd</load_address>
         <run_address>0xdbd</run_address>
         <size>0x4d</size>
         <input_file_ref idref="fl-24"/>
      </object_component>
      <object_component id="oc-12b">
         <name>.debug_line</name>
         <load_address>0xe0a</load_address>
         <run_address>0xe0a</run_address>
         <size>0x34</size>
         <input_file_ref idref="fl-24"/>
      </object_component>
      <object_component id="oc-172">
         <name>.debug_line</name>
         <load_address>0xe3e</load_address>
         <run_address>0xe3e</run_address>
         <size>0x8a</size>
         <input_file_ref idref="fl-24"/>
      </object_component>
      <object_component id="oc-33f">
         <name>.debug_line</name>
         <load_address>0xec8</load_address>
         <run_address>0xec8</run_address>
         <size>0x20</size>
         <input_file_ref idref="fl-25"/>
      </object_component>
      <object_component id="oc-27c">
         <name>.debug_line</name>
         <load_address>0xee8</load_address>
         <run_address>0xee8</run_address>
         <size>0x6c</size>
         <input_file_ref idref="fl-25"/>
      </object_component>
      <object_component id="oc-318">
         <name>.debug_line</name>
         <load_address>0xf54</load_address>
         <run_address>0xf54</run_address>
         <size>0x2e</size>
         <input_file_ref idref="fl-25"/>
      </object_component>
      <object_component id="oc-346">
         <name>.debug_line</name>
         <load_address>0xf82</load_address>
         <run_address>0xf82</run_address>
         <size>0x20</size>
         <input_file_ref idref="fl-26"/>
      </object_component>
      <object_component id="oc-2c0">
         <name>.debug_line</name>
         <load_address>0xfa2</load_address>
         <run_address>0xfa2</run_address>
         <size>0x57</size>
         <input_file_ref idref="fl-26"/>
      </object_component>
      <object_component id="oc-30b">
         <name>.debug_line</name>
         <load_address>0xff9</load_address>
         <run_address>0xff9</run_address>
         <size>0x64</size>
         <input_file_ref idref="fl-27"/>
      </object_component>
      <object_component id="oc-33c">
         <name>.debug_line</name>
         <load_address>0x105d</load_address>
         <run_address>0x105d</run_address>
         <size>0x2d</size>
         <input_file_ref idref="fl-28"/>
      </object_component>
      <object_component id="oc-276">
         <name>.debug_line</name>
         <load_address>0x108a</load_address>
         <run_address>0x108a</run_address>
         <size>0xe9</size>
         <input_file_ref idref="fl-28"/>
      </object_component>
      <object_component id="oc-103">
         <name>.debug_line</name>
         <load_address>0x1173</load_address>
         <run_address>0x1173</run_address>
         <size>0x40</size>
         <input_file_ref idref="fl-29"/>
      </object_component>
      <object_component id="oc-15a">
         <name>.debug_line</name>
         <load_address>0x11b3</load_address>
         <run_address>0x11b3</run_address>
         <size>0x3d</size>
         <input_file_ref idref="fl-2a"/>
      </object_component>
      <object_component id="oc-2ca">
         <name>.debug_line</name>
         <load_address>0x11f0</load_address>
         <run_address>0x11f0</run_address>
         <size>0x5a</size>
         <input_file_ref idref="fl-2c"/>
      </object_component>
      <object_component id="oc-26e">
         <name>.debug_line</name>
         <load_address>0x124a</load_address>
         <run_address>0x124a</run_address>
         <size>0x3d</size>
         <input_file_ref idref="fl-2d"/>
      </object_component>
      <object_component id="oc-35e">
         <name>.debug_line</name>
         <load_address>0x1287</load_address>
         <run_address>0x1287</run_address>
         <size>0x20</size>
         <input_file_ref idref="fl-2e"/>
      </object_component>
      <object_component id="oc-2d3">
         <name>.debug_line</name>
         <load_address>0x12a7</load_address>
         <run_address>0x12a7</run_address>
         <size>0x81</size>
         <input_file_ref idref="fl-2e"/>
      </object_component>
      <object_component id="oc-369">
         <name>.debug_line</name>
         <load_address>0x1328</load_address>
         <run_address>0x1328</run_address>
         <size>0x2d</size>
         <input_file_ref idref="fl-2f"/>
      </object_component>
      <object_component id="oc-31e">
         <name>.debug_line</name>
         <load_address>0x1355</load_address>
[...]
         <value>0xe1ae</value>
         <object_component_ref idref="oc-ff"/>
      </symbol>
      <symbol id="sm-2a3">
         <name>C$$EXIT</name>
         <value>0xe1f0</value>
         <object_component_ref idref="oc-156"/>
      </symbol>
      <symbol id="sm-2a4">
         <name>abort</name>
         <value>0xe1f0</value>
         <object_component_ref idref="oc-156"/>
      </symbol>
      <symbol id="sm-2b5">
         <name>__mspabi_fixdul</name>
         <value>0xda56</value>
         <object_component_ref idref="oc-2c8"/>
      </symbol>
      <symbol id="sm-2be">
         <name>__mspabi_fltid</name>
         <value>0xe1d2</value>
         <object_component_ref idref="oc-269"/>
      </symbol>
      <symbol id="sm-2d5">
         <name>__mspabi_fltlid</name>
         <value>0xd6dc</value>
         <object_component_ref idref="oc-2cf"/>
      </symbol>
      <symbol id="sm-2f6">
         <name>__TI_frcaddd</name>
         <value>0xcc5c</value>
         <object_component_ref idref="oc-31a"/>
      </symbol>
      <symbol id="sm-311">
         <name>__TI_frcdivd</name>
         <value>0xc000</value>
         <object_component_ref idref="oc-2e8"/>
      </symbol>
      <symbol id="sm-32c">
         <name>__mspabi_subf</name>
         <value>0xd0f4</value>
         <object_component_ref idref="oc-289"/>
      </symbol>
      <symbol id="sm-32d">
         <name>__mspabi_addf</name>
         <value>0xd0fa</value>
         <object_component_ref idref="oc-289"/>
      </symbol>
      <symbol id="sm-33d">
         <name>__mspabi_cmpf</name>
         <value>0xde14</value>
         <object_component_ref idref="oc-2a2"/>
      </symbol>
      <symbol id="sm-34f">
         <name>__mspabi_divf</name>
         <value>0xd832</value>
         <object_component_ref idref="oc-297"/>
      </symbol>
      <symbol id="sm-35c">
         <name>__mspabi_fltif</name>
         <value>0xdf5a</value>
         <object_component_ref idref="oc-23e"/>
      </symbol>
      <symbol id="sm-373">
         <name>__mspabi_mpyf</name>
         <value>0xd4ae</value>
         <object_component_ref idref="oc-29c"/>
      </symbol>
      <symbol id="sm-37c">
         <name>__mspabi_negf</name>
         <value>0xe1de</value>
         <object_component_ref idref="oc-2a7"/>
      </symbol>
      <symbol id="sm-38e">
         <name>__mspabi_fixfi</name>
         <value>0xdbaa</value>
         <object_component_ref idref="oc-2f7"/>
      </symbol>
      <symbol id="sm-39d">
         <name>__mspabi_fixful</name>
         <value>0xdd7c</value>
         <object_component_ref idref="oc-2ac"/>
      </symbol>
      <symbol id="sm-3a9">
         <name>__mspabi_fltulf</name>
         <value>0xdfc4</value>
         <object_component_ref idref="oc-2b7"/>
      </symbol>
      <symbol id="sm-3ac">
         <name>__TI_int00</name>
         <value>0xffe0</value>
         <object_component_ref idref="oc-40"/>
      </symbol>
      <symbol id="sm-3af">
         <name>__TI_int02</name>
         <value>0xffe4</value>
         <object_component_ref idref="oc-41"/>
      </symbol>
      <symbol id="sm-3b2">
         <name>__TI_int03</name>
         <value>0xffe6</value>
         <object_component_ref idref="oc-42"/>
      </symbol>
      <symbol id="sm-3b5">
         <name>__TI_int05</name>
         <value>0xffea</value>
         <object_component_ref idref="oc-43"/>
      </symbol>
      <symbol id="sm-3b8">
         <name>__TI_int06</name>
         <value>0xffec</value>
         <object_component_ref idref="oc-44"/>
      </symbol>
      <symbol id="sm-3bb">
         <name>__TI_int08</name>
         <value>0xfff0</value>
         <object_component_ref idref="oc-46"/>
      </symbol>
      <symbol id="sm-3be">
         <name>__TI_int09</name>
         <value>0xfff2</value>
         <object_component_ref idref="oc-47"/>
      </symbol>
      <symbol id="sm-3c1">
         <name>__TI_int10</name>
         <value>0xfff4</value>
         <object_component_ref idref="oc-48"/>
      </symbol>
      <symbol id="sm-3c4">
         <name>__TI_int11</name>
         <value>0xfff6</value>
         <object_component_ref idref="oc-49"/>
      </symbol>
      <symbol id="sm-3c7">
         <name>__TI_int12</name>
         <value>0xfff8</value>
         <object_component_ref idref="oc-4a"/>
      </symbol>
      <symbol id="sm-3ca">
         <name>__TI_int13</name>
         <value>0xfffa</value>
         <object_component_ref idref="oc-4b"/>
      </symbol>
      <symbol id="sm-3cd">
         <name>__TI_int14</name>
         <value>0xfffc</value>
         <object_component_ref idref="oc-4c"/>
      </symbol>
      <symbol id="sm-3d5">
         <name>__TI_ISR_TRAP</name>
         <value>0xe1e8</value>
         <object_component_ref idref="oc-11c"/>
      </symbol>
      <symbol id="sm-3dd">
         <name>__mspabi_slli</name>
         <value>0xe022</value>
         <object_component_ref idref="oc-f5"/>
      </symbol>
      <symbol id="sm-3de">
         <name>__mspabi_slli_9</name>
         <value>0xe03a</value>
         <object_component_ref idref="oc-f5"/>
      </symbol>
      <symbol id="sm-3df">
         <name>__mspabi_slli_8</name>
         <value>0xe03c</value>
         <object_component_ref idref="oc-f5"/>
      </symbol>
      <symbol id="sm-3e0">
         <name>__mspabi_slli_7</name>
         <value>0xe03e</value>
         <object_component_ref idref="oc-f5"/>
      </symbol>
      <symbol id="sm-3e1">
         <name>__mspabi_slli_6</name>
         <value>0xe040</value>
         <object_component_ref idref="oc-f5"/>
      </symbol>
      <symbol id="sm-3e2">
         <name>__mspabi_slli_5</name>
         <value>0xe042</value>
         <object_component_ref idref="oc-f5"/>
      </symbol>
      <symbol id="sm-3e3">
         <name>__mspabi_slli_4</name>
         <value>0xe044</value>
         <object_component_ref idref="oc-f5"/>
      </symbol>
      <symbol id="sm-3e4">
         <name>__mspabi_slli_3</name>
         <value>0xe046</value>
         <object_component_ref idref="oc-f5"/>
      </symbol>
      <symbol id="sm-3e5">
         <name>__mspabi_slli_2</name>
         <value>0xe048</value>
         <object_component_ref idref="oc-f5"/>
      </symbol>
      <symbol id="sm-3e6">
         <name>__mspabi_slli_1</name>
         <value>0xe04a</value>
         <object_component_ref idref="oc-f5"/>
      </symbol>
      <symbol id="sm-3e7">
         <name>__mspabi_slli_15</name>
         <value>0xe02e</value>
         <object_component_ref idref="oc-f5"/>
      </symbol>
      <symbol id="sm-3e8">
         <name>__mspabi_slli_14</name>
         <value>0xe030</value>
         <object_component_ref idref="oc-f5"/>
      </symbol>
      <symbol id="sm-3e9">
         <name>__mspabi_slli_13</name>
         <value>0xe032</value>
         <object_component_ref idref="oc-f5"/>
      </symbol>
      <symbol id="sm-3ea">
         <name>__mspabi_slli_12</name>
         <value>0xe034</value>
         <object_component_ref idref="oc-f5"/>
      </symbol>
      <symbol id="sm-3eb">
         <name>__mspabi_slli_11</name>
         <value>0xe036</value>
         <object_component_ref idref="oc-f5"/>
      </symbol>
      <symbol id="sm-3ec">
         <name>__mspabi_slli_10</name>
         <value>0xe038</value>
         <object_component_ref idref="oc-f5"/>
      </symbol>
      <symbol id="sm-3fc">
         <name>__mspabi_slll_9</name>
         <value>0xdf34</value>
         <object_component_ref idref="oc-2f0"/>
      </symbol>
      <symbol id="sm-3fd">
         <name>__mspabi_slll_8</name>
         <value>0xdf38</value>
         <object_component_ref idref="oc-2f0"/>
      </symbol>
      <symbol id="sm-3fe">
         <name>__mspabi_slll_7</name>
         <value>0xdf3c</value>
         <object_component_ref idref="oc-2f0"/>
      </symbol>
      <symbol id="sm-3ff">
         <name>__mspabi_slll_6</name>
         <value>0xdf40</value>
         <object_component_ref idref="oc-2f0"/>
      </symbol>
      <symbol id="sm-400">
         <name>__mspabi_slll_5</name>
         <value>0xdf44</value>
         <object_component_ref idref="oc-2f0"/>
      </symbol>
      <symbol id="sm-401">
         <name>__mspabi_slll_4</name>
         <value>0xdf48</value>
         <object_component_ref idref="oc-2f0"/>
      </symbol>
      <symbol id="sm-402">
         <name>__mspabi_slll_3</name>
         <value>0xdf4c</value>
         <object_component_ref idref="oc-2f0"/>
      </symbol>
      <symbol id="sm-403">
         <name>__mspabi_slll_2</name>
         <value>0xdf50</value>
         <object_component_ref idref="oc-2f0"/>
      </symbol>
      <symbol id="sm-404">
         <name>__mspabi_slll_1</name>
         <value>0xdf54</value>
         <object_component_ref idref="oc-2f0"/>
      </symbol>
      <symbol id="sm-405">
         <name>__mspabi_slll</name>
         <value>0xe19a</value>
         <object_component_ref idref="oc-347"/>
      </symbol>
      <symbol id="sm-406">
         <name>__mspabi_slll_15</name>
         <value>0xdf1c</value>
         <object_component_ref idref="oc-2f0"/>
      </symbol>
      <symbol id="sm-407">
         <name>__mspabi_slll_14</name>
         <value>0xdf20</value>
         <object_component_ref idref="oc-2f0"/>
      </symbol>
      <symbol id="sm-408">
         <name>__mspabi_slll_13</name>
         <value>0xdf24</value>
         <object_component_ref idref="oc-2f0"/>
      </symbol>
      <symbol id="sm-409">
         <name>__mspabi_slll_12</name>
         <value>0xdf28</value>
         <object_component_ref idref="oc-2f0"/>
      </symbol>
      <symbol id="sm-40a">
         <name>__mspabi_slll_11</name>
         <value>0xdf2c</value>
         <object_component_ref idref="oc-2f0"/>
      </symbol>
      <symbol id="sm-40b">
         <name>__mspabi_slll_10</name>
         <value>0xdf30</value>
         <object_component_ref idref="oc-2f0"/>
      </symbol>
      <symbol id="sm-413">
         <name>__mspabi_srli_8</name>
         <value>0xddf2</value>
         <object_component_ref idref="oc-fa"/>
      </symbol>
      <symbol id="sm-414">
         <name>__mspabi_srli_9</name>
         <value>0xddee</value>
         <object_component_ref idref="oc-fa"/>
      </symbol>
      <symbol id="sm-415">
         <name>__mspabi_srli_6</name>
         <value>0xddfa</value>
         <object_component_ref idref="oc-fa"/>
      </symbol>
      <symbol id="sm-416">
         <name>__mspabi_srli_7</name>
         <value>0xddf6</value>
         <object_component_ref idref="oc-fa"/>
      </symbol>
      <symbol id="sm-417">
         <name>__mspabi_srli_4</name>
         <value>0xde02</value>
         <object_component_ref idref="oc-fa"/>
      </symbol>
      <symbol id="sm-418">
         <name>__mspabi_srli_5</name>
         <value>0xddfe</value>
         <object_component_ref idref="oc-fa"/>
      </symbol>
      <symbol id="sm-419">
         <name>__mspabi_srli_2</name>
         <value>0xde0a</value>
         <object_component_ref idref="oc-fa"/>
      </symbol>
      <symbol id="sm-41a">
         <name>__mspabi_srli_3</name>
         <value>0xde06</value>
         <object_component_ref idref="oc-fa"/>
      </symbol>
      <symbol id="sm-41b">
         <name>__mspabi_srli_1</name>
         <value>0xde0e</value>
         <object_component_ref idref="oc-fa"/>
      </symbol>
      <symbol id="sm-41c">
         <name>__mspabi_srli</name>
         <value>0xddc8</value>
         <object_component_ref idref="oc-fa"/>
      </symbol>
      <symbol id="sm-41d">
         <name>__mspabi_srli_15</name>
         <value>0xddd6</value>
         <object_component_ref idref="oc-fa"/>
      </symbol>
      <symbol id="sm-41e">
         <name>__mspabi_srli_14</name>
         <value>0xddda</value>
         <object_component_ref idref="oc-fa"/>
      </symbol>
      <symbol id="sm-41f">
         <name>__mspabi_srli_13</name>
         <value>0xddde</value>
         <object_component_ref idref="oc-fa"/>
      </symbol>
      <symbol id="sm-420">
         <name>__mspabi_srli_12</name>
         <value>0xdde2</value>
         <object_component_ref idref="oc-fa"/>
      </symbol>
      <symbol id="sm-421">
         <name>__mspabi_srli_11</name>
         <value>0xdde6</value>
         <object_component_ref idref="oc-fa"/>
      </symbol>
      <symbol id="sm-422">
         <name>__mspabi_srli_10</name>
         <value>0xddea</value>
         <object_component_ref idref="oc-fa"/>
      </symbol>
      <symbol id="sm-432">
         <name>__mspabi_srll_8</name>
         <value>0xdc98</value>
         <object_component_ref idref="oc-328"/>
      </symbol>
      <symbol id="sm-433">
         <name>__mspabi_srll_9</name>
         <value>0xdc92</value>
         <object_component_ref idref="oc-328"/>
      </symbol>
      <symbol id="sm-434">
         <name>__mspabi_srll_6</name>
         <value>0xdca4</value>
         <object_component_ref idref="oc-328"/>
      </symbol>
      <symbol id="sm-435">
         <name>__mspabi_srll_7</name>
         <value>0xdc9e</value>
         <object_component_ref idref="oc-328"/>
      </symbol>
      <symbol id="sm-436">
         <name>__mspabi_srll_4</name>
         <value>0xdcb0</value>
         <object_component_ref idref="oc-328"/>
      </symbol>
      <symbol id="sm-437">
         <name>__mspabi_srll_5</name>
         <value>0xdcaa</value>
         <object_component_ref idref="oc-328"/>
      </symbol>
      <symbol id="sm-438">
         <name>__mspabi_srll_2</name>
         <value>0xdcbc</value>
         <object_component_ref idref="oc-328"/>
      </symbol>
      <symbol id="sm-439">
         <name>__mspabi_srll_3</name>
         <value>0xdcb6</value>
         <object_component_ref idref="oc-328"/>
      </symbol>
      <symbol id="sm-43a">
         <name>__mspabi_srll_1</name>
         <value>0xdcc2</value>
         <object_component_ref idref="oc-328"/>
      </symbol>
      <symbol id="sm-43b">
         <name>__mspabi_srll_15</name>
         <value>0xdc6e</value>
         <object_component_ref idref="oc-328"/>
      </symbol>
      <symbol id="sm-43c">
         <name>__mspabi_srll_14</name>
         <value>0xdc74</value>
         <object_component_ref idref="oc-328"/>
      </symbol>
      <symbol id="sm-43d">
         <name>__mspabi_srll_13</name>
         <value>0xdc7a</value>
         <object_component_ref idref="oc-328"/>
      </symbol>
      <symbol id="sm-43e">
         <name>__mspabi_srll_12</name>
         <value>0xdc80</value>
         <object_component_ref idref="oc-328"/>
      </symbol>
      <symbol id="sm-43f">
         <name>__mspabi_srll_11</name>
         <value>0xdc86</value>
         <object_component_ref idref="oc-328"/>
      </symbol>
      <symbol id="sm-440">
         <name>__mspabi_srll_10</name>
         <value>0xdc8c</value>
         <object_component_ref idref="oc-328"/>
      </symbol>
      <symbol id="sm-441">
         <name>__mspabi_srll</name>
         <value>0xe154</value>
         <object_component_ref idref="oc-322"/>
      </symbol>
      <symbol id="sm-450">
         <name>memcpy</name>
         <value>0xe166</value>
         <object_component_ref idref="oc-10f"/>
      </symbol>
      <symbol id="sm-473">
         <name>__mspabi_mpyd</name>
         <value>0xc9ee</value>
         <object_component_ref idref="oc-26f"/>
      </symbol>
      <symbol id="sm-47d">
         <name>__mspabi_mpyi_sw</name>
         <value>0xe12e</value>
         <object_component_ref idref="oc-1f1"/>
      </symbol>
      <symbol id="sm-47e">
         <name>__mspabi_mpyi</name>
         <value>0xe12e</value>
         <object_component_ref idref="oc-1f1"/>
      </symbol>
      <symbol id="sm-488">
         <name>__mspabi_mpyl_sw</name>
         <value>0xe04e</value>
         <object_component_ref idref="oc-330"/>
      </symbol>
      <symbol id="sm-489">
         <name>__mspabi_mpyl</name>
         <value>0xe04e</value>
         <object_component_ref idref="oc-330"/>
      </symbol>
      <symbol id="sm-492">
         <name>_system_pre_init</name>
         <value>0xe1f6</value>
         <object_component_ref idref="oc-12e"/>
      </symbol>
      <symbol id="sm-4a5">
         <name>__TI_renormd</name>
         <value>0xd572</value>
         <object_component_ref idref="oc-351"/>
      </symbol>
      <symbol id="sm-4b7">
         <name>__mspabi_sral</name>
         <value>0xe18a</value>
         <object_component_ref idref="oc-34c"/>
      </symbol>
      <symbol id="sm-4b8">
         <name>__mspabi_sral_15</name>
         <value>0xdede</value>
         <object_component_ref idref="oc-30e"/>
      </symbol>
      <symbol id="sm-4b9">
         <name>__mspabi_sral_14</name>
         <value>0xdee2</value>
         <object_component_ref idref="oc-30e"/>
      </symbol>
      <symbol id="sm-4ba">
         <name>__mspabi_sral_13</name>
         <value>0xdee6</value>
         <object_component_ref idref="oc-30e"/>
      </symbol>
      <symbol id="sm-4bb">
         <name>__mspabi_sral_12</name>
         <value>0xdeea</value>
         <object_component_ref idref="oc-30e"/>
      </symbol>
      <symbol id="sm-4bc">
         <name>__mspabi_sral_11</name>
         <value>0xdeee</value>
         <object_component_ref idref="oc-30e"/>
      </symbol>
      <symbol id="sm-4bd">
         <name>__mspabi_sral_10</name>
         <value>0xdef2</value>
         <object_component_ref idref="oc-30e"/>
      </symbol>
      <symbol id="sm-4be">
         <name>__mspabi_sral_8</name>
         <value>0xdefa</value>
         <object_component_ref idref="oc-30e"/>
      </symbol>
      <symbol id="sm-4bf">
         <name>__mspabi_sral_9</name>
         <value>0xdef6</value>
         <object_component_ref idref="oc-30e"/>
      </symbol>
      <symbol id="sm-4c0">
         <name>__mspabi_sral_6</name>
         <value>0xdf02</value>
         <object_component_ref idref="oc-30e"/>
      </symbol>
      <symbol id="sm-4c1">
         <name>__mspabi_sral_7</name>
         <value>0xdefe</value>
         <object_component_ref idref="oc-30e"/>
      </symbol>
      <symbol id="sm-4c2">
         <name>__mspabi_sral_4</name>
         <value>0xdf0a</value>
         <object_component_ref idref="oc-30e"/>
      </symbol>
      <symbol id="sm-4c3">
         <name>__mspabi_sral_5</name>
         <value>0xdf06</value>
         <object_component_ref idref="oc-30e"/>
      </symbol>
      <symbol id="sm-4c4">
         <name>__mspabi_sral_2</name>
         <value>0xdf12</value>
         <object_component_ref idref="oc-30e"/>
      </symbol>
      <symbol id="sm-4c5">
         <name>__mspabi_sral_3</name>
         <value>0xdf0e</value>
         <object_component_ref idref="oc-30e"/>
      </symbol>
      <symbol id="sm-4c6">
         <name>__mspabi_sral_1</name>
         <value>0xdf16</value>
         <object_component_ref idref="oc-30e"/>
      </symbol>
      <symbol id="sm-4e2">
         <name>_auto_init</name>
         <value>0xdb3c</value>
         <object_component_ref idref="oc-134"/>
      </symbol>
      <symbol id="sm-4f8">
         <name>copy_in</name>
         <value>0xdcca</value>
         <object_component_ref idref="oc-18c"/>
      </symbol>
      <symbol id="sm-508">
         <name>__TI_frcmpyd</name>
         <value>0xc768</value>
         <object_component_ref idref="oc-2db"/>
      </symbol>
      <symbol id="sm-511">
         <name>_system_post_cinit</name>
         <value>0xe1fa</value>
         <object_component_ref idref="oc-192"/>
      </symbol>
      <symbol id="sm-514">
         <name>__TI_BINIT_Base</name>
         <value>0x0</value>
      </symbol>
      <symbol id="sm-515">
         <name>__TI_BINIT_Limit</name>
         <value>0x0</value>
      </symbol>
      <symbol id="sm-516">
         <name>__TI_INITARRAY_Base</name>
         <value>0x0</value>
      </symbol>
      <symbol id="sm-517">
         <name>__TI_INITARRAY_Limit</name>
         <value>0x0</value>
      </symbol>
   </symbol_table>
   <title>Link successful</title>
</link_info>
