******************************************************************************
                  MSP430 Linker PC v16.9.6                     
******************************************************************************
>> Linked Fri Apr 13 01:12:34 2018

OUTPUT FILE NAME:   <uart-v6.out>
ENTRY POINT SYMBOL: "_c_int00_noargs_noexit"  address: 0000ede6


MEMORY CONFIGURATION

         name            origin    length      used     unused   attr    fill
----------------------  --------  ---------  --------  --------  ----  --------
  SFR                   00000000   00000010  00000000  00000010  RWIX
  PERIPHERALS_8BIT      00000010   000000f0  00000000  000000f0  RWIX
  PERIPHERALS_16BIT     00000100   00000100  00000000  00000100  RWIX
  RAM                   00000200   00000200  000000ea  00000116  RWIX
  INFOD                 00001000   00000040  00000000  00000040  RWIX
  INFOC                 00001040   00000040  00000000  00000040  RWIX
  INFOB                 00001080   00000040  00000000  00000040  RWIX
  INFOA                 000010c0   00000040  00000000  00000040  RWIX
  FLASH                 0000c000   00003fde  00002f64  0000107a  RWIX
  BSLSIGNATURE          0000ffde   00000002  00000002  00000000  RWIX  ffff 
  INT00                 0000ffe0   00000002  00000002  00000000  RWIX
  INT01                 0000ffe2   00000002  00000000  00000002  RWIX
  INT02                 0000ffe4   00000002  00000002  00000000  RWIX
  INT03                 0000ffe6   00000002  00000002  00000000  RWIX
  INT04                 0000ffe8   00000002  00000000  00000002  RWIX
  INT05                 0000ffea   00000002  00000002  00000000  RWIX
  INT06                 0000ffec   00000002  00000002  00000000  RWIX
  INT07                 0000ffee   00000002  00000002  00000000  RWIX
  INT08                 0000fff0   00000002  00000002  00000000  RWIX
  INT09                 0000fff2   00000002  00000002  00000000  RWIX
  INT10                 0000fff4   00000002  00000002  00000000  RWIX
  INT11                 0000fff6   00000002  00000002  00000000  RWIX
  INT12                 0000fff8   00000002  00000002  00000000  RWIX
  INT13                 0000fffa   00000002  00000002  00000000  RWIX
  INT14                 0000fffc   00000002  00000002  00000000  RWIX
  RESET                 0000fffe   00000002  00000002  00000000  RWIX


SECTION ALLOCATION MAP

 output                                  attributes/
section   page    origin      length       input sections
--------  ----  ----------  ----------   ----------------
.bss       0    00000200    00000070     UNINITIALIZED
                  00000200    00000064     (.common:ReceivedString)
                  00000264    0000000c     (.common:dis)

.data      0    00000270    0000002a     UNINITIALIZED
                  00000270    00000008     functions.obj (.data)
                  00000278    00000008     main.obj (.data:w2)
                  00000280    00000008     main.obj (.data:w3)
                  00000288    00000006     main.obj (.data:RSSI)
                  0000028e    00000006     main.obj (.data:SSID)
                  00000294    00000004     main.obj (.data)
                  00000298    00000002     rts430_eabi.lib : errno.obj (.data)

.stack     0    000003b0    00000050     UNINITIALIZED
                  000003b0    00000002     rts430_eabi.lib : boot.obj (.stack)
                  000003b2    0000004e     --HOLE--

.text      0    0000c000    00002ee2     
                  0000c000    00000a60     rts430_eabi.lib : e_powf.obj (.text:powf)
                  0000ca60    00000480                     : frcdivd.obj (.text:__TI_frcdivd)
                  0000cee0    000002e8                     : addd.obj (.text:__mspabi_addd)
                  0000d1c8    000002c2     functions.obj (.text:CalculatPosition)
                  0000d48a    00000286     rts430_eabi.lib : frcmpyd.obj (.text:__TI_frcmpyd)
                  0000d710    0000026e                     : mpyd.obj (.text:__mspabi_mpyd)
                  0000d97e    00000260                     : frcaddd.obj (.text:__TI_frcaddd)
                  0000dbde    00000238                     : divd.obj (.text:__mspabi_divd)
                  0000de16    0000013c                     : e_sqrtf.obj (.text:sqrtf)
                  0000df52    00000132                     : fs_add.obj (.text)
                  0000e084    00000128                     : s_scalbnf.obj (.text:scalbnf)
                  0000e1ac    000000e6     main.obj (.text:main)
                  0000e292    000000c4     rts430_eabi.lib : fs_mpy.obj (.text)
                  0000e356    000000be                     : renormd.obj (.text:__TI_renormd)
                  0000e414    000000ac     functions.obj (.text:UART_SendFloat)
                  0000e4c0    000000ac     rts430_eabi.lib : fltlid.obj (.text:__mspabi_fltlid)
                  0000e56c    0000009c                     : fs_div.obj (.text)
                  0000e608    0000008c                     : cvtdf.obj (.text:__mspabi_cvtdf)
                  0000e694    00000080     functions.obj (.text:UART_SendInt)
                  0000e714    0000007c     rts430_eabi.lib : copy_decompress_lzss.obj (.text:decompress:lzss:__TI_decompress_lzss)
                  0000e790    00000074                     : fixdul.obj (.text:__mspabi_fixdul)
                  0000e804    00000072                     : cvtfd.obj (.text:__mspabi_cvtfd)
                  0000e876    0000006e                     : autoinit.obj (.text:_auto_init)
                  0000e8e4    00000062     functions.obj (.text:distance)
                  0000e946    0000005c     rts430_eabi.lib : lsr32.obj (.text:l_lsr_const)
                  0000e9a2    0000005a                     : cpy_tbl.obj (.text:copy_in)
                  0000e9fc    00000058                     : div32u.obj (.text)
                  0000ea54    0000004c                     : fs_toul.obj (.text)
                  0000eaa0    0000004c                     : lsr16.obj (.text)
                  0000eaec    0000004a                     : fs_cmp.obj (.text)
                  0000eb36    0000004a                     : fs_ltof.obj (.text)
                  0000eb80    00000042     functions.obj (.text:Get_RSSI)
                  0000ebc2    0000003e     main.obj (.text:USCI0RX_ISR)
                  0000ec00    0000003e     rts430_eabi.lib : asr32.obj (.text:l_asr_const)
                  0000ec3e    0000003e                     : lsl32.obj (.text:l_lsl_const)
                  0000ec7c    00000032                     : fs_ultof.obj (.text)
                  0000ecae    0000002e                     : subd.obj (.text:__mspabi_subd)
                  0000ecdc    0000002c                     : asr16.obj (.text)
                  0000ed08    0000002c                     : lsl16.obj (.text)
                  0000ed34    00000026                     : mult32.obj (.text)
                  0000ed5a    00000020     functions.obj (.text:Config_USCI)
                  0000ed7a    0000001c     functions.obj (.text:Config_Clock)
                  0000ed96    0000001c     functions.obj (.text:UART_SendString)
                  0000edb2    0000001a     functions.obj (.text:Config_Pins)
                  0000edcc    0000001a     functions.obj (.text:SendCommand)
                  0000ede6    0000001a     rts430_eabi.lib : boot_special.obj (.text:_c_int00_noargs_noexit)
                  0000ee00    00000014                     : copy_zero_init.obj (.text:decompress:ZI:__TI_zero_init)
                  0000ee14    00000014                     : mult16.obj (.text)
                  0000ee28    00000012                     : s_copysignf.obj (.text:copysignf)
                  0000ee3a    00000012                     : copy_decompress_none.obj (.text:decompress:none:__TI_decompress_none)
                  0000ee4c    00000012                     : lsr32.obj (.text:l_lsr)
                  0000ee5e    00000012                     : memcpy.obj (.text:memcpy)
                  0000ee70    00000010                     : asr32.obj (.text:l_asr)
                  0000ee80    00000010                     : lsl32.obj (.text:l_lsl)
                  0000ee90    00000010                     : epilog.obj (.text)
                  0000eea0    0000000c     functions.obj (.text:UART_GetChar)
                  0000eeac    0000000c     functions.obj (.text:UART_SendChar)
                  0000eeb8    0000000c     rts430_eabi.lib : fltid.obj (.text:__mspabi_fltid)
                  0000eec4    0000000a                     : fs_neg.obj (.text)
                  0000eece    00000008                     : isr_trap.obj (.text:_isr:__TI_ISR_TRAP)
                  0000eed6    00000006                     : exit.obj (.text:abort)
                  0000eedc    00000004                     : pre_init.obj (.text:_system_pre_init)
                  0000eee0    00000002                     : startup.obj (.text:_system_post_cinit)

.binit     0    0000c000    00000000     

.const     0    0000eee2    00000050     
                  0000eee2    00000028     main.obj (.const:.string)
                  0000ef0a    00000010     functions.obj (.const:.string)
                  0000ef1a    00000008     rts430_eabi.lib : e_powf.obj (.const:bp)
                  0000ef22    00000008                     : e_powf.obj (.const:dp_h)
                  0000ef2a    00000008                     : e_powf.obj (.const:dp_l)

.cinit     0    0000ef32    00000032     
                  0000ef32    00000020     (.cinit..data.load) [load image, compression = lzss]
                  0000ef52    00000006     (__TI_handler_table)
                  0000ef58    00000004     (.cinit..bss.load) [load image, compression = zero_init]
                  0000ef5c    00000008     (__TI_cinit_table)

.init_array 
*          0    0000c000    00000000     UNINITIALIZED

TRAPINT    0    0000ffe0    00000002     
                  0000ffe0    00000002     rts430_eabi.lib : int00.obj (.int00)

PORT1      0    0000ffe4    00000002     
                  0000ffe4    00000002     rts430_eabi.lib : int02.obj (.int02)

PORT2      0    0000ffe6    00000002     
                  0000ffe6    00000002     rts430_eabi.lib : int03.obj (.int03)

$fill000   0    0000ffde    00000002     
                  0000ffde    00000002     --HOLE-- [fill = ffff]

ADC10      0    0000ffea    00000002     
                  0000ffea    00000002     rts430_eabi.lib : int05.obj (.int05)

USCIAB0TX 
*          0    0000ffec    00000002     
                  0000ffec    00000002     rts430_eabi.lib : int06.obj (.int06)

USCIAB0RX 
*          0    0000ffee    00000002     
                  0000ffee    00000002     main.obj (.int07)

TIMER0_A1 
*          0    0000fff0    00000002     
                  0000fff0    00000002     rts430_eabi.lib : int08.obj (.int08)

TIMER0_A0 
*          0    0000fff2    00000002     
                  0000fff2    00000002     rts430_eabi.lib : int09.obj (.int09)

WDT        0    0000fff4    00000002     
                  0000fff4    00000002     rts430_eabi.lib : int10.obj (.int10)

COMPARATORA 
*          0    0000fff6    00000002     
                  0000fff6    00000002     rts430_eabi.lib : int11.obj (.int11)

TIMER1_A1 
*          0    0000fff8    00000002     
                  0000fff8    00000002     rts430_eabi.lib : int12.obj (.int12)

TIMER1_A0 
*          0    0000fffa    00000002     
                  0000fffa    00000002     rts430_eabi.lib : int13.obj (.int13)

NMI        0    0000fffc    00000002     
                  0000fffc    00000002     rts430_eabi.lib : int14.obj (.int14)

.reset     0    0000fffe    00000002     
                  0000fffe    00000002     rts430_eabi.lib : boot.obj (.reset)

MODULE SUMMARY

       Module                     code    ro data   rw data
       ------                     ----    -------   -------
    .\
       functions.obj              1334    16        20     
       main.obj                   292     42        132    
    +--+--------------------------+-------+---------+---------+
       Total:                     1626    58        152    
                                                           
    D:\TI\ccsv7\tools\compiler\ti-cgt-msp430_16.9.6.LTS\lib\rts430_eabi.lib
       e_powf.obj                 2656    24        0      
       frcdivd.obj                1152    0         0      
       addd.obj                   744     0         0      
       frcmpyd.obj                646     0         0      
       mpyd.obj                   622     0         0      
       frcaddd.obj                608     0         0      
       divd.obj                   568     0         0      
       e_sqrtf.obj                316     0         0      
       fs_add.obj                 306     0         0      
       s_scalbnf.obj              296     0         0      
       fs_mpy.obj                 196     0         0      
       renormd.obj                190     0         0      
       fltlid.obj                 172     0         0      
       fs_div.obj                 156     0         0      
       cvtdf.obj                  140     0         0      
       copy_decompress_lzss.obj   124     0         0      
       fixdul.obj                 116     0         0      
       cvtfd.obj                  114     0         0      
       autoinit.obj               110     0         0      
       lsr32.obj                  110     0         0      
       cpy_tbl.obj                90      0         0      
       div32u.obj                 88      0         0      
       asr32.obj                  78      0         0      
       lsl32.obj                  78      0         0      
       fs_toul.obj                76      0         0      
       lsr16.obj                  76      0         0      
       fs_cmp.obj                 74      0         0      
       fs_ltof.obj                74      0         0      
       fs_ultof.obj               50      0         0      
       subd.obj                   46      0         0      
       asr16.obj                  44      0         0      
       lsl16.obj                  44      0         0      
       mult32.obj                 38      0         0      
       boot_special.obj           26      0         0      
       copy_zero_init.obj         20      0         0      
       mult16.obj                 20      0         0      
       copy_decompress_none.obj   18      0         0      
       memcpy.obj                 18      0         0      
       s_copysignf.obj            18      0         0      
       epilog.obj                 16      0         0      
       fltid.obj                  12      0         0      
       fs_neg.obj                 10      0         0      
       isr_trap.obj               8       0         0      
       exit.obj                   6       0         0      
       pre_init.obj               4       0         0      
       boot.obj                   0       2         0      
       errno.obj                  0       0         2      
       int00.obj                  0       2         0      
       int02.obj                  0       2         0      
       int03.obj                  0       2         0      
       int05.obj                  0       2         0      
       int06.obj                  0       2         0      
       int08.obj                  0       2         0      
       int09.obj                  0       2         0      
       int10.obj                  0       2         0      
       int11.obj                  0       2         0      
       int12.obj                  0       2         0      
       int13.obj                  0       2         0      
       int14.obj                  0       2         0      
       startup.obj                2       0         0      
    +--+--------------------------+-------+---------+---------+
       Total:                     10376   50        2      
                                                           
       Stack:                     0       0         80     
       Linker Generated:          0       50        0      
    +--+--------------------------+-------+---------+---------+
       Grand Total:               12002   158       234    


LINKER GENERATED COPY TABLES

__TI_cinit_table @ 0000ef5c records: 2, size/record: 4, table size: 8
	.data: load addr=0000ef32, load size=00000020 bytes, run addr=00000270, run size=0000002a bytes, compression=lzss
	.bss: load addr=0000ef58, load size=00000004 bytes, run addr=00000200, run size=00000070 bytes, compression=zero_init


LINKER GENERATED HANDLER TABLE

__TI_handler_table @ 0000ef52 records: 3, size/record: 2, table size: 6
	index: 0, handler: __TI_zero_init
	index: 1, handler: __TI_decompress_lzss
	index: 2, handler: __TI_decompress_none


GLOBAL SYMBOLS: SORTED ALPHABETICALLY BY Name 

address   name                    
-------   ----                    
0000004a  ADC10AE0                
000001b0  ADC10CTL0               
000001b2  ADC10CTL1               
00000048  ADC10DTC0               
00000049  ADC10DTC1               
000001b4  ADC10MEM                
000001bc  ADC10SA                 
00000057  BCSCTL1                 
00000058  BCSCTL2                 
00000053  BCSCTL3                 
0000eed6  C$$EXIT                 
00000059  CACTL1                  
0000005a  CACTL2                  
000010fb  CALBC1_12MHZ            
000010f9  CALBC1_16MHZ            
000010ff  CALBC1_1MHZ             
000010fd  CALBC1_8MHZ             
000010fa  CALDCO_12MHZ            
000010f8  CALDCO_16MHZ            
000010fe  CALDCO_1MHZ             
000010fc  CALDCO_8MHZ             
0000005b  CAPD                    
0000d1c8  CalculatPosition        
0000ed7a  Config_Clock            
0000edb2  Config_Pins             
0000ed5a  Config_USCI             
00000056  DCOCTL                  
00000128  FCTL1                   
0000012a  FCTL2                   
0000012c  FCTL3                   
0000eb80  Get_RSSI                
00000000  IE1                     
00000001  IE2                     
00000002  IFG1                    
00000003  IFG2                    
00000022  P1DIR                   
00000025  P1IE                    
00000024  P1IES                   
00000023  P1IFG                   
00000020  P1IN                    
00000021  P1OUT                   
00000027  P1REN                   
00000026  P1SEL                   
00000041  P1SEL2                  
0000002a  P2DIR                   
0000002d  P2IE                    
0000002c  P2IES                   
0000002b  P2IFG                   
00000028  P2IN                    
00000029  P2OUT                   
0000002f  P2REN                   
0000002e  P2SEL                   
00000042  P2SEL2                  
0000001a  P3DIR                   
00000018  P3IN                    
00000019  P3OUT                   
00000010  P3REN                   
0000001b  P3SEL                   
00000043  P3SEL2                  
00000288  RSSI                    
00000200  ReceivedString          
0000028e  SSID                    
0000edcc  SendCommand             
00000172  TA0CCR0                 
00000174  TA0CCR1                 
00000176  TA0CCR2                 
00000162  TA0CCTL0                
00000164  TA0CCTL1                
00000166  TA0CCTL2                
00000160  TA0CTL                  
0000012e  TA0IV                   
00000170  TA0R                    
00000192  TA1CCR0                 
00000194  TA1CCR1                 
00000196  TA1CCR2                 
00000182  TA1CCTL0                
00000184  TA1CCTL1                
00000186  TA1CCTL2                
00000180  TA1CTL                  
0000011e  TA1IV                   
00000190  TA1R                    
000010db  TLV_ADC10_1_LEN         
000010da  TLV_ADC10_1_TAG         
000010c0  TLV_CHECKSUM            
000010f7  TLV_DCO_30_LEN          
000010f6  TLV_DCO_30_TAG          
0000eea0  UART_GetChar            
0000eeac  UART_SendChar           
0000e414  UART_SendFloat          
0000e694  UART_SendInt            
0000ed96  UART_SendString         
0000005d  UCA0ABCTL               
00000062  UCA0BR0                 
00000063  UCA0BR1                 
00000060  UCA0CTL0                
00000061  UCA0CTL1                
0000005f  UCA0IRRCTL              
0000005e  UCA0IRTCTL              
00000064  UCA0MCTL                
00000066  UCA0RXBUF               
00000065  UCA0STAT                
00000067  UCA0TXBUF               
0000006a  UCB0BR0                 
0000006b  UCB0BR1                 
00000068  UCB0CTL0                
00000069  UCB0CTL1                
0000006c  UCB0I2CIE               
00000118  UCB0I2COA               
0000011a  UCB0I2CSA               
0000006e  UCB0RXBUF               
0000006d  UCB0STAT                
0000006f  UCB0TXBUF               
0000ebc2  USCI0RX_ISR             
00000120  WDTCTL                  
00000400  __STACK_END             
00000050  __STACK_SIZE            
UNDEFED   __TI_BINIT_Base         
UNDEFED   __TI_BINIT_Limit        
0000ef5c  __TI_CINIT_Base         
0000ef64  __TI_CINIT_Limit        
0000ef52  __TI_Handler_Table_Base 
0000ef58  __TI_Handler_Table_Limit
UNDEFED   __TI_INITARRAY_Base     
UNDEFED   __TI_INITARRAY_Limit    
0000eece  __TI_ISR_TRAP           
0000e714  __TI_decompress_lzss    
0000ee3a  __TI_decompress_none    
0000d97e  __TI_frcaddd            
0000ca60  __TI_frcdivd            
0000d48a  __TI_frcmpyd            
0000ffe0  __TI_int00              
0000ffe4  __TI_int02              
0000ffe6  __TI_int03              
0000ffea  __TI_int05              
0000ffec  __TI_int06              
0000ffee  __TI_int07              
0000fff0  __TI_int08              
0000fff2  __TI_int09              
0000fff4  __TI_int10              
0000fff6  __TI_int11              
0000fff8  __TI_int12              
0000fffa  __TI_int13              
0000fffc  __TI_int14              
ffffffff  __TI_pprof_out_hndl     
ffffffff  __TI_prof_data_size     
ffffffff  __TI_prof_data_start    
0000e356  __TI_renormd            
0000ee00  __TI_zero_init          
ffffffff  __c_args__              
0000cee0  __mspabi_addd           
0000df58  __mspabi_addf           
0000eaec  __mspabi_cmpf           
0000e608  __mspabi_cvtdf          
0000e804  __mspabi_cvtfd          
0000dbde  __mspabi_divd           
0000e56c  __mspabi_divf           
0000e9fc  __mspabi_divul          
0000e790  __mspabi_fixdul         
0000ea54  __mspabi_fixful         
0000eeb8  __mspabi_fltid          
0000e4c0  __mspabi_fltlid         
0000eb36  __mspabi_fltlif         
0000ec7c  __mspabi_fltulf         
0000ee9c  __mspabi_func_epilog_1  
0000ee9a  __mspabi_func_epilog_2  
0000ee98  __mspabi_func_epilog_3  
0000ee96  __mspabi_func_epilog_4  
0000ee94  __mspabi_func_epilog_5  
0000ee92  __mspabi_func_epilog_6  
0000ee90  __mspabi_func_epilog_7  
0000d710  __mspabi_mpyd           
0000e292  __mspabi_mpyf           
0000ee14  __mspabi_mpyi           
0000ee14  __mspabi_mpyi_sw        
0000ed34  __mspabi_mpyl           
0000ed34  __mspabi_mpyl_sw        
0000eec4  __mspabi_negf           
0000e9fc  __mspabi_remul          
0000ed08  __mspabi_slli           
0000ed30  __mspabi_slli_1         
0000ed1e  __mspabi_slli_10        
0000ed1c  __mspabi_slli_11        
0000ed1a  __mspabi_slli_12        
0000ed18  __mspabi_slli_13        
0000ed16  __mspabi_slli_14        
0000ed14  __mspabi_slli_15        
0000ed2e  __mspabi_slli_2         
0000ed2c  __mspabi_slli_3         
0000ed2a  __mspabi_slli_4         
0000ed28  __mspabi_slli_5         
0000ed26  __mspabi_slli_6         
0000ed24  __mspabi_slli_7         
0000ed22  __mspabi_slli_8         
0000ed20  __mspabi_slli_9         
0000ee80  __mspabi_slll           
0000ec76  __mspabi_slll_1         
0000ec52  __mspabi_slll_10        
0000ec4e  __mspabi_slll_11        
0000ec4a  __mspabi_slll_12        
0000ec46  __mspabi_slll_13        
0000ec42  __mspabi_slll_14        
0000ec3e  __mspabi_slll_15        
0000ec72  __mspabi_slll_2         
0000ec6e  __mspabi_slll_3         
0000ec6a  __mspabi_slll_4         
0000ec66  __mspabi_slll_5         
0000ec62  __mspabi_slll_6         
0000ec5e  __mspabi_slll_7         
0000ec5a  __mspabi_slll_8         
0000ec56  __mspabi_slll_9         
0000ecdc  __mspabi_srai           
0000ed04  __mspabi_srai_1         
0000ecf2  __mspabi_srai_10        
0000ecf0  __mspabi_srai_11        
0000ecee  __mspabi_srai_12        
0000ecec  __mspabi_srai_13        
0000ecea  __mspabi_srai_14        
0000ece8  __mspabi_srai_15        
0000ed02  __mspabi_srai_2         
0000ed00  __mspabi_srai_3         
0000ecfe  __mspabi_srai_4         
0000ecfc  __mspabi_srai_5         
0000ecfa  __mspabi_srai_6         
0000ecf8  __mspabi_srai_7         
0000ecf6  __mspabi_srai_8         
0000ecf4  __mspabi_srai_9         
0000ee70  __mspabi_sral           
0000ec38  __mspabi_sral_1         
0000ec14  __mspabi_sral_10        
0000ec10  __mspabi_sral_11        
0000ec0c  __mspabi_sral_12        
0000ec08  __mspabi_sral_13        
0000ec04  __mspabi_sral_14        
0000ec00  __mspabi_sral_15        
0000ec34  __mspabi_sral_2         
0000ec30  __mspabi_sral_3         
0000ec2c  __mspabi_sral_4         
0000ec28  __mspabi_sral_5         
0000ec24  __mspabi_sral_6         
0000ec20  __mspabi_sral_7         
0000ec1c  __mspabi_sral_8         
0000ec18  __mspabi_sral_9         
0000eaa0  __mspabi_srli           
0000eae6  __mspabi_srli_1         
0000eac2  __mspabi_srli_10        
0000eabe  __mspabi_srli_11        
0000eaba  __mspabi_srli_12        
0000eab6  __mspabi_srli_13        
0000eab2  __mspabi_srli_14        
0000eaae  __mspabi_srli_15        
0000eae2  __mspabi_srli_2         
0000eade  __mspabi_srli_3         
0000eada  __mspabi_srli_4         
0000ead6  __mspabi_srli_5         
0000ead2  __mspabi_srli_6         
0000eace  __mspabi_srli_7         
0000eaca  __mspabi_srli_8         
0000eac6  __mspabi_srli_9         
0000ee4c  __mspabi_srll           
0000e99a  __mspabi_srll_1         
0000e964  __mspabi_srll_10        
0000e95e  __mspabi_srll_11        
0000e958  __mspabi_srll_12        
0000e952  __mspabi_srll_13        
0000e94c  __mspabi_srll_14        
0000e946  __mspabi_srll_15        
0000e994  __mspabi_srll_2         
0000e98e  __mspabi_srll_3         
0000e988  __mspabi_srll_4         
0000e982  __mspabi_srll_5         
0000e97c  __mspabi_srll_6         
0000e976  __mspabi_srll_7         
0000e970  __mspabi_srll_8         
0000e96a  __mspabi_srll_9         
0000ecae  __mspabi_subd           
0000df52  __mspabi_subf           
0000e876  _auto_init              
0000ede6  _c_int00_noargs_noexit  
0000fffe  _reset_vector           
000003b0  _stack                  
0000eee0  _system_post_cinit      
0000eedc  _system_pre_init        
0000eed6  abort                   
0000e9a2  copy_in                 
0000ee28  copysignf               
00000264  dis                     
0000e8e4  distance                
00000296  endString               
00000298  errno                   
00000294  i                       
0000e084  ldexpf                  
0000e1ac  main                    
0000ee5e  memcpy                  
0000c000  powf                    
0000e084  scalbnf                 
0000de16  sqrtf                   
00000278  w2                      
00000280  w3                      
00000270  x                       
00000274  y                       


GLOBAL SYMBOLS: SORTED BY Symbol Address 

address   name                    
-------   ----                    
00000000  IE1                     
00000001  IE2                     
00000002  IFG1                    
00000003  IFG2                    
00000010  P3REN                   
00000018  P3IN                    
00000019  P3OUT                   
0000001a  P3DIR                   
0000001b  P3SEL                   
00000020  P1IN                    
00000021  P1OUT                   
00000022  P1DIR                   
00000023  P1IFG                   
00000024  P1IES                   
00000025  P1IE                    
00000026  P1SEL                   
00000027  P1REN                   
00000028  P2IN                    
00000029  P2OUT                   
0000002a  P2DIR                   
0000002b  P2IFG                   
0000002c  P2IES                   
0000002d  P2IE                    
0000002e  P2SEL                   
0000002f  P2REN                   
00000041  P1SEL2                  
00000042  P2SEL2                  
00000043  P3SEL2                  
00000048  ADC10DTC0               
00000049  ADC10DTC1               
0000004a  ADC10AE0                
00000050  __STACK_SIZE            
00000053  BCSCTL3                 
00000056  DCOCTL                  
00000057  BCSCTL1                 
00000058  BCSCTL2                 
00000059  CACTL1                  
0000005a  CACTL2                  
0000005b  CAPD                    
0000005d  UCA0ABCTL               
0000005e  UCA0IRTCTL              
0000005f  UCA0IRRCTL              
00000060  UCA0CTL0                
00000061  UCA0CTL1                
00000062  UCA0BR0                 
00000063  UCA0BR1                 
00000064  UCA0MCTL                
00000065  UCA0STAT                
00000066  UCA0RXBUF               
00000067  UCA0TXBUF               
00000068  UCB0CTL0                
00000069  UCB0CTL1                
0000006a  UCB0BR0                 
0000006b  UCB0BR1                 
0000006c  UCB0I2CIE               
0000006d  UCB0STAT                
0000006e  UCB0RXBUF               
0000006f  UCB0TXBUF               
00000118  UCB0I2COA               
0000011a  UCB0I2CSA               
0000011e  TA1IV                   
00000120  WDTCTL                  
00000128  FCTL1                   
0000012a  FCTL2                   
0000012c  FCTL3                   
0000012e  TA0IV                   
00000160  TA0CTL                  
00000162  TA0CCTL0                
00000164  TA0CCTL1                
00000166  TA0CCTL2                
00000170  TA0R                    
00000172  TA0CCR0                 
00000174  TA0CCR1                 
00000176  TA0CCR2                 
00000180  TA1CTL                  
00000182  TA1CCTL0                
00000184  TA1CCTL1                
00000186  TA1CCTL2                
00000190  TA1R                    
00000192  TA1CCR0                 
00000194  TA1CCR1                 
00000196  TA1CCR2                 
000001b0  ADC10CTL0               
000001b2  ADC10CTL1               
000001b4  ADC10MEM                
000001bc  ADC10SA                 
00000200  ReceivedString          
00000264  dis                     
00000270  x                       
00000274  y                       
00000278  w2                      
00000280  w3                      
00000288  RSSI                    
0000028e  SSID                    
00000294  i                       
00000296  endString               
00000298  errno                   
000003b0  _stack                  
00000400  __STACK_END             
000010c0  TLV_CHECKSUM            
000010da  TLV_ADC10_1_TAG         
000010db  TLV_ADC10_1_LEN         
000010f6  TLV_DCO_30_TAG          
000010f7  TLV_DCO_30_LEN          
000010f8  CALDCO_16MHZ            
000010f9  CALBC1_16MHZ            
000010fa  CALDCO_12MHZ            
000010fb  CALBC1_12MHZ            
000010fc  CALDCO_8MHZ             
000010fd  CALBC1_8MHZ             
000010fe  CALDCO_1MHZ             
000010ff  CALBC1_1MHZ             
0000c000  powf                    
0000ca60  __TI_frcdivd            
0000cee0  __mspabi_addd           
0000d1c8  CalculatPosition        
0000d48a  __TI_frcmpyd            
0000d710  __mspabi_mpyd           
0000d97e  __TI_frcaddd            
0000dbde  __mspabi_divd           
0000de16  sqrtf                   
0000df52  __mspabi_subf           
0000df58  __mspabi_addf           
0000e084  ldexpf                  
0000e084  scalbnf                 
0000e1ac  main                    
0000e292  __mspabi_mpyf           
0000e356  __TI_renormd            
0000e414  UART_SendFloat          
0000e4c0  __mspabi_fltlid         
0000e56c  __mspabi_divf           
0000e608  __mspabi_cvtdf          
0000e694  UART_SendInt            
0000e714  __TI_decompress_lzss    
0000e790  __mspabi_fixdul         
0000e804  __mspabi_cvtfd          
0000e876  _auto_init              
0000e8e4  distance                
0000e946  __mspabi_srll_15        
0000e94c  __mspabi_srll_14        
0000e952  __mspabi_srll_13        
0000e958  __mspabi_srll_12        
0000e95e  __mspabi_srll_11        
0000e964  __mspabi_srll_10        
0000e96a  __mspabi_srll_9         
0000e970  __mspabi_srll_8         
0000e976  __mspabi_srll_7         
0000e97c  __mspabi_srll_6         
0000e982  __mspabi_srll_5         
0000e988  __mspabi_srll_4         
0000e98e  __mspabi_srll_3         
0000e994  __mspabi_srll_2         
0000e99a  __mspabi_srll_1         
0000e9a2  copy_in                 
0000e9fc  __mspabi_divul          
0000e9fc  __mspabi_remul          
0000ea54  __mspabi_fixful         
0000eaa0  __mspabi_srli           
0000eaae  __mspabi_srli_15        
0000eab2  __mspabi_srli_14        
0000eab6  __mspabi_srli_13        
0000eaba  __mspabi_srli_12        
0000eabe  __mspabi_srli_11        
0000eac2  __mspabi_srli_10        
0000eac6  __mspabi_srli_9         
0000eaca  __mspabi_srli_8         
0000eace  __mspabi_srli_7         
0000ead2  __mspabi_srli_6         
0000ead6  __mspabi_srli_5         
0000eada  __mspabi_srli_4         
0000eade  __mspabi_srli_3         
0000eae2  __mspabi_srli_2         
0000eae6  __mspabi_srli_1         
0000eaec  __mspabi_cmpf           
0000eb36  __mspabi_fltlif         
0000eb80  Get_RSSI                
0000ebc2  USCI0RX_ISR             
0000ec00  __mspabi_sral_15        
0000ec04  __mspabi_sral_14        
0000ec08  __mspabi_sral_13        
0000ec0c  __mspabi_sral_12        
0000ec10  __mspabi_sral_11        
0000ec14  __mspabi_sral_10        
0000ec18  __mspabi_sral_9         
0000ec1c  __mspabi_sral_8         
0000ec20  __mspabi_sral_7         
0000ec24  __mspabi_sral_6         
0000ec28  __mspabi_sral_5         
0000ec2c  __mspabi_sral_4         
0000ec30  __mspabi_sral_3         
0000ec34  __mspabi_sral_2         
0000ec38  __mspabi_sral_1         
0000ec3e  __mspabi_slll_15        
0000ec42  __mspabi_slll_14        
0000ec46  __mspabi_slll_13        
0000ec4a  __mspabi_slll_12        
0000ec4e  __mspabi_slll_11        
0000ec52  __mspabi_slll_10        
0000ec56  __mspabi_slll_9         
0000ec5a  __mspabi_slll_8         
0000ec5e  __mspabi_slll_7         
0000ec62  __mspabi_slll_6         
0000ec66  __mspabi_slll_5         
0000ec6a  __mspabi_slll_4         
0000ec6e  __mspabi_slll_3         
0000ec72  __mspabi_slll_2         
0000ec76  __mspabi_slll_1         
0000ec7c  __mspabi_fltulf         
0000ecae  __mspabi_subd           
0000ecdc  __mspabi_srai           
0000ece8  __mspabi_srai_15        
0000ecea  __mspabi_srai_14        
0000ecec  __mspabi_srai_13        
0000ecee  __mspabi_srai_12        
0000ecf0  __mspabi_srai_11        
0000ecf2  __mspabi_srai_10        
0000ecf4  __mspabi_srai_9         
0000ecf6  __mspabi_srai_8         
0000ecf8  __mspabi_srai_7         
0000ecfa  __mspabi_srai_6         
0000ecfc  __mspabi_srai_5         
0000ecfe  __mspabi_srai_4         
0000ed00  __mspabi_srai_3         
0000ed02  __mspabi_srai_2         
0000ed04  __mspabi_srai_1         
0000ed08  __mspabi_slli           
0000ed14  __mspabi_slli_15        
0000ed16  __mspabi_slli_14        
0000ed18  __mspabi_slli_13        
0000ed1a  __mspabi_slli_12        
0000ed1c  __mspabi_slli_11        
0000ed1e  __mspabi_slli_10        
0000ed20  __mspabi_slli_9         
0000ed22  __mspabi_slli_8         
0000ed24  __mspabi_slli_7         
0000ed26  __mspabi_slli_6         
0000ed28  __mspabi_slli_5         
0000ed2a  __mspabi_slli_4         
0000ed2c  __mspabi_slli_3         
0000ed2e  __mspabi_slli_2         
0000ed30  __mspabi_slli_1         
0000ed34  __mspabi_mpyl           
0000ed34  __mspabi_mpyl_sw        
0000ed5a  Config_USCI             
0000ed7a  Config_Clock            
0000ed96  UART_SendString         
0000edb2  Config_Pins             
0000edcc  SendCommand             
0000ede6  _c_int00_noargs_noexit  
0000ee00  __TI_zero_init          
0000ee14  __mspabi_mpyi           
0000ee14  __mspabi_mpyi_sw        
0000ee28  copysignf               
0000ee3a  __TI_decompress_none    
0000ee4c  __mspabi_srll           
0000ee5e  memcpy                  
0000ee70  __mspabi_sral           
0000ee80  __mspabi_slll           
0000ee90  __mspabi_func_epilog_7  
0000ee92  __mspabi_func_epilog_6  
0000ee94  __mspabi_func_epilog_5  
0000ee96  __mspabi_func_epilog_4  
0000ee98  __mspabi_func_epilog_3  
0000ee9a  __mspabi_func_epilog_2  
0000ee9c  __mspabi_func_epilog_1  
0000eea0  UART_GetChar            
0000eeac  UART_SendChar           
0000eeb8  __mspabi_fltid          
0000eec4  __mspabi_negf           
0000eece  __TI_ISR_TRAP           
0000eed6  C$$EXIT                 
0000eed6  abort                   
0000eedc  _system_pre_init        
0000eee0  _system_post_cinit      
0000ef52  __TI_Handler_Table_Base 
0000ef58  __TI_Handler_Table_Limit
0000ef5c  __TI_CINIT_Base         
0000ef64  __TI_CINIT_Limit        
0000ffe0  __TI_int00              
0000ffe4  __TI_int02              
0000ffe6  __TI_int03              
0000ffea  __TI_int05              
0000ffec  __TI_int06              
0000ffee  __TI_int07              
0000fff0  __TI_int08              
0000fff2  __TI_int09              
0000fff4  __TI_int10              
0000fff6  __TI_int11              
0000fff8  __TI_int12              
0000fffa  __TI_int13              
0000fffc  __TI_int14              
0000fffe  _reset_vector           
ffffffff  __TI_pprof_out_hndl     
ffffffff  __TI_prof_data_size     
ffffffff  __TI_prof_data_start    
ffffffff  __c_args__              
UNDEFED   __TI_BINIT_Base         
UNDEFED   __TI_BINIT_Limit        
UNDEFED   __TI_INITARRAY_Base     
UNDEFED   __TI_INITARRAY_Limit    

[300 symbols]
